******************************************************************************
                  MSP430 Linker PC v4.3.4                      
******************************************************************************
>> Linked Tue Oct 28 23:07:50 2014

OUTPUT FILE NAME:   <RW_P2P_CE_2.out>
ENTRY POINT SYMBOL: "_c_int00"  address: 00004bd8


MEMORY CONFIGURATION

         name            origin    length      used     unused   attr    fill
----------------------  --------  ---------  --------  --------  ----  --------
  SFR                   00000000   00000010  00000000  00000010  RWIX
  PERIPHERALS_8BIT      00000010   000000f0  00000000  000000f0  RWIX
  PERIPHERALS_16BIT     00000100   00000100  00000000  00000100  RWIX
  INFOD                 00001800   00000080  00000000  00000080  RWIX
  INFOC                 00001880   00000080  00000000  00000080  RWIX
  INFOB                 00001900   00000080  00000000  00000080  RWIX
  INFOA                 00001980   00000080  00000000  00000080  RWIX
  USBRAM                00001c00   00000800  00000000  00000800  RWIX
  RAM                   00002400   00002000  000015de  00000a22  RWIX
  FLASH                 00004400   0000bb80  0000bb80  00000000  RWIX
  INT00                 0000ff80   00000002  00000000  00000002  RWIX
  INT01                 0000ff82   00000002  00000000  00000002  RWIX
  INT02                 0000ff84   00000002  00000000  00000002  RWIX
  INT03                 0000ff86   00000002  00000000  00000002  RWIX
  INT04                 0000ff88   00000002  00000000  00000002  RWIX
  INT05                 0000ff8a   00000002  00000000  00000002  RWIX
  INT06                 0000ff8c   00000002  00000000  00000002  RWIX
  INT07                 0000ff8e   00000002  00000000  00000002  RWIX
  INT08                 0000ff90   00000002  00000000  00000002  RWIX
  INT09                 0000ff92   00000002  00000000  00000002  RWIX
  INT10                 0000ff94   00000002  00000000  00000002  RWIX
  INT11                 0000ff96   00000002  00000000  00000002  RWIX
  INT12                 0000ff98   00000002  00000000  00000002  RWIX
  INT13                 0000ff9a   00000002  00000000  00000002  RWIX
  INT14                 0000ff9c   00000002  00000000  00000002  RWIX
  INT15                 0000ff9e   00000002  00000000  00000002  RWIX
  INT16                 0000ffa0   00000002  00000000  00000002  RWIX
  INT17                 0000ffa2   00000002  00000000  00000002  RWIX
  INT18                 0000ffa4   00000002  00000000  00000002  RWIX
  INT19                 0000ffa6   00000002  00000000  00000002  RWIX
  INT20                 0000ffa8   00000002  00000000  00000002  RWIX
  INT21                 0000ffaa   00000002  00000000  00000002  RWIX
  INT22                 0000ffac   00000002  00000000  00000002  RWIX
  INT23                 0000ffae   00000002  00000000  00000002  RWIX
  INT24                 0000ffb0   00000002  00000000  00000002  RWIX
  INT25                 0000ffb2   00000002  00000000  00000002  RWIX
  INT26                 0000ffb4   00000002  00000000  00000002  RWIX
  INT27                 0000ffb6   00000002  00000000  00000002  RWIX
  INT28                 0000ffb8   00000002  00000000  00000002  RWIX
  INT29                 0000ffba   00000002  00000000  00000002  RWIX
  INT30                 0000ffbc   00000002  00000000  00000002  RWIX
  INT31                 0000ffbe   00000002  00000000  00000002  RWIX
  INT32                 0000ffc0   00000002  00000000  00000002  RWIX
  INT33                 0000ffc2   00000002  00000000  00000002  RWIX
  INT34                 0000ffc4   00000002  00000000  00000002  RWIX
  INT35                 0000ffc6   00000002  00000000  00000002  RWIX
  INT36                 0000ffc8   00000002  00000000  00000002  RWIX
  INT37                 0000ffca   00000002  00000000  00000002  RWIX
  INT38                 0000ffcc   00000002  00000000  00000002  RWIX
  INT39                 0000ffce   00000002  00000000  00000002  RWIX
  INT40                 0000ffd0   00000002  00000000  00000002  RWIX
  INT41                 0000ffd2   00000002  00000002  00000000  RWIX
  INT42                 0000ffd4   00000002  00000002  00000000  RWIX
  INT43                 0000ffd6   00000002  00000002  00000000  RWIX
  INT44                 0000ffd8   00000002  00000002  00000000  RWIX
  INT45                 0000ffda   00000002  00000002  00000000  RWIX
  INT46                 0000ffdc   00000002  00000002  00000000  RWIX
  INT47                 0000ffde   00000002  00000002  00000000  RWIX
  INT48                 0000ffe0   00000002  00000002  00000000  RWIX
  INT49                 0000ffe2   00000002  00000002  00000000  RWIX
  INT50                 0000ffe4   00000002  00000002  00000000  RWIX
  INT51                 0000ffe6   00000002  00000002  00000000  RWIX
  INT52                 0000ffe8   00000002  00000002  00000000  RWIX
  INT53                 0000ffea   00000002  00000002  00000000  RWIX
  INT54                 0000ffec   00000002  00000002  00000000  RWIX
  INT55                 0000ffee   00000002  00000002  00000000  RWIX
  INT56                 0000fff0   00000002  00000002  00000000  RWIX
  INT57                 0000fff2   00000002  00000002  00000000  RWIX
  INT58                 0000fff4   00000002  00000002  00000000  RWIX
  INT59                 0000fff6   00000002  00000002  00000000  RWIX
  INT60                 0000fff8   00000002  00000002  00000000  RWIX
  INT61                 0000fffa   00000002  00000002  00000000  RWIX
  INT62                 0000fffc   00000002  00000002  00000000  RWIX
  RESET                 0000fffe   00000002  00000002  00000000  RWIX
  FLASH2                00010000   00014400  0000daa7  00006959  RWIX


SECTION ALLOCATION MAP

 output                                  attributes/
section   page    origin      length       input sections
--------  ----  ----------  ----------   ----------------
.bss       0    00002400    00000ffa     UNINITIALIZED
                  00002400    000002a2     RFID.obj (.bss)
                  000026a2    00000235     host_interface.obj (.bss)
                  000028d7    00000001     hardware.obj (.bss)
                  000028d8    0000021c     nfclinklib.lib : NCI.obj (.bss)
                  00002af4    00000162                    : ListenModeHandler.obj (.bss)
                  00002c56    0000010f                    : Notification.obj (.bss)
                  00002d65    00000001                    : RFCommunicationHandler.obj (.bss)
                  00002d66    0000010e                    : tagbuffer.obj (.bss)
                  00002e74    000000d3                    : Tag14443B.obj (.bss)
                  00002f47    00000001                    : RFSTDiscovery.obj (.bss)
                  00002f48    000000c6                    : TagActivity.obj (.bss)
                  0000300e    00000090                    : ListenModeNFCDEP.obj (.bss)
                  0000309e    0000007f                    : NFCRFInterface.obj (.bss)
                  0000311d    00000001     --HOLE--
                  0000311e    0000007c                    : ListenModeISO14443.obj (.bss)
                  0000319a    0000005e                    : Felica.obj (.bss)
                  000031f8    00000058                    : LMRoutingTable.obj (.bss)
                  00003250    0000003e                    : Tag14443A.obj (.bss)
                  0000328e    0000003e                    : Tag15693.obj (.bss)
                  000032cc    0000003a                    : ReaderHandler.obj (.bss)
                  00003306    00000037                    : settings.obj (.bss)
                  0000333d    00000001     --HOLE--
                  0000333e    00000028                    : IsoDep.obj (.bss)
                  00003366    00000011                    : RFDiscoverMap.obj (.bss)
                  00003377    00000001     --HOLE--
                  00003378    00000010                    : RFSTErrorCounter.obj (.bss)
                  00003388    0000000f                    : DebugPrint.obj (.bss)
                  00003397    00000001     --HOLE--
                  00003398    0000000e     rts430xl.lib : memory.obj (.bss)
                  000033a6    0000000b     nfclinklib.lib : DataPacketHandler.obj (.bss)
                  000033b1    00000001     --HOLE--
                  000033b2    0000000a     main.obj (.bss)
                  000033bc    0000000a     nfclinklib.lib : CommunicationHandler.obj (.bss)
                  000033c6    0000000a                    : NFCEEManagementHandler.obj (.bss)
                  000033d0    00000008     rts430xl.lib : _lock.obj (.bss)
                  000033d8    00000008                  : boot.obj (.bss)
                  000033e0    00000008     ucs.obj (.bss)
                  000033e8    00000006     MSP430_hardware.obj (.bss)
                  000033ee    00000004     rts430xl.lib : vars.obj (.bss)
                  000033f2    00000002     nfclinklib.lib : ConfigProprietary.obj (.bss)
                  000033f4    00000002                    : RFManagementHandler.obj (.bss)
                  000033f6    00000002                    : Statemachine.obj (.bss)
                  000033f8    00000002                    : TagTopaz.obj (.bss)

.data      0    00002400    00000000     UNINITIALIZED

.sysmem    0    000033fc    00000008     UNINITIALIZED
                  000033fc    00000008     rts430xl.lib : memory.obj (.sysmem)

.stack     0    00003e24    000005dc     UNINITIALIZED
                  00003e24    00000004     rts430xl.lib : boot.obj (.stack)
                  00003e28    000005d8     --HOLE--

.cinit     0    00004400    000006b8     
                  00004400    000000fd     nfclinklib.lib : ListenModeHandler.obj (.cinit)
                  000044fd    00000001     --HOLE-- [fill = 0]
                  000044fe    000000f5                    : NFCRFInterface.obj (.cinit)
                  000045f3    00000001     --HOLE-- [fill = 0]
                  000045f4    000000d7                    : ReaderHandler.obj (.cinit)
                  000046cb    00000001     --HOLE-- [fill = 0]
                  000046cc    000000cf                    : ListenModeISO14443.obj (.cinit)
                  0000479b    00000001     --HOLE-- [fill = 0]
                  0000479c    00000097                    : ListenModeNFCDEP.obj (.cinit)
                  00004833    00000001     --HOLE-- [fill = 0]
                  00004834    00000082     RFID.obj (.cinit)
                  000048b6    00000057     nfclinklib.lib : IsoDep.obj (.cinit)
                  0000490d    00000001     --HOLE-- [fill = 0]
                  0000490e    00000040                    : NCI.obj (.cinit)
                  0000494e    0000003f                    : Notification.obj (.cinit)
                  0000498d    00000001     --HOLE-- [fill = 0]
                  0000498e    00000029                    : TagActivity.obj (.cinit)
                  000049b7    00000001     --HOLE-- [fill = 0]
                  000049b8    00000017                    : NFCEEManagementHandler.obj (.cinit)
                  000049cf    00000001     --HOLE-- [fill = 0]
                  000049d0    00000017                    : RFDiscoverMap.obj (.cinit)
                  000049e7    00000001     --HOLE-- [fill = 0]
                  000049e8    00000014     ucs.obj (.cinit)
                  000049fc    00000010     main.obj (.cinit)
                  00004a0c    00000010     nfclinklib.lib : CommunicationHandler.obj (.cinit)
                  00004a1c    00000010                    : tagbuffer.obj (.cinit)
                  00004a2c    0000000f                    : DataPacketHandler.obj (.cinit)
                  00004a3b    00000001     --HOLE-- [fill = 0]
                  00004a3c    0000000f                    : Statemachine.obj (.cinit)
                  00004a4b    00000001     --HOLE-- [fill = 0]
                  00004a4c    0000000f                    : settings.obj (.cinit)
                  00004a5b    00000001     --HOLE-- [fill = 0]
                  00004a5c    0000000a     rts430xl.lib : vars.obj (.cinit)
                  00004a66    00000008     nfclinklib.lib : ConfigProprietary.obj (.cinit)
                  00004a6e    00000008                    : RFManagementHandler.obj (.cinit)
                  00004a76    00000008                    : TagTopaz.obj (.cinit)
                  00004a7e    00000008     rts430xl.lib : memory.obj (.cinit)
                  00004a86    00000007     MSP430_hardware.obj (.cinit)
                  00004a8d    00000001     --HOLE-- [fill = 0]
                  00004a8e    00000007     host_interface.obj (.cinit)
                  00004a95    00000001     --HOLE-- [fill = 0]
                  00004a96    00000007     nfclinklib.lib : DebugPrint.obj (.cinit)
                  00004a9d    00000001     --HOLE-- [fill = 0]
                  00004a9e    00000007                    : RFCommunicationHandler.obj (.cinit)
                  00004aa5    00000001     --HOLE-- [fill = 0]
                  00004aa6    00000007                    : RFSTDiscovery.obj (.cinit)
                  00004aad    00000001     --HOLE-- [fill = 0]
                  00004aae    00000007                    : Tag15693.obj (.cinit)
                  00004ab5    00000001     --HOLE-- [fill = 0]
                  00004ab6    00000002     (.pad.cinit) [fill = 0]

.text:_isr 
*          0    00004ab8    000001c2     
                  00004ab8    00000120     host_interface.obj (.text:_isr:USCI_A1_ISR__Fv)
                  00004bd8    0000002a     rts430xl.lib : boot.obj (.text:_isr:_c_int00_noexit)
                  00004c02    00000028     RFID.obj (.text:_isr:TRF797x_IRQ_ISR__Fv)
                  00004c2a    00000004     MSP430_hardware.obj (.text:_isr:ADC12_ISR__Fv)
                  00004c2e    00000004     MSP430_hardware.obj (.text:_isr:COMP_B_ISR__Fv)
                  00004c32    00000004     MSP430_hardware.obj (.text:_isr:DMA_ISR__Fv)
                  00004c36    00000004     MSP430_hardware.obj (.text:_isr:PORT1_ISR__Fv)
                  00004c3a    00000004     MSP430_hardware.obj (.text:_isr:RTC_ISR__Fv)
                  00004c3e    00000004     MSP430_hardware.obj (.text:_isr:SYSNMI_ISR__Fv)
                  00004c42    00000004     MSP430_hardware.obj (.text:_isr:TIMER0_A0_ISR__Fv)
                  00004c46    00000004     MSP430_hardware.obj (.text:_isr:TIMER0_A1_ISR__Fv)
                  00004c4a    00000004     MSP430_hardware.obj (.text:_isr:TIMER0_B0_ISR__Fv)
                  00004c4e    00000004     MSP430_hardware.obj (.text:_isr:TIMER0_B1_ISR__Fv)
                  00004c52    00000004     MSP430_hardware.obj (.text:_isr:TIMER1_A0_ISR__Fv)
                  00004c56    00000004     MSP430_hardware.obj (.text:_isr:TIMER1_A1_ISR__Fv)
                  00004c5a    00000004     MSP430_hardware.obj (.text:_isr:TIMER2_A0_ISR__Fv)
                  00004c5e    00000004     MSP430_hardware.obj (.text:_isr:TIMER2_A1_ISR__Fv)
                  00004c62    00000004     MSP430_hardware.obj (.text:_isr:UNMI_ISR__Fv)
                  00004c66    00000004     host_interface.obj (.text:_isr:USB_UBM_ISR__Fv)
                  00004c6a    00000004     MSP430_hardware.obj (.text:_isr:USCI_A0_ISR__Fv)
                  00004c6e    00000004     MSP430_hardware.obj (.text:_isr:USCI_B0_ISR__Fv)
                  00004c72    00000004     MSP430_hardware.obj (.text:_isr:USCI_B1_ISR__Fv)
                  00004c76    00000004     MSP430_hardware.obj (.text:_isr:WTD_ISR__Fv)

.pinit     0    00004c7a    0000002c     
                  00004c7a    00000004     RFID.obj (.pinit)
                  00004c7e    00000004     host_interface.obj (.pinit)
                  00004c82    00000004     nfclinklib.lib : DebugPrint.obj (.pinit)
                  00004c86    00000004                    : ListenModeHandler.obj (.pinit)
                  00004c8a    00000004                    : ListenModeISO14443.obj (.pinit)
                  00004c8e    00000004                    : ListenModeNFCDEP.obj (.pinit)
                  00004c92    00000004                    : NFCEEManagementHandler.obj (.pinit)
                  00004c96    00000004                    : Notification.obj (.pinit)
                  00004c9a    00000004                    : ReaderHandler.obj (.pinit)
                  00004c9e    00000004                    : TagActivity.obj (.pinit)
                  00004ca2    00000004     --HOLE-- [fill = 0]

.text.1    0    00004ca6    0000b2da     
                  00004ca6    00000710     RFID.obj (.text:TRF797x_irqHandler__FUi)
                  000053b6    00000706     nfclinklib.lib : ConfigurationSetter.obj (.text:Call__19ConfigurationSetterSFPUcUsT1RUs)
                  00005abc    00000616                    : ConfigurationGetter.obj (.text:Call__19ConfigurationGetterSFPUcUsT1RUs)
                  000060d2    00000586                    : ConfigProprietary.obj (.text:transceiveRfDisable__17ConfigProprietarySFPUcUsT1RUs)
                  00006658    000004fe     RFID.obj (.text:anticollisionProcess__4RFIDSFPUcUc)
                  00006b56    000003ee     nfclinklib.lib : ReaderHandler.obj (.text:getDataTypeA__13ReaderHandlerSFPUcUsT1RUsT1T4RUcb)
                  00006f44    000003c6                    : ReaderHandler.obj (.text:getDataTypeF__13ReaderHandlerSFPUcUsT1RUsT1T4RUcb)
                  0000730a    000003c4     RFID.obj (.text:control__4RFIDSFPUcUsT1RUs)
                  000076ce    00000396     nfclinklib.lib : ReaderHandler.obj (.text:pollingLoop__13ReaderHandlerSFPUcUsT1RUs)
                  00007a64    00000386                    : ConfigurationSetter.obj (.text:__CPR83__Call_Proprietary__19ConfigurationSetterSFRQ2_J18J6configPUcUsT2RUs)
                  00007dea    00000370                    : NFCRFInterface.obj (.text:sendMessage__14NFCRFInterfaceSFPUcUsT1RUs)
                  0000815a    00000322                    : TagActivity.obj (.text:TechnologyDetectionActivity__11TagActivitySFPUcUsT1RUs)
                  0000847c    00000308                    : TagActivity.obj (.text:tagControl__11TagActivitySFPUcUsT1RUs)
                  00008784    00000304                    : ListenModeNotifications.obj (.text:TargetNotification__23ListenModeNotificationsSFUc)
                  00008a88    000002f6     RFID.obj (.text:SetupFrame__4RFIDSFUc)
                  00008d7e    000002f0     nfclinklib.lib : NFCRFInterface.obj (.text:atrRequest__14NFCRFInterfaceSFPUcUsT1RUs)
                  0000906e    000002d4                    : Felica.obj (.text:SENSF__6FELICASFUcN21)
                  00009342    000002c0                    : ListenModeNFCDEP.obj (.text:atrResponse__16ListenModeNFCDEPSFPUcUsUc)
                  00009602    000002be                    : LMRoutingTable.obj (.text:setRoutingTable__14LMRoutingTableSFPUcUc)
                  000098c0    000002a2                    : IsoDep.obj (.text:sendTCLAPDU__6IsoDepSFPUcUsT1RUs)
                  00009b62    0000028e                    : settings.obj (.text:convertData__8SettingsSFv)
                  00009df0    00000276                    : Tag14443B.obj (.text:REQB__9Tag14443BSFbUcPUcRUs)
                  0000a066    00000258     RFID.obj (.text:TRF797x_writeFIFO__FPUc12tTRF797x_CRCUcT3)
                  0000a2be    0000023c     nfclinklib.lib : Tag14443A.obj (.text:ACFrame__9Tag14443ASFUcPUcN21RUcT5)
                  0000a4fa    00000220                    : Tag14443B.obj (.text:CollisionResolutionActivity__9Tag14443BSFv)
                  0000a71a    0000021a                    : RFCommunicationHandler.obj (.text:Call__22RFCommunicationHandlerSFPUcUsT1RUs)
                  0000a934    00000214                    : TagActivity.obj (.text:DeviceActivationActivity__11TagActivitySFPUcUsT1RUs)
                  0000ab48    00000210                    : ListenModeNFCDEP.obj (.text:iFrameSend__16ListenModeNFCDEPSFPUcRUs)
                  0000ad58    00000208                    : ConfigurationGetter.obj (.text:__CPR76__Call_PROP__19ConfigurationGetterSFRQ2_J11J6configPUcUsT2RUs)
                  0000af60    000001f2                    : RFManagementHandler.obj (.text:rfTechnologyAndMode__19RFManagementHandlerSFPUcUsT1RUs)
                  0000b152    000001f0                    : Configurations.obj (.text:lbApplicationData__14ConfigurationsSFPUcUsT1RUs)
                  0000b342    000001e4                    : ListenModeNFCDEP.obj (.text:dataHandler__16ListenModeNFCDEPSFPUcUsT1RUs)
                  0000b526    000001e2                    : ListenModeHandler.obj (.text:listenPassiveRun__17ListenModeHandlerSFPUcUsT1RUs)
                  0000b708    000001e0     RFID.obj (.text:TRF797x_switchInitiatorBaudRate__F18t_sTRF797x_Bitrateb)
                  0000b8e8    000001d2     RFID.obj (.text:TRF797x_targetInitialize__Fv)
                  0000baba    000001cc     nfclinklib.lib : Tag14443B.obj (.text:ATTRIB__9Tag14443BSFv)
                  0000bc86    000001ca                    : Statemachine.obj (.text:checkListenActive__12StatemachineSFUsPUcT1T2RUs)
                  0000be50    000001c4                    : RFManagementHandler.obj (.text:Call__19RFManagementHandlerSFUcPUcUsT2RUs)
                  0000c014    000001c4                    : Configurations.obj (.text:liFwi__14ConfigurationsSFPUcUsT1RUs)
                  0000c1d8    000001be                    : NCICoreHandler.obj (.text:Call__14NCICoreHandlerSFUcPUcUsT2RUs)
                  0000c396    000001b8                    : ListenModeHandler.obj (.text:Call__17ListenModeHandlerSFUsPUcT1T2RUs)
                  0000c54e    000001b4                    : ListenModeISO14443.obj (.text:answerAttrib__18ListenModeISO14443SFPUcUs)
                  0000c702    000001b4                    : NFCRFInterface.obj (.text:dslRequest__14NFCRFInterfaceSFPUcUsT1RUs)
                  0000c8b6    000001b0                    : NFCRFInterface.obj (.text:answerParser__14NFCRFInterfaceSFPUcUsT1RUs)
                  0000ca66    000001ae                    : NFCRFInterface.obj (.text:pslRequest__14NFCRFInterfaceSFPUcUsT1RUs)
                  0000cc14    000001ac     RFID.obj (.text:transceive__4RFIDSFUcPUcUsT2RUs)
                  0000cdc0    000001aa     nfclinklib.lib : Configurations.obj (.text:laNfcid1__14ConfigurationsSFPUcUsT1RUs)
                  0000cf6a    000001a4                    : ConfigurationGetter.obj (.text:__CPR74__Call_LF__19ConfigurationGetterSFRQ2_J9J6configPUcUsT2RUs)
                  0000d10e    000001a4                    : Tag14443A.obj (.text:sgDTAextension__9Tag14443ASFUsPUcT1T2RUs)
                  0000d2b2    0000019e                    : ConfigurationSetter.obj (.text:__CPR74__Call_LF__19ConfigurationSetterSFRQ2_J9J6configPUcUsT2RUs)
                  0000d450    0000019a                    : ReaderHandlerActivation.obj (.text:t4BtIsoDepActivation__23ReaderHandlerActivationSFPUcUsT1RUsT1T4RUc)
                  0000d5ea    00000194                    : ReaderHandler.obj (.text:getDataTypeActive__13ReaderHandlerSFPUcUsT1RUsT1T4RUcb)
                  0000d77e    00000194                    : NFCRFInterface.obj (.text:sendAttention__14NFCRFInterfaceSFPUcRUs)
                  0000d912    00000190                    : Configurations.obj (.text:lbSfgi__14ConfigurationsSFPUcUsT1RUs)
                  0000daa2    00000190                    : NFCRFInterface.obj (.text:rslRequest__14NFCRFInterfaceSFPUcUsT1RUs)
                  0000dc32    00000186                    : Configurations.obj (.text:lbAdcFo__14ConfigurationsSFPUcUsT1RUs)
                  0000ddb8    00000186                    : ReaderHandlerActivation.obj (.text:t4AtIsoDepActivation__23ReaderHandlerActivationSFPUcUsT1RUsT1T4RUc)
                  0000df3e    00000184                    : settings.obj (.text:readData__8SettingsSFUsRUc)
                  0000e0c2    00000184                    : NCI.obj (.text:run__3NCISFv)
                  0000e246    0000017c                    : Felica.obj (.text:gre_poll__6FELICASFPUcRUs)
                  0000e3c2    00000178                    : Tag14443A.obj (.text:CollisionResolutionActivity__9Tag14443ASFv)
                  0000e53a    00000178                    : RFManagementHandler.obj (.text:performDeactivation__19RFManagementHandlerSFPUcUsT1RUsUc)
                  0000e6b2    00000176                    : ListenModeNotifications.obj (.text:CardEmulator4Notification__23ListenModeNotificationsSFUc)
                  0000e828    00000176                    : ReaderHandler.obj (.text:getTagInformations__13ReaderHandlerSFPUcUsT1RUsT1T4RUcb)
                  0000e99e    00000176                    : ReaderHandlerActivation.obj (.text:t4tNfcDepActivation__23ReaderHandlerActivationSFPUcUsT1RUsT1T4RUc)
                  0000eb14    00000172                    : ListenModeISO14443.obj (.text:iFrameSend__18ListenModeISO14443SFPUcRUs)
                  0000ec86    0000016c                    : ListenModeNotifications.obj (.text:CardEmulator3Notification__23ListenModeNotificationsSFv)
                  0000edf2    00000168                    : settings.obj (.text:writeDynamic__8SettingsSFPUcUcT1T2)
                  0000ef5a    00000166     RFID.obj (.text:TRF797x_switchTargetBaudRate__F18t_sTRF797x_Bitrateb)
                  0000f0c0    00000162     nfclinklib.lib : Tag14443A.obj (.text:parseAts__9Tag14443ASFPUcUs)
                  0000f222    0000015a                    : NFCRFInterface.obj (.text:errorHandling__14NFCRFInterfaceSFUsPUcT1T2RUsT1)
                  0000f37c    0000015a                    : NFCRFInterface.obj (.text:sendAckPdu__14NFCRFInterfaceSFPUcRUsT1T2)
                  0000f4d6    00000154                    : Tag14443A.obj (.text:DeviceActivationActivity__9Tag14443ASFPUcUsT1RUs)
                  0000f62a    00000154                    : Tag14443A.obj (.text:PPS__9Tag14443ASFRUc)
                  0000f77e    00000154                    : Tag14443B.obj (.text:tagControl__9Tag14443BSFPUcUsT1RUs)
                  0000f8d2    00000154                    : settings.obj (.text:writeData__8SettingsSFUsUc)
                  0000fa26    00000152                    : IsoDep.obj (.text:sFrameHandler__6IsoDepSFUsPUcRUs)
                  0000fb78    00000144                    : TagActivity.obj (.text:get_nfcidx__11TagActivitySFPUcRUs)
                  0000fcbc    00000142                    : Tag15693.obj (.text:Select__8Tag15693SFPUcRUs)
                  0000fdfe    0000013e     RFID.obj (.text:aacConfiguration__4RFIDSFPUcUsT1RUs)
                  0000ff3c    00000044     nfclinklib.lib : TagTopaz.obj (.text:Call__8TagTopazSFUsPUcT1T2RUs)

RTC        0    0000ffd2    00000002     
                  0000ffd2    00000002     MSP430_hardware.obj (.int41)

PORT2      0    0000ffd4    00000002     
                  0000ffd4    00000002     RFID.obj (.int42)

TIMER2_A1 
*          0    0000ffd6    00000002     
                  0000ffd6    00000002     MSP430_hardware.obj (.int43)

TIMER2_A0 
*          0    0000ffd8    00000002     
                  0000ffd8    00000002     MSP430_hardware.obj (.int44)

USCI_B1    0    0000ffda    00000002     
                  0000ffda    00000002     MSP430_hardware.obj (.int45)

USCI_A1    0    0000ffdc    00000002     
                  0000ffdc    00000002     host_interface.obj (.int46)

PORT1      0    0000ffde    00000002     
                  0000ffde    00000002     MSP430_hardware.obj (.int47)

TIMER1_A1 
*          0    0000ffe0    00000002     
                  0000ffe0    00000002     MSP430_hardware.obj (.int48)

TIMER1_A0 
*          0    0000ffe2    00000002     
                  0000ffe2    00000002     MSP430_hardware.obj (.int49)

DMA        0    0000ffe4    00000002     
                  0000ffe4    00000002     MSP430_hardware.obj (.int50)

USB_UBM    0    0000ffe6    00000002     
                  0000ffe6    00000002     host_interface.obj (.int51)

TIMER0_A1 
*          0    0000ffe8    00000002     
                  0000ffe8    00000002     MSP430_hardware.obj (.int52)

TIMER0_A0 
*          0    0000ffea    00000002     
                  0000ffea    00000002     MSP430_hardware.obj (.int53)

ADC12      0    0000ffec    00000002     
                  0000ffec    00000002     MSP430_hardware.obj (.int54)

USCI_B0    0    0000ffee    00000002     
                  0000ffee    00000002     MSP430_hardware.obj (.int55)

USCI_A0    0    0000fff0    00000002     
                  0000fff0    00000002     MSP430_hardware.obj (.int56)

WDT        0    0000fff2    00000002     
                  0000fff2    00000002     MSP430_hardware.obj (.int57)

TIMER0_B1 
*          0    0000fff4    00000002     
                  0000fff4    00000002     MSP430_hardware.obj (.int58)

TIMER0_B0 
*          0    0000fff6    00000002     
                  0000fff6    00000002     MSP430_hardware.obj (.int59)

COMP_B     0    0000fff8    00000002     
                  0000fff8    00000002     MSP430_hardware.obj (.int60)

UNMI       0    0000fffa    00000002     
                  0000fffa    00000002     MSP430_hardware.obj (.int61)

SYSNMI     0    0000fffc    00000002     
                  0000fffc    00000002     MSP430_hardware.obj (.int62)

.reset     0    0000fffe    00000002     
                  0000fffe    00000002     rts430xl.lib : boot.obj (.reset)

.text.2    0    00010000    0000d988     
                  00010000    0000013c     nfclinklib.lib : ConfigurationSetter.obj (.text:__CPR74__Call_LB__19ConfigurationSetterSFRQ2_J9J6configPUcUsT2RUs)
                  0001013c    0000013c                    : NCI.obj (.text:event__3NCISFv)
                  00010278    0000013c                    : ReaderHandler.obj (.text:getDataTypeK__13ReaderHandlerSFPUcUsT1RUsT1T4RUcb)
                  000103b4    0000013c                    : ListenModeISO14443.obj (.text:sendPpsRsp__18ListenModeISO14443SFPUcRUs)
                  000104f0    00000138                    : settings.obj (.text:first_init__8SettingsSFv)
                  00010628    00000136                    : Tag14443A.obj (.text:Anticollision14443A__9Tag14443ASFPUcRUcT2)
                  0001075e    00000136                    : KroneggerPacketHandler.obj (.text:Call__22KroneggerPacketHandlerSFPUcUsT1RUs)
                  00010894    00000136                    : Configurations.obj (.text:lbSensbInfo__14ConfigurationsSFPUcUsT1RUs)
                  000109ca    00000134                    : Statemachine.obj (.text:checkPollActive__12StatemachineSFUsPUcT1T2RUs)
                  00010afe    00000132                    : NFCRFInterface.obj (.text:sendNackPdu__14NFCRFInterfaceSFPUcRUsT1T2)
                  00010c30    0000012e                    : Tag14443B.obj (.text:Init__9Tag14443BSFv)
                  00010d5e    0000012e                    : Tag14443A.obj (.text:tagControl__9Tag14443ASFPUcUsT1RUs)
                  00010e8c    0000012a                    : ReaderHandler.obj (.text:getDataTypeV__13ReaderHandlerSFPUcUsT1RUsT1T4RUcb)
                  00010fb6    00000128                    : ListenModeNFCDEP.obj (.text:pslRes__16ListenModeNFCDEPSFUcPUcRUs)
                  000110de    00000126                    : Notification.obj (.text:setNotification__12NotificationSFPUcUsUc)
                  00011204    00000122                    : ListenModeFelica.obj (.text:processPushCmd__16ListenModeFelicaSFPUcRUs)
                  00011326    00000122                    : Tag15693.obj (.text:tagPoll__8Tag15693SFv)
                  00011448    00000120                    : RFManagementHandler.obj (.text:rfT3tPolling__19RFManagementHandlerSFPUcUsT1RUs)
                  00011568    0000011e                    : ControlPacketHandler.obj (.text:Call__20ControlPacketHandlerSFPUcUsT1RUs)
                  00011686    0000011a                    : CalculationHelper.obj (.text:calculateMrt__17CalculationHelperSFUcT1)
                  000117a0    00000118                    : ConfigurationSetter.obj (.text:__CPR74__Call_LA__19ConfigurationSetterSFRQ2_J9J6configPUcUsT2RUs)
                  000118b8    00000118                    : ListenModeHandler.obj (.text:__CPR75__dissolvingProtocol__17ListenModeHandlerSFRQ2_J20J5_infoPUcUs)
                  000119d0    00000116                    : ReaderHandler.obj (.text:getDiscoverTypeAISONFC__13ReaderHandlerSFPUcUsT1RUsT1T4Uc)
                  00011ae6    00000114                    : ConfigurationGetter.obj (.text:__CPR74__Call_LB__19ConfigurationGetterSFRQ2_J9J6configPUcUsT2RUs)
                  00011bfa    00000114                    : ListenModeHandler.obj (.text:eventHandler__17ListenModeHandlerSFUsPUcT1)
                  00011d0e    00000114                    : ReaderHandler.obj (.text:executeDiscoverSelect__13ReaderHandlerSFPUcUsT1RUs)
                  00011e22    00000114                    : ListenModeNFCDEP.obj (.text:iFrameHandler__16ListenModeNFCDEPSFUcPUcRUs)
                  00011f36    0000010e     RFID.obj (.text:readMailbox__4RFIDSFPUcRUs)
                  00012044    0000010c     nfclinklib.lib : TagActivity.obj (.text:Init__11TagActivitySFv)
                  00012150    0000010c                    : Tag14443A.obj (.text:REQA__9Tag14443ASFUcPUcRUs)
                  0001225c    0000010c                    : ListenModeISO14443.obj (.text:rHandler__18ListenModeISO14443SFPUcRUs)
                  00012368    0000010c                    : ListenModeHandler.obj (.text:writeMode__17ListenModeHandlerSFPUcUsT1RUs)
                  00012474    0000010a                    : Configurations.obj (.text:laPlatformConfig__14ConfigurationsSFPUcUsT1RUs)
                  0001257e    0000010a                    : ListenModeFelica.obj (.text:nfcid2replacement__16ListenModeFelicaSFPUcUs)
                  00012688    0000010a                    : CommunicationHandler.obj (.text:receiveCommand__20CommunicationHandlerSFPUcRUs)
                  00012792    0000010a                    : NFCRFInterface.obj (.text:sFrameHandler__14NFCRFInterfaceSFPUcUsT1RUs)
                  0001289c    00000106                    : ListenModeHandler.obj (.text:__CPR70__dissolvingAID__17ListenModeHandlerSFRQ2_J15J5_infoPUcUs)
                  000129a2    00000106                    : ListenModeHandler.obj (.text:generateRandomID__17ListenModeHandlerSFv)
                  00012aa8    00000102     RFID.obj (.text:TRF797x_targetModeSetup__F21t_sTRF797x_TargetMode18t_sTRF797x_Bitrate)
                  00012baa    00000100     nfclinklib.lib : ProprietaryHandler.obj (.text:Call__18ProprietaryHandlerSFUcPUcUsT2RUs)
                  00012caa    00000100                    : Configurations.obj (.text:laBitFrameSdd__14ConfigurationsSFPUcUsT1RUs)
                  00012daa    000000fc                    : ConfigProprietary.obj (.text:cidConfig__17ConfigProprietarySFPUcUsT1RUs)
                  00012ea6    000000fa                    : NFCRFInterface.obj (.text:Call__14NFCRFInterfaceSFUsPUcT1T2RUs)
                  00012fa0    000000fa                    : DataPacketHandler.obj (.text:Call__17DataPacketHandlerSFPUcUsT1RUs)
                  0001309a    000000f6                    : IsoDep.obj (.text:Call__6IsoDepSFUsPUcT1T2RUs)
                  00013190    000000f6                    : Tag14443A.obj (.text:SelectCL__9Tag14443ASFUcPUcRUc)
                  00013286    000000f6                    : ListenModeISO14443.obj (.text:iHandler__18ListenModeISO14443SFUcPUcRUs)
                  0001337c    000000f6     rts430xl.lib : memory.obj (.text:malloc)
                  00013472    000000f6     nfclinklib.lib : ReaderHandlerActivation.obj (.text:t2tActivation__23ReaderHandlerActivationSFPUcUsT1RUsT1T4RUc)
                  00013568    000000f4                    : ListenModeHandler.obj (.text:__CPR77__dissolvingTechnology__17ListenModeHandlerSFRQ2_J22J5_infoPUcUs)
                  0001365c    000000f0     RFID.obj (.text:Call__4RFIDSFUsPUcT1T2RUs)
                  0001374c    000000f0     nfclinklib.lib : ListenModeNFCDEP.obj (.text:dslRes__16ListenModeNFCDEPSFUcPUcRUs)
                  0001383c    000000f0                    : ListenModeNFCDEP.obj (.text:sFrameHandler__16ListenModeNFCDEPSFPUcRUs)
                  0001392c    000000ee     timer_a.obj (.text:privateTimerAProcessClockSourceDivider)
                  00013a1a    000000ee     nfclinklib.lib : ListenModeNFCDEP.obj (.text:rlsRes__16ListenModeNFCDEPSFUcPUcRUs)
                  00013b08    000000ec                    : ListenModeNotifications.obj (.text:ListenModeIdleNotification__23ListenModeNotificationsSFUcT1)
                  00013bf4    000000ec                    : Tag14443B.obj (.text:tagPoll__9Tag14443BSFv)
                  00013ce0    000000e8     MSP430_hardware.obj (.text:Init_FLL__FUiT1)
                  00013dc8    000000e8     nfclinklib.lib : ListenModeHandler.obj (.text:changeState__17ListenModeHandlerSFUc)
                  00013eb0    000000e6                    : ListenModeISO14443.obj (.text:Call__18ListenModeISO14443SFUsPUcT1T2RUs)
                  00013f96    000000e4     usci_a_uart.obj (.text:USCI_A_UART_initAdvance)
                  0001407a    000000e0     RFID.obj (.text:TRF797x_idleMode__Fv)
                  0001415a    000000e0     nfclinklib.lib : ReaderHandler.obj (.text:getDiscoveredTagsNtf__13ReaderHandlerSFPUcUsT1RUsT1T4bUc)
                  0001423a    000000de                    : Tag14443A.obj (.text:Init__9Tag14443ASFv)
                  00014318    000000de                    : ConfigurationGetter.obj (.text:__CPR74__Call_LA__19ConfigurationGetterSFRQ2_J9J6configPUcUsT2RUs)
                  000143f6    000000dc                    : ListenModeHandler.obj (.text:listenActiveRun__17ListenModeHandlerSFPUcUsT1RUs)
                  000144d2    000000dc                    : Tag14443A.obj (.text:tagPoll__9Tag14443ASFv)
                  000145ae    000000da                    : Configurations.obj (.text:liBitRate__14ConfigurationsSFPUcUsT1RUs)
                  00014688    000000d4                    : Tag15693.obj (.text:DeviceActivationActivity__8Tag15693SFPUcUsT1RUs)
                  0001475c    000000d4                    : Felica.obj (.text:tagControl__6FELICASFPUcUsT1RUs)
                  00014830    000000d2     RFID.obj (.text:Init__4RFIDSFPUcUsT1RUs)
                  00014902    000000d2     nfclinklib.lib : Statemachine.obj (.text:checkListenSleep__12StatemachineSFUsPUcT1T2RUs)
                  000149d4    000000d2                    : ListenModeNFCDEP.obj (.text:getNFCID3__16ListenModeNFCDEPSFv)
                  00014aa6    000000d0                    : ListenModeFelica.obj (.text:stateReadyF__16ListenModeFelicaSFPUcUsT1RUs)
                  00014b76    000000ce     MSP430_hardware.obj (.text:SetVCoreUp__FUi)
                  00014c44    000000ce     nfclinklib.lib : ListenModeNotifications.obj (.text:nfceeRoutingActionNtf__23ListenModeNotificationsSFUcT1PUcT1)
                  00014d12    000000cc                    : Felica.obj (.text:CollisionResolutionActivity__6FELICASFPUcRUs)
                  00014dde    000000cc                    : Tag14443B.obj (.text:CollisionResolutionActivity__9Tag14443BSFPUcRUs)
                  00014eaa    000000cc                    : ListenModeNFCDEP.obj (.text:checkChainAnswer__16ListenModeNFCDEPSFPUcRUs)
                  00014f76    000000cc                    : ListenModeHandler.obj (.text:resetStateMachine__17ListenModeHandlerSFUc)
                  00015042    000000ca     gpio.obj (.text:privateGPIOGetBaseAddress)
                  0001510c    000000ca     nfclinklib.lib : ConfigProprietary.obj (.text:sgPvBitrate__17ConfigProprietarySFPUcUsT1RUs)
                  000151d6    000000c8                    : Configurations.obj (.text:laSelInfo__14ConfigurationsSFPUcUsT1RUs)
                  0001529e    000000c8                    : ReaderHandlerActivation.obj (.text:t1tActivation__23ReaderHandlerActivationSFPUcUsT1RUsT1T4RUcUcT8)
                  00015366    000000c6                    : Tag15693.obj (.text:gre_attrib__8Tag15693SFPUcRUs)
                  0001542c    000000c6                    : Configurations.obj (.text:lfT3tIdentifiers__14ConfigurationsSFUcPUcUsT2RUs)
                  000154f2    000000c6                    : Tag14443A.obj (.text:sendApdu__9Tag14443ASFPUcUsT1RUs)
                  000155b8    000000c0                    : ListenModeNFCDEP.obj (.text:Call__16ListenModeNFCDEPSFUsPUcT1T2RUs)
                  00015678    000000c0                    : Tag14443B.obj (.text:Call__9Tag14443BSFUsPUcT1T2RUs)
                  00015738    000000c0                    : ReaderHandler.obj (.text:getDiscoverTypeF__13ReaderHandlerSFPUcUsT1RUsT1T4Uc)
                  000157f8    000000c0                    : RFManagementHandler.obj (.text:rfParameterUpdate__19RFManagementHandlerSFPUcUsT1RUs)
                  000158b8    000000be                    : Statemachine.obj (.text:checkDiscovery__12StatemachineSFUsPUcT1T2RUs)
                  00015976    000000be                    : Notification.obj (.text:getNotification__12NotificationSFPUcRUsRUc)
                  00015a34    000000bc                    : Tag14443B.obj (.text:gre_sensb_res__9Tag14443BSFPUcRUs)
                  00015af0    000000bc                    : RFManagementHandler.obj (.text:rfDiscover__19RFManagementHandlerSFPUcUsT1RUs)
                  00015bac    000000bc                    : Tag14443B.obj (.text:sgDTAextension__9Tag14443BSFUsPUcT1T2RUs)
                  00015c68    000000bc                    : Felica.obj (.text:tagPoll__6FELICASFv)
                  00015d24    000000ba                    : ListenModeISO14443.obj (.text:sendAts__18ListenModeISO14443SFv)
                  00015dde    000000b8                    : ListenModeISO14443.obj (.text:ds_dr_B__18ListenModeISO14443SFPUcUsT1RUs)
                  00015e96    000000b8                    : ListenModeHandler.obj (.text:init__17ListenModeHandlerSFv)
                  00015f4e    000000b6     rts430xl.lib : fs_mpy.obj (.text)
                  00016004    000000b4     nfclinklib.lib : Tag14443A.obj (.text:CollisionResolutionActivity__9Tag14443ASFPUcRUs)
                  000160b8    000000b4                    : ListenModeHandler.obj (.text:checkData__17ListenModeHandlerSFPUcUsT1RUs)
                  0001616c    000000b2                    : Tag14443A.obj (.text:SelectKnownTag__9Tag14443ASFPUcUcRUc)
                  0001621e    000000b2                    : TagActivity.obj (.text:con_poll__11TagActivitySFPUcUsT1RUs)
                  000162d0    000000b2                    : NCI.obj (.text:init__3NCISFv)
                  00016382    000000ae                    : Tag14443B.obj (.text:SlotMarker__9Tag14443BSFUcPUcRUs)
                  00016430    000000ac                    : ConfigProprietary.obj (.text:eepromSetting__17ConfigProprietarySFPUcUsT1RUs)
                  000164dc    000000ac                    : Configurations.obj (.text:lbNfcid0__14ConfigurationsSFPUcUsT1RUs)
                  00016588    000000aa                    : Tag14443A.obj (.text:Call__9Tag14443ASFUsPUcT1T2RUs)
                  00016632    000000a8                    : ListenModeNFCDEP.obj (.text:nfcProtocol__16ListenModeNFCDEPSFUcPUcRUs)
                  000166da    000000a8                    : Tag14443B.obj (.text:parseSensResB__9Tag14443BSFPUcUs)
                  00016782    000000a6                    : ReaderHandler.obj (.text:getDataTypeB__13ReaderHandlerSFPUcUsT1RUsT1T4RUcb)
                  00016828    000000a6                    : Configurations.obj (.text:lfProtocolType__14ConfigurationsSFPUcUsT1RUs)
                  000168ce    000000a6                    : ListenModeNFCDEP.obj (.text:sFrameSend__16ListenModeNFCDEPSFUsT1)
                  00016974    000000a2                    : Tag14443B.obj (.text:DeviceActivationActivity__9Tag14443BSFPUcUsT1RUs)
                  00016a16    000000a2                    : Tag14443B.obj (.text:HLTB__9Tag14443BSFPUc)
                  00016ab8    000000a2                    : CalculationHelper.obj (.text:calcFWT__17CalculationHelperSFUc)
                  00016b5a    000000a0                    : CalculationHelper.obj (.text:calcSFGT__17CalculationHelperSFUc)
                  00016bfa    000000a0                    : Statemachine.obj (.text:checkHostSelect__12StatemachineSFUsPUcT1T2RUs)
                  00016c9a    0000009e                    : ListenModeNFCDEP.obj (.text:stateAtrReadyA__16ListenModeNFCDEPSFPUcRUs)
                  00016d38    0000009c     RFID.obj (.text:TRF797x_incrementInitiatorBaudRate__F18t_sTRF797x_Bitrate)
                  00016dd4    0000009a     gpio.obj (.text:GPIO_setAsPeripheralModuleFunctionInputPin)
                  00016e6e    0000009a     nfclinklib.lib : ConfigProprietary.obj (.text:hostIfBaudrate__17ConfigProprietarySFPUcUsT1RUs)
                  00016f08    0000009a                    : ListenModeISO14443.obj (.text:sFrameSend__18ListenModeISO14443SFUsUc)
                  00016fa2    00000098                    : RFCommunicationHandler.obj (.text:remoteNfcEndpointConnCreate__22RFCommunicationHandlerSFPUcUsT1RUs)
                  0001703a    00000096     host_interface.obj (.text:Read__14Host_InterfaceSFPUcUs)
                  000170d0    00000096     nfclinklib.lib : IsoDep.obj (.text:answerParser__6IsoDepSFUsPUcRUs)
                  00017166    00000096                    : Felica.obj (.text:parseSensResF__6FELICASFUcPUcUs)
                  000171fc    00000094     hardware.obj (.text:Call__2HWSFUsUcT1)
                  00017290    00000094     RFID.obj (.text:Call__4RFIDSFUsUcT1)
                  00017324    00000094     nfclinklib.lib : ListenModeHandler.obj (.text:checkActionTrigger__17ListenModeHandlerSFv)
                  000173b8    00000094                    : ListenModeISO14443.obj (.text:sHandler__18ListenModeISO14443SFUcPUcRUs)
                  0001744c    00000092                    : Statemachine.obj (.text:Call__12StatemachineSFUsPUcT1T2RUs)
                  000174de    00000092                    : ListenModeHandler.obj (.text:lmSt_Idle__17ListenModeHandlerSFv)
                  00017570    00000092                    : ListenModeHandler.obj (.text:readMode__17ListenModeHandlerSFPUcUsT1RUs)
                  00017602    00000090                    : Felica.obj (.text:CollisionResolutionActivity__6FELICASFv)
                  00017692    00000090                    : Configurations.obj (.text:lfT3tPmm__14ConfigurationsSFPUcUsT1RUs)
                  00017722    00000090                    : IsoDep.obj (.text:setFSCI__6IsoDepSFUc)
                  000177b2    00000090     RFID.obj (.text:sgAtqb__4RFIDSFPUcUsT1RUs)
                  00017842    0000008e     MSP430_hardware.obj (.text:SetVCoreDown__FUi)
                  000178d0    0000008e     nfclinklib.lib : Statemachine.obj (.text:checkIdle__12StatemachineSFUsPUcT1T2RUs)
                  0001795e    0000008e                    : IsoDep.obj (.text:rFrameSend__6IsoDepSFUsPUcRUs)
                  000179ec    0000008a                    : Configurations.obj (.text:nfcdepOp__14ConfigurationsSFPUcUsT1RUs)
                  00017a76    00000088     hardware.obj (.text:Call__2HWSFUsPUcT1T2RUs)
                  00017afe    00000088     RFID.obj (.text:TRF797x_initAutoSdd__Fv)
                  00017b86    00000088     nfclinklib.lib : ListenModeNFCDEP.obj (.text:rFrameSend__16ListenModeNFCDEPSFUsPUcRUs)
                  00017c0e    00000086                    : Statemachine.obj (.text:checkAllDiscoveries__12StatemachineSFUsPUcT1T2RUs)
                  00017c94    00000086                    : ListenModeISO14443.obj (.text:stateActiveA__18ListenModeISO14443SFPUcUsT1RUs)
                  00017d1a    00000086     SPI.obj (.text:writePacket__5RFSPISFPUcUcN22bT2)
                  00017da0    00000084     nfclinklib.lib : ListenModeISO14443.obj (.text:slpReqB__18ListenModeISO14443SFPUcRUs)
                  00017e24    00000082     RFID.obj (.text:TRF797x_incrementTargetBaudRate__F18t_sTRF797x_Bitrate)
                  00017ea6    00000082     nfclinklib.lib : IsoDep.obj (.text:deviceDeactivation__6IsoDepSFv)
                  00017f28    00000080     RFID.obj (.text:FrameType__4RFIDSFUcT1)
                  00017fa8    00000080     nfclinklib.lib : RFManagementHandler.obj (.text:rfDeactivate__19RFManagementHandlerSFPUcUsT1RUs)
                  00018028    0000007e                    : Tag15693.obj (.text:Init__8Tag15693SFv)
                  000180a6    0000007e                    : Configurations.obj (.text:paAdvFeat__14ConfigurationsSFPUcUsT1RUs)
                  00018124    0000007e                    : RFManagementHandler.obj (.text:receiveBitRate__19RFManagementHandlerSFPUcUsT1RUs)
                  000181a2    0000007e                    : RFManagementHandler.obj (.text:transmitBitRate__19RFManagementHandlerSFPUcUsT1RUs)
                  00018220    0000007c                    : Configurations.obj (.text:lfConBitrF__14ConfigurationsSFPUcUsT1RUs)
                  0001829c    0000007a                    : ListenModeISO14443.obj (.text:convertFsdiToFsd__18ListenModeISO14443SFUcRUs)
                  00018316    0000007a                    : ListenModeNFCDEP.obj (.text:stateAtrReadyF__16ListenModeNFCDEPSFPUcRUs)
                  00018390    00000078                    : ListenModeNotifications.obj (.text:CardEmulatorCLTNotification__23ListenModeNotificationsSFv)
                  00018408    00000078                    : Tag14443A.obj (.text:RATS__9Tag14443ASFUcPUcRUs)
                  00018480    00000078                    : DebugPrint.obj (.text:Read__10DebugPrintSFPUcUs)
                  000184f8    00000078                    : Configurations.obj (.text:lfAdvFeat__14ConfigurationsSFPUcUsT1RUs)
                  00018570    00000078                    : ListenModeNFCDEP.obj (.text:rFrameHandler__16ListenModeNFCDEPSFPUcRUs)
                  000185e8    00000078                    : RFManagementHandler.obj (.text:rfDiscoverMap__19RFManagementHandlerSFPUcUsT1RUs)
                  00018660    00000078                    : ListenModeHandler.obj (.text:sendDataToDH__17ListenModeHandlerSFPUcUsb)
                  000186d8    00000076                    : Tag15693.obj (.text:Call__8Tag15693SFUsPUcT1T2RUs)
                  0001874e    00000076     RFID.obj (.text:TRF797x_checkExternalField__Fv)
                  000187c4    00000076     nfclinklib.lib : TagActivity.obj (.text:con_gb__11TagActivitySFPUcUsT1RUs)
                  0001883a    00000076                    : ListenModeHandler.obj (.text:finish__17ListenModeHandlerSFv)
                  000188b0    00000076                    : Configurations.obj (.text:rfNfceeAction__14ConfigurationsSFPUcUsT1RUs)
                  00018926    00000076                    : ListenModeISO14443.obj (.text:setAppData__18ListenModeISO14443SFPUcUsT1RUs)
                  0001899c    00000076                    : ListenModeISO14443.obj (.text:setHigherLayerResponse__18ListenModeISO14443SFPUcUsT1RUs)
                  00018a12    00000076                    : ListenModeNFCDEP.obj (.text:stateTargetA__16ListenModeNFCDEPSFPUcRUs)
                  00018a88    00000076                    : TagTopaz.obj (.text:tagUID__8TagTopazSFPUcUsT1RUs)
                  00018afe    00000074                    : ListenModeNFCDEP.obj (.text:AtrResGi__16ListenModeNFCDEPSFPUcUsT1RUs)
                  00018b72    00000074                    : Tag14443A.obj (.text:Halt__9Tag14443ASFv)
                  00018be6    00000074                    : TagActivity.obj (.text:TagChoose__11TagActivitySFPUcUsT1RUs)
                  00018c5a    00000074                    : NCICoreHandler.obj (.text:coreGetParam__14NCICoreHandlerSFPUcUsT1RUs)
                  00018cce    00000074     RFID.obj (.text:sgNfcid1__4RFIDSFPUcUsT1RUs)
                  00018d42    00000070     nfclinklib.lib : Notification.obj (.text:Read__28Buffer__tm__14_UcXCUsL_3_255FPvZ1Z_Z1Z)
                  00018db2    00000070                    : ListenModeNFCDEP.obj (.text:getNfcid2__16ListenModeNFCDEPSFv)
                  00018e22    00000070                    : Configurations.obj (.text:piBitRate__14ConfigurationsSFPUcUsT1RUs)
                  00018e92    00000070                    : Configurations.obj (.text:rfFieldInfo__14ConfigurationsSFPUcUsT1RUs)
                  00018f02    00000070                    : NFCRFInterface.obj (.text:tagControl__14NFCRFInterfaceSFPUcUsT1RUs)
                  00018f72    0000006e                    : ListenModeNotifications.obj (.text:ListenModeSleepNotification__23ListenModeNotificationsSFUcT1)
                  00018fe0    0000006e                    : RFManagementHandler.obj (.text:rfGetListenModeRouting__19RFManagementHandlerSFPUcUsT1RUs)
                  0001904e    0000006c                    : IsoDep.obj (.text:Init__6IsoDepSFv)
                  000190ba    0000006c     RFID.obj (.text:baudrate_air__4RFIDSFUc)
                  00019126    0000006a     nfclinklib.lib : TagActivity.obj (.text:found__11TagActivitySFPUcRUs)
                  00019190    0000006a                    : Notification.obj (.text:releaseNtfLock__12NotificationSFv)
                  000191fa    0000006a                    : ConfigProprietary.obj (.text:setDSLCount__17ConfigProprietarySFPUcUsT1RUs)
                  00019264    0000006a                    : ConfigProprietary.obj (.text:setDeselectCount__17ConfigProprietarySFPUcUsT1RUs)
                  000192ce    0000006a                    : ConfigProprietary.obj (.text:setRACKCount__17ConfigProprietarySFPUcUsT1RUs)
                  00019338    0000006a                    : ConfigProprietary.obj (.text:setRLSCount__17ConfigProprietarySFPUcUsT1RUs)
                  000193a2    0000006a                    : ConfigProprietary.obj (.text:setRNAKCount__17ConfigProprietarySFPUcUsT1RUs)
                  0001940c    0000006a                    : ConfigProprietary.obj (.text:setRetryATNCount__17ConfigProprietarySFPUcUsT1RUs)
                  00019476    0000006a                    : ConfigProprietary.obj (.text:setRetryNACKCount__17ConfigProprietarySFPUcUsT1RUs)
                  000194e0    00000068                    : TagActivity.obj (.text:Call__11TagActivitySFUsPUcT1T2RUs)
                  00019548    00000068     rts430xl.lib : autoinit.obj (.text:_auto_init)
                  000195b0    00000068     nfclinklib.lib : Configurations.obj (.text:pfBitRate__14ConfigurationsSFPUcUsT1RUs)
                  00019618    00000068     RFID.obj (.text:sgLfT3tIdentifier__4RFIDSFPUcUsT1RUs)
                  00019680    00000068     nfclinklib.lib : Tag15693.obj (.text:tagControl__8Tag15693SFPUcUsT1RUs)
                  000196e8    00000066                    : ListenModeHandler.obj (.text:sendApdu__17ListenModeHandlerSFPUcUsT1RUs)
                  0001974e    00000066                    : ConfigProprietary.obj (.text:setRatsParam__17ConfigProprietarySFPUcUsT1RUs)
                  000197b4    00000064                    : Felica.obj (.text:Call__6FELICASFUsPUcT1T2RUs)
                  00019818    00000064     host_interface.obj (.text:Init__14Host_InterfaceSFv)
                  0001987c    00000064     nfclinklib.lib : ListenModeNFCDEP.obj (.text:checkDid__16ListenModeNFCDEPSFPUcRUsUs)
                  000198e0    00000064                    : Configurations.obj (.text:pbHInfo__14ConfigurationsSFPUcUsT1RUs)
                  00019944    00000064                    : Configurations.obj (.text:pnAtrReqGenBytes__14ConfigurationsSFPUcUsT1RUs)
                  000199a8    00000064     RFID.obj (.text:sgLnNfcDep__4RFIDSFPUcUsT1RUs)
                  00019a0c    00000062     nfclinklib.lib : TagActivity.obj (.text:CollisionResolutionActivity__11TagActivitySFPUcUsT1RUs)
                  00019a6e    00000062     RFID.obj (.text:TRF797x_displayMode__Fv)
                  00019ad0    00000062     nfclinklib.lib : NCICoreHandler.obj (.text:coreReset__14NCICoreHandlerSFPUcUsT1RUs)
                  00019b32    00000062                    : Configurations.obj (.text:pbBailOut__14ConfigurationsSFPUcUsT1RUs)
                  00019b94    00000062                    : Configurations.obj (.text:pnNfcDepSpeed__14ConfigurationsSFPUcUsT1RUs)
                  00019bf6    00000062                    : Tag14443B.obj (.text:setGetAttribGb__9Tag14443BSFPUcUsT1RUs)
                  00019c58    00000060     RFID.obj (.text:TRF797x_checkField__F11tRssiStatus)
                  00019cb8    00000060     nfclinklib.lib : ListenModeISO14443.obj (.text:isoProtocol__18ListenModeISO14443SFUcPUcUsT2RUs)
                  00019d18    00000060                    : Configurations.obj (.text:lfT3tFlags__14ConfigurationsSFPUcUsT1RUs)
                  00019d78    00000060     rts430xl.lib : memory.obj (.text:minit)
                  00019dd8    00000060     nfclinklib.lib : ListenModeFelica.obj (.text:wakeupFromDH__16ListenModeFelicaSFv)
                  00019e38    0000005c                    : ListenModeFelica.obj (.text:Call__16ListenModeFelicaSFUsPUcT1T2RUs)
                  00019e94    0000005c                    : RFManagementHandler.obj (.text:oidRfSetListenModeRouting__19RFManagementHandlerSFPUcUsT1RUs)
                  00019ef0    0000005c                    : Configurations.obj (.text:paBailOut__14ConfigurationsSFPUcUsT1RUs)
                  00019f4c    0000005c                    : Configurations.obj (.text:pnAtrReqConfig__14ConfigurationsSFPUcUsT1RUs)
                  00019fa8    0000005c                    : ListenModeHandler.obj (.text:sgRfFieldInfo__17ListenModeHandlerSFPUcUsT1RUs)
                  0001a004    0000005a                    : IsoDep.obj (.text:chainingHandler__6IsoDepSFUsPUcRUs)
                  0001a05e    0000005a                    : Configurations.obj (.text:totalDuration__14ConfigurationsSFPUcUsT1RUs)
                  0001a0b8    00000058                    : NCICoreHandler.obj (.text:coreSetParam__14NCICoreHandlerSFPUcUsT1RUs)
                  0001a110    00000058                    : LoopBackCommunicationHandler.obj (.text:loopBackConnCreate__28LoopBackCommunicationHandlerSFPUcUsT1RUs)
                  0001a168    00000058                    : Configurations.obj (.text:pbAttribParam1__14ConfigurationsSFPUcUsT1RUs)
                  0001a1c0    00000058     rts430xl.lib : div32u.obj (.text)
                  0001a218    00000056     nfclinklib.lib : MessageHandler.obj (.text:Call__14MessageHandlerSFPUcUsT1RUs)
                  0001a26e    00000056     hardware.obj (.text:Call__2HWSFUsUc)
                  0001a2c4    00000056     RFID.obj (.text:Call__4RFIDSFUsUc)
                  0001a31a    00000056     nfclinklib.lib : IsoDep.obj (.text:Call__6IsoDepSFUsUc)
                  0001a370    00000056                    : TagActivity.obj (.text:clearNFCIDXs__11TagActivitySFv)
                  0001a3c6    00000056                    : ListenModeISO14443.obj (.text:fwi_sfgiHandler__18ListenModeISO14443SFPUcUsT1RUs)
                  0001a41c    00000056                    : Configurations.obj (.text:lbHInfoResp__14ConfigurationsSFPUcUsT1RUs)
                  0001a472    00000056                    : Configurations.obj (.text:lnAtrResConfig__14ConfigurationsSFPUcUsT1RUs)
                  0001a4c8    00000056                    : Configurations.obj (.text:lnWt__14ConfigurationsSFPUcUsT1RUs)
                  0001a51e    00000056                    : NFCEEManagementHandler.obj (.text:nfceeModeSet__22NFCEEManagementHandlerSFPUcUsT1RUs)
                  0001a574    00000056                    : Configurations.obj (.text:pbAfi__14ConfigurationsSFPUcUsT1RUs)
                  0001a5ca    00000056                    : Configurations.obj (.text:pbSensbReqParam__14ConfigurationsSFPUcUsT1RUs)
                  0001a620    00000056                    : IsoDep.obj (.text:rFrameHandler__6IsoDepSFUsPUcRUs)
                  0001a676    00000056                    : ListenModeISO14443.obj (.text:sendPendingIFrame__18ListenModeISO14443SFv)
                  0001a6cc    00000056                    : IsoDep.obj (.text:send_apdu__6IsoDepSFPUcUsT1RUs)
                  0001a722    00000056                    : ListenModeISO14443.obj (.text:slpReqA__18ListenModeISO14443SFPUcRUsUs)
                  0001a778    00000054                    : Configurations.obj (.text:conDevicesLimit__14ConfigurationsSFPUcUsT1RUs)
                  0001a7cc    00000052                    : Tag14443B.obj (.text:clearGre__9Tag14443BSFv)
                  0001a81e    00000052                    : ListenModeFelica.obj (.text:stateCardEmulator3__16ListenModeFelicaSFPUcUsT1RUs)
                  0001a870    00000050     main.obj (.text:blink__Fv)
                  0001a8c0    00000050     nfclinklib.lib : ConfigProprietary.obj (.text:sgRetransmissionTime__17ConfigProprietarySFPUcUsT1RUs)
                  0001a910    0000004e                    : TagActivity.obj (.text:nfcdep__11TagActivitySFPUcUsT1RUs)
                  0001a95e    0000004e                    : RFDiscoverMap.obj (.text:setDiscoverMap__13RFDiscoverMapSFUcT1bT3)
                  0001a9ac    0000004e     RFID.obj (.text:setPupi__4RFIDSFPUcUsT1RUs)
                  0001a9fa    0000004e     RFID.obj (.text:sgPadding__4RFIDSFPUcUsT1RUs)
                  0001aa48    0000004c     hardware.obj (.text:Call__2HWSFUs)
                  0001aa94    0000004c     MSP430_hardware.obj (.text:Init__4GPIOSFv)
                  0001aae0    0000004c     RFID.obj (.text:TRF797x_initiatorModeSetup__F24t_sTRF797x_InitiatorMode18t_sTRF797x_Bitrate)
                  0001ab2c    0000004c     nfclinklib.lib : NCICoreHandler.obj (.text:coreConnClose__14NCICoreHandlerSFPUcUsT1RUs)
                  0001ab78    0000004c                    : Tag14443B.obj (.text:getUID__9Tag14443BSFPUcRUs)
                  0001abc4    0000004c                    : Tag14443B.obj (.text:gre_poll__9Tag14443BSFPUcRUs)
                  0001ac10    0000004c                    : ListenModeHandler.obj (.text:lmSt_Sleep__17ListenModeHandlerSFv)
                  0001ac5c    0000004c     RFID.obj (.text:sgLfProtocolType__4RFIDSFPUcUsT1RUs)
                  0001aca8    0000004c     RFID.obj (.text:sgSensRes__4RFIDSFPUcUsT1RUs)
                  0001acf4    0000004c     nfclinklib.lib : IsoDep.obj (.text:tclapduWrapper__6IsoDepSFPUcRUs)
                  0001ad40    0000004a                    : NFCEEManagementHandler.obj (.text:Call__22NFCEEManagementHandlerSFUcPUcUsT2RUs)
                  0001ad8a    0000004a                    : ListenModeISO14443.obj (.text:convertBaudrateIntegerToBitRateCapability__18ListenModeISO14443SFUcT1RUc)
                  0001add4    0000004a     hardware.obj (.text:hwVersion__2HWSFUsPUcRUs)
                  0001ae1e    0000004a     nfclinklib.lib : Configurations.obj (.text:laHistBy__14ConfigurationsSFPUcUsT1RUs)
                  0001ae68    0000004a     rts430xl.lib : fs_cmp.obj (.text)
                  0001aeb2    0000004a     nfclinklib.lib : ListenModeISO14443.obj (.text:sendFrame__18ListenModeISO14443SFPUcUs)
                  0001aefc    00000048                    : ListenModeHandler.obj (.text:Initialize__17ListenModeHandlerSFv)
                  0001af44    00000048     RFID.obj (.text:RF_WriteMailBox)
                  0001af8c    00000048     nfclinklib.lib : Felica.obj (.text:clearGre__6FELICASFv)
                  0001afd4    00000048                    : IsoDep.obj (.text:iFrameHandler__6IsoDepSFUsPUcRUs)
                  0001b01c    00000048                    : ListenModeHandler.obj (.text:lmSt_CardEmulator4A__17ListenModeHandlerSFv)
                  0001b064    00000048                    : ListenModeHandler.obj (.text:run__17ListenModeHandlerSFPUcUsT1RUs)
                  0001b0ac    00000048     SPI.obj (.text:send__5RFSPISFUcPUcT1b)
                  0001b0f4    00000046     nfclinklib.lib : Felica.obj (.text:con_bitr__6FELICASFPUcUsT1RUs)
                  0001b13a    00000046                    : NCICoreHandler.obj (.text:coreInit__14NCICoreHandlerSFPUcUsT1RUs)
                  0001b180    00000046                    : ListenModeHandler.obj (.text:modeSet__17ListenModeHandlerSFPUcUsT1RUs)
                  0001b1c6    00000046     rts430xl.lib : fs_tou.obj (.text)
                  0001b20c    00000046     nfclinklib.lib : Notification.obj (.text:setNotification__12NotificationSFPUcUs)
                  0001b252    00000044                    : ListenModeISO14443.obj (.text:checkCid__18ListenModeISO14443SFPUcUs)
                  0001b296    00000044                    : ListenModeISO14443.obj (.text:ds_dr_A__18ListenModeISO14443SFPUcUsT1RUs)
                  0001b2da    00000044                    : Tag14443B.obj (.text:gre_attrib__9Tag14443BSFPUcRUs)
                  0001b31e    00000044                    : ListenModeHandler.obj (.text:lmSt_RouteToDeviceHost__17ListenModeHandlerSFv)
                  0001b362    00000044                    : IsoDep.obj (.text:presenceCheck__6IsoDepSFPUcRUs)
                  0001b3a6    00000044                    : Felica.obj (.text:send_apdu__6FELICASFPUcUsT1RUs)
                  0001b3ea    00000044                    : NFCRFInterface.obj (.text:setGetPPi__14NFCRFInterfaceSFPUcUsT1RUs)
                  0001b42e    00000044                    : ListenModeNFCDEP.obj (.text:stateTargetF__16ListenModeNFCDEPSFPUcRUs)
                  0001b472    00000042                    : ListenModeISO14443.obj (.text:cidHandler__18ListenModeISO14443SFPUcUsT1RUs)
                  0001b4b4    00000042                    : TagActivity.obj (.text:con_devices_limit__11TagActivitySFPUcUsT1RUs)
                  0001b4f6    00000042                    : ListenModeNFCDEP.obj (.text:directApduIntf__16ListenModeNFCDEPSFPUcUs)
                  0001b538    00000042                    : Tag14443A.obj (.text:gre_ats__9Tag14443ASFPUcRUs)
                  0001b57a    00000042                    : Tag14443A.obj (.text:gre_sel_res__9Tag14443ASFPUcRUs)
                  0001b5bc    00000042                    : Configurations.obj (.text:lfT3tMax__14ConfigurationsSFPUcUsT1RUs)
                  0001b5fe    00000042                    : ListenModeISO14443.obj (.text:rFrameSend__18ListenModeISO14443SFUs)
                  0001b640    00000040                    : RFSTIdle.obj (.text:Call__8RFSTIdleSFPUcUsT1RUs)
                  0001b680    00000040                    : Tag14443A.obj (.text:clearGre__9Tag14443ASFv)
                  0001b6c0    00000040                    : NCICoreHandler.obj (.text:coreConnCreate__14NCICoreHandlerSFPUcUsT1RUs)
                  0001b700    00000040                    : ListenModeFelica.obj (.text:directForward__16ListenModeFelicaSFPUcUsUc)
                  0001b740    00000040     rts430xl.lib : div32s.obj (.text)
                  0001b780    00000040     nfclinklib.lib : ReaderHandler.obj (.text:setDiscoverSelectParam__13ReaderHandlerSFPUcUs)
                  0001b7c0    00000040                    : NFCRFInterface.obj (.text:setGetNfcDepSpeed__14NFCRFInterfaceSFPUcUsT1RUs)
                  0001b800    00000040                    : TagActivity.obj (.text:total_duration__11TagActivitySFPUcUsT1RUs)
                  0001b840    00000040     RFID.obj (.text:version__4RFIDSFPUcUsT1RUs)
                  0001b880    00000040     nfclinklib.lib : ListenModeNotifications.obj (.text:wakeupCompletionNtf__23ListenModeNotificationsSFv)
                  0001b8c0    0000003e                    : LoopBackCommunicationHandler.obj (.text:Call__28LoopBackCommunicationHandlerSFPUcUsT1RUs)
                  0001b8fe    0000003e     host_interface.obj (.text:Write__14Host_InterfaceSFPUcUs)
                  0001b93c    0000003e     rts430xl.lib : new_.obj (.text:__nw__FUl)
                  0001b97a    0000003e     nfclinklib.lib : ListenModeISO14443.obj (.text:dataHandler__18ListenModeISO14443SFPUcUsT1RUs)
                  0001b9b8    0000003e                    : LMRoutingTable.obj (.text:getRoutingTable__14LMRoutingTableSFPUcRUc)
                  0001b9f6    0000003e                    : RFManagementHandler.obj (.text:rfSetListenModeRouting__19RFManagementHandlerSFPUcUsT1RUs)
                  0001ba34    0000003e                    : Timer2.obj (.text:waitus__FUs)
                  0001ba72    0000003c                    : ReaderHandler.obj (.text:Run__13ReaderHandlerSFPUcUsT1RUs)
                  0001baae    0000003c     RFID.obj (.text:callback__4RFIDSFv)
                  0001baea    0000003c     nfclinklib.lib : Tag14443A.obj (.text:con_adv_feat__9Tag14443ASFPUcUsT1RUs)
                  0001bb26    0000003c                    : ListenModeFelica.obj (.text:deactNtf__16ListenModeFelicaSFv)
                  0001bb62    0000003c                    : RFManagementHandler.obj (.text:deactivationEvent__19RFManagementHandlerSFv)
                  0001bb9e    0000003c                    : ListenModeHandler.obj (.text:lmSt_TargetF__17ListenModeHandlerSFv)
                  0001bbda    0000003c                    : NFCRFInterface.obj (.text:setRetryATNCount__14NFCRFInterfaceSFPUcUsT1RUs)
                  0001bc16    0000003c                    : NFCRFInterface.obj (.text:setRetryNACKCount__14NFCRFInterfaceSFPUcUsT1RUs)
                  0001bc52    0000003c     RFID.obj (.text:sgAfi__4RFIDSFPUcUsT1RUs)
                  0001bc8e    0000003c     RFID.obj (.text:sgLfT3tFlags__4RFIDSFPUcUsT1RUs)
                  0001bcca    0000003c     RFID.obj (.text:sgSelRes__4RFIDSFPUcUsT1RUs)
                  0001bd06    0000003c     nfclinklib.lib : ListenModeISO14443.obj (.text:stateReadyBDecl__18ListenModeISO14443SFPUcUsT1RUs)
                  0001bd42    0000003a     hardware.obj (.text:Init__2HWSFv)
                  0001bd7c    0000003a     MSP430_hardware.obj (.text:SetVCore__FUi)
                  0001bdb6    0000003a     RFID.obj (.text:TRF797x_resetMode__Fv)
                  0001bdf0    0000003a     nfclinklib.lib : ListenModeHandler.obj (.text:lmSt_Error__17ListenModeHandlerSFv)
                  0001be2a    0000003a                    : CommunicationHandler.obj (.text:sendCommand__20CommunicationHandlerSFPUcUs)
                  0001be64    0000003a                    : ListenModeFelica.obj (.text:sendMessage__16ListenModeFelicaSFPUcUs)
                  0001be9e    0000003a                    : IsoDep.obj (.text:setGetCid__6IsoDepSFPUcUsT1RUs)
                  0001bed8    00000038                    : TagActivity.obj (.text:confRcByte__11TagActivitySFPUcUsT1RUs)
                  0001bf10    00000038                    : ListenModeHandler.obj (.text:lmSt_TargetA__17ListenModeHandlerSFv)
                  0001bf48    00000038                    : ListenModeISO14443.obj (.text:resetProtocol__18ListenModeISO14443SFv)
                  0001bf80    00000038                    : ListenModeNFCDEP.obj (.text:sendPendingDepRsp__16ListenModeNFCDEPSFv)
                  0001bfb8    00000038     RFID.obj (.text:setTimeouts__4RFIDSFPUcUs)
                  0001bff0    00000038     nfclinklib.lib : ListenModeHandler.obj (.text:sgNfceeAction__17ListenModeHandlerSFPUcUsT1RUs)
                  0001c028    00000036                    : TagActivity.obj (.text:DataExchangeActivity__11TagActivitySFPUcUsT1RUs)
                  0001c05e    00000036     MSP430_hardware.obj (.text:Init_FLL_Settle__FUiT1)
                  0001c094    00000036     MSP430_hardware.obj (.text:LFXT_Start__FUi)
                  0001c0ca    00000036     hardware.obj (.text:SerialInterface__FPUcUsT1T2)
                  0001c100    00000036     nfclinklib.lib : ListenModeHandler.obj (.text:__CPR71__dataDispatcher__17ListenModeHandlerSFRQ2_J16J5_infoPUcUs)
                  0001c136    00000036     rts430xl.lib : fs_itof.obj (.text)
                  0001c16c    00000036     nfclinklib.lib : Tag15693.obj (.text:send_apdu__8Tag15693SFPUcUsT1RUs)
                  0001c1a2    00000036                    : TagTopaz.obj (.text:send_apdu__8TagTopazSFPUcUsT1RUs)
                  0001c1d8    00000034                    : ConfigurationSetter.obj (.text:Init__19ConfigurationSetterSFv)
                  0001c20c    00000034                    : TagActivity.obj (.text:bail_out_a__11TagActivitySFPUcUsT1RUs)
                  0001c240    00000034                    : TagActivity.obj (.text:bail_out_b__11TagActivitySFPUcUsT1RUs)
                  0001c274    00000034                    : TagActivity.obj (.text:con_anticoll__11TagActivitySFPUcUsT1RUs)
                  0001c2a8    00000034                    : TagActivity.obj (.text:piBitRate__11TagActivitySFPUcUsT1RUs)
                  0001c2dc    00000034                    : ListenModeNFCDEP.obj (.text:sendFrame__16ListenModeNFCDEPSFPUcUs)
                  0001c310    00000032                    : Timer2.obj (.text:StartFC__5TimerFUl)
                  0001c342    00000032                    : Timer2.obj (.text:Start__5TimerFUl)
                  0001c374    00000032     RFID.obj (.text:TRF797x_setField__F9tExtField)
                  0001c3a6    00000032     nfclinklib.lib : ListenModeNFCDEP.obj (.text:checkRTOX__16ListenModeNFCDEPSFv)
                  0001c3d8    00000032                    : Tag14443A.obj (.text:gre_poll__9Tag14443ASFPUcRUs)
                  0001c40a    00000032     SPI.obj (.text:init__5RFSPISFv)
                  0001c43c    00000032     rts430xl.lib : fs_ultof.obj (.text)
                  0001c46e    00000032     nfclinklib.lib : Tag15693.obj (.text:sgBitrate__8Tag15693SFPUcUsT1RUs)
                  0001c4a0    00000032     RFID.obj (.text:sgLfAdvFeat__4RFIDSFPUcUsT1RUs)
                  0001c4d2    00000032     RFID.obj (.text:sgLfConBitrF__4RFIDSFPUcUsT1RUs)
                  0001c504    00000032     nfclinklib.lib : ListenModeHandler.obj (.text:suspend__17ListenModeHandlerSFv)
                  0001c536    00000030     MSP430_hardware.obj (.text:Init__7HWTimerSFv)
                  0001c566    00000030     RFID.obj (.text:TRF797x_directCommand__FUc)
                  0001c596    00000030     nfclinklib.lib : CalculationHelper.obj (.text:calcSENSFTimeout__17CalculationHelperSFUcT1)
                  0001c5c6    00000030                    : Tag14443A.obj (.text:con_rats__9Tag14443ASFPUcUsT1RUs)
                  0001c5f6    00000030                    : ListenModeFelica.obj (.text:dataHandler__16ListenModeFelicaSFPUcUsT1RUs)
                  0001c626    00000030                    : NFCRFInterface.obj (.text:getGreAtrRes__14NFCRFInterfaceSFPUcRUs)
                  0001c656    00000030                    : Timer2.obj (.text:iselapsed__5TimerFv)
                  0001c686    00000030                    : ListenModeISO14443.obj (.text:stateCardEmulator4A__18ListenModeISO14443SFPUcUsT1RUs)
                  0001c6b6    00000030                    : Tag14443B.obj (.text:tagAFI__9Tag14443BSFPUcUsT1RUs)
                  0001c6e6    00000030                    : Tag14443B.obj (.text:tagSensbReqParam__9Tag14443BSFPUcUsT1RUs)
                  0001c716    00000030                    : Timer2.obj (.text:waitms__FUs)
                  0001c746    0000002e                    : CustomInterface.obj (.text:Call__15CustomInterfaceSFPUcUsT1RUs)
                  0001c774    0000002e                    : Notification.obj (.text:Init__12NotificationSFv)
                  0001c7a2    0000002e     RFID.obj (.text:TRF797x_setup__Fv)
                  0001c7d0    0000002e     nfclinklib.lib : ListenModeHandler.obj (.text:__CPR69__search4route__17ListenModeHandlerSFRQ2_J14J5_infoPUcUs)
                  0001c7fe    0000002e     host_interface.obj (.text:__sti___18_host_interface_cpp_6c5797f4)
                  0001c82c    0000002e     nfclinklib.lib : NFCRFInterface.obj (.text:gre_bitrate__14NFCRFInterfaceSFPUcRUs)
                  0001c85a    0000002e                    : ListenModeHandler.obj (.text:lmSt_ActiveA__17ListenModeHandlerSFv)
                  0001c888    0000002e                    : ListenModeFelica.obj (.text:nfcid2changeBack__16ListenModeFelicaSFPUcUs)
                  0001c8b6    0000002e                    : IsoDep.obj (.text:setACKCount__6IsoDepSFPUcUsT1RUs)
                  0001c8e4    0000002e                    : NFCRFInterface.obj (.text:setDSLCount__14NFCRFInterfaceSFPUcUsT1RUs)
                  0001c912    0000002e                    : IsoDep.obj (.text:setNAKCount__6IsoDepSFPUcUsT1RUs)
                  0001c940    0000002e                    : NFCRFInterface.obj (.text:setRLSCount__14NFCRFInterfaceSFPUcUsT1RUs)
                  0001c96e    0000002c     MSP430_hardware.obj (.text:Init__8HWConfigSFv)
                  0001c99a    0000002c     nfclinklib.lib : ListenModeISO14443.obj (.text:convertBaudrateIntegerToBaudrate__18ListenModeISO14443SFUcRUc)
                  0001c9c6    0000002c                    : ListenModeHandler.obj (.text:lmSt_CardEmulator3__17ListenModeHandlerSFv)
                  0001c9f2    0000002c                    : ListenModeHandler.obj (.text:lmSt_SleepAF__17ListenModeHandlerSFv)
                  0001ca1e    0000002c     rts430xl.lib : div16s.obj (.text)
                  0001ca4a    0000002a     nfclinklib.lib : ListenModeHandler.obj (.text:checkDhTimer__17ListenModeHandlerSFv)
                  0001ca74    0000002a                    : Configurations.obj (.text:lnAtrGenBytes__14ConfigurationsSFPUcUsT1RUs)
                  0001ca9e    0000002a     rts430xl.lib : memcpy.obj (.text:memcpy)
                  0001cac8    0000002a     nfclinklib.lib : LMRoutingTable.obj (.text:setProtocolSupport__14LMRoutingTableSFUcT1b)
                  0001caf2    0000002a     MSP430_hardware.obj (.text:ticks32__7HWTimerSFv)
                  0001cb1c    00000028     nfclinklib.lib : CalculationHelper.obj (.text:calcTR2min__17CalculationHelperSFUc)
                  0001cb44    00000028                    : ListenModeISO14443.obj (.text:checkWTX__18ListenModeISO14443SFv)
                  0001cb6c    00000028                    : ListenModeHandler.obj (.text:lmSt_NoRemoteField__17ListenModeHandlerSFv)
                  0001cb94    00000028                    : NFCEEManagementHandler.obj (.text:nfceeDiscover__22NFCEEManagementHandlerSFPUcUsT1RUs)
                  0001cbbc    00000028     SPI.obj (.text:rawWrite__5RFSPISFPUcUc)
                  0001cbe4    00000028     nfclinklib.lib : ListenModeNotifications.obj (.text:rfFieldInfoNotification__23ListenModeNotificationsSFb)
                  0001cc0c    00000026     timer_a.obj (.text:TIMER_A_configureContinuousMode)
                  0001cc32    00000026     usci_a_uart.obj (.text:USCI_A_UART_disableInterrupt)
                  0001cc58    00000026     nfclinklib.lib : ListenModeHandler.obj (.text:checkPendingDepRsp__17ListenModeHandlerSFv)
                  0001cc7e    00000026                    : ListenModeHandler.obj (.text:checkPendingIFrame__17ListenModeHandlerSFv)
[...]
00017da0   slpReqB__18ListenModeISO14443SFPUcRUs
00017e24   TRF797x_incrementTargetBaudRate__F18t_sTRF797x_Bitrate
00017ea6   deviceDeactivation__6IsoDepSFv
00017f28   FrameType__4RFIDSFUcT1
00017fa8   rfDeactivate__19RFManagementHandlerSFPUcUsT1RUs
00018028   Init__8Tag15693SFv
000180a6   paAdvFeat__14ConfigurationsSFPUcUsT1RUs
00018124   receiveBitRate__19RFManagementHandlerSFPUcUsT1RUs
000181a2   transmitBitRate__19RFManagementHandlerSFPUcUsT1RUs
00018220   lfConBitrF__14ConfigurationsSFPUcUsT1RUs
0001829c   convertFsdiToFsd__18ListenModeISO14443SFUcRUs
00018316   stateAtrReadyF__16ListenModeNFCDEPSFPUcRUs
00018390   CardEmulatorCLTNotification__23ListenModeNotificationsSFv
00018408   RATS__9Tag14443ASFUcPUcRUs
00018480   Read__10DebugPrintSFPUcUs
000184f8   lfAdvFeat__14ConfigurationsSFPUcUsT1RUs
00018570   rFrameHandler__16ListenModeNFCDEPSFPUcRUs
000185e8   rfDiscoverMap__19RFManagementHandlerSFPUcUsT1RUs
00018660   sendDataToDH__17ListenModeHandlerSFPUcUsb
000186d8   Call__8Tag15693SFUsPUcT1T2RUs
0001874e   TRF797x_checkExternalField__Fv
000187c4   con_gb__11TagActivitySFPUcUsT1RUs
0001883a   finish__17ListenModeHandlerSFv
000188b0   rfNfceeAction__14ConfigurationsSFPUcUsT1RUs
00018926   setAppData__18ListenModeISO14443SFPUcUsT1RUs
0001899c   setHigherLayerResponse__18ListenModeISO14443SFPUcUsT1RUs
00018a12   stateTargetA__16ListenModeNFCDEPSFPUcRUs
00018a88   tagUID__8TagTopazSFPUcUsT1RUs
00018afe   AtrResGi__16ListenModeNFCDEPSFPUcUsT1RUs
00018b72   Halt__9Tag14443ASFv
00018be6   TagChoose__11TagActivitySFPUcUsT1RUs
00018c5a   coreGetParam__14NCICoreHandlerSFPUcUsT1RUs
00018cce   sgNfcid1__4RFIDSFPUcUsT1RUs
00018db2   getNfcid2__16ListenModeNFCDEPSFv
00018e22   piBitRate__14ConfigurationsSFPUcUsT1RUs
00018e92   rfFieldInfo__14ConfigurationsSFPUcUsT1RUs
00018f02   tagControl__14NFCRFInterfaceSFPUcUsT1RUs
00018f72   ListenModeSleepNotification__23ListenModeNotificationsSFUcT1
00018fe0   rfGetListenModeRouting__19RFManagementHandlerSFPUcUsT1RUs
0001904e   Init__6IsoDepSFv
000190ba   baudrate_air__4RFIDSFUc
00019126   found__11TagActivitySFPUcRUs
00019190   releaseNtfLock__12NotificationSFv
000191fa   setDSLCount__17ConfigProprietarySFPUcUsT1RUs
00019264   setDeselectCount__17ConfigProprietarySFPUcUsT1RUs
000192ce   setRACKCount__17ConfigProprietarySFPUcUsT1RUs
00019338   setRLSCount__17ConfigProprietarySFPUcUsT1RUs
000193a2   setRNAKCount__17ConfigProprietarySFPUcUsT1RUs
0001940c   setRetryATNCount__17ConfigProprietarySFPUcUsT1RUs
00019476   setRetryNACKCount__17ConfigProprietarySFPUcUsT1RUs
000194e0   Call__11TagActivitySFUsPUcT1T2RUs
00019548   _auto_init
000195b0   pfBitRate__14ConfigurationsSFPUcUsT1RUs
00019618   sgLfT3tIdentifier__4RFIDSFPUcUsT1RUs
00019680   tagControl__8Tag15693SFPUcUsT1RUs
000196e8   sendApdu__17ListenModeHandlerSFPUcUsT1RUs
0001974e   setRatsParam__17ConfigProprietarySFPUcUsT1RUs
000197b4   Call__6FELICASFUsPUcT1T2RUs
00019818   Init__14Host_InterfaceSFv
0001987c   checkDid__16ListenModeNFCDEPSFPUcRUsUs
000198e0   pbHInfo__14ConfigurationsSFPUcUsT1RUs
00019944   pnAtrReqGenBytes__14ConfigurationsSFPUcUsT1RUs
000199a8   sgLnNfcDep__4RFIDSFPUcUsT1RUs
00019a0c   CollisionResolutionActivity__11TagActivitySFPUcUsT1RUs
00019a6e   TRF797x_displayMode__Fv
00019ad0   coreReset__14NCICoreHandlerSFPUcUsT1RUs
00019b32   pbBailOut__14ConfigurationsSFPUcUsT1RUs
00019b94   pnNfcDepSpeed__14ConfigurationsSFPUcUsT1RUs
00019bf6   setGetAttribGb__9Tag14443BSFPUcUsT1RUs
00019c58   TRF797x_checkField__F11tRssiStatus
00019cb8   isoProtocol__18ListenModeISO14443SFUcPUcUsT2RUs
00019d18   lfT3tFlags__14ConfigurationsSFPUcUsT1RUs
00019d78   minit
00019dd8   wakeupFromDH__16ListenModeFelicaSFv
00019e38   Call__16ListenModeFelicaSFUsPUcT1T2RUs
00019e94   oidRfSetListenModeRouting__19RFManagementHandlerSFPUcUsT1RUs
00019ef0   paBailOut__14ConfigurationsSFPUcUsT1RUs
00019f4c   pnAtrReqConfig__14ConfigurationsSFPUcUsT1RUs
00019fa8   sgRfFieldInfo__17ListenModeHandlerSFPUcUsT1RUs
0001a004   chainingHandler__6IsoDepSFUsPUcRUs
0001a05e   totalDuration__14ConfigurationsSFPUcUsT1RUs
0001a0b8   coreSetParam__14NCICoreHandlerSFPUcUsT1RUs
0001a110   loopBackConnCreate__28LoopBackCommunicationHandlerSFPUcUsT1RUs
0001a168   pbAttribParam1__14ConfigurationsSFPUcUsT1RUs
0001a1c0   __divul
0001a1c0   __remul
0001a218   Call__14MessageHandlerSFPUcUsT1RUs
0001a26e   Call__2HWSFUsUc
0001a2c4   Call__4RFIDSFUsUc
0001a31a   Call__6IsoDepSFUsUc
0001a370   clearNFCIDXs__11TagActivitySFv
0001a3c6   fwi_sfgiHandler__18ListenModeISO14443SFPUcUsT1RUs
0001a41c   lbHInfoResp__14ConfigurationsSFPUcUsT1RUs
0001a472   lnAtrResConfig__14ConfigurationsSFPUcUsT1RUs
0001a4c8   lnWt__14ConfigurationsSFPUcUsT1RUs
0001a51e   nfceeModeSet__22NFCEEManagementHandlerSFPUcUsT1RUs
0001a574   pbAfi__14ConfigurationsSFPUcUsT1RUs
0001a5ca   pbSensbReqParam__14ConfigurationsSFPUcUsT1RUs
0001a620   rFrameHandler__6IsoDepSFUsPUcRUs
0001a676   sendPendingIFrame__18ListenModeISO14443SFv
0001a6cc   send_apdu__6IsoDepSFPUcUsT1RUs
0001a722   slpReqA__18ListenModeISO14443SFPUcRUsUs
0001a778   conDevicesLimit__14ConfigurationsSFPUcUsT1RUs
0001a7cc   clearGre__9Tag14443BSFv
0001a81e   stateCardEmulator3__16ListenModeFelicaSFPUcUsT1RUs
0001a870   blink__Fv
0001a8c0   sgRetransmissionTime__17ConfigProprietarySFPUcUsT1RUs
0001a910   nfcdep__11TagActivitySFPUcUsT1RUs
0001a95e   setDiscoverMap__13RFDiscoverMapSFUcT1bT3
0001a9ac   setPupi__4RFIDSFPUcUsT1RUs
0001a9fa   sgPadding__4RFIDSFPUcUsT1RUs
0001aa48   Call__2HWSFUs
0001aa94   Init__4GPIOSFv
0001aae0   TRF797x_initiatorModeSetup__F24t_sTRF797x_InitiatorMode18t_sTRF797x_Bitrate
0001ab2c   coreConnClose__14NCICoreHandlerSFPUcUsT1RUs
0001ab78   getUID__9Tag14443BSFPUcRUs
0001abc4   gre_poll__9Tag14443BSFPUcRUs
0001ac10   lmSt_Sleep__17ListenModeHandlerSFv
0001ac5c   sgLfProtocolType__4RFIDSFPUcUsT1RUs
0001aca8   sgSensRes__4RFIDSFPUcUsT1RUs
0001acf4   tclapduWrapper__6IsoDepSFPUcRUs
0001ad40   Call__22NFCEEManagementHandlerSFUcPUcUsT2RUs
0001ad8a   convertBaudrateIntegerToBitRateCapability__18ListenModeISO14443SFUcT1RUc
0001add4   hwVersion__2HWSFUsPUcRUs
0001ae1e   laHistBy__14ConfigurationsSFPUcUsT1RUs
0001ae68   __fs_cmp
0001aeb2   sendFrame__18ListenModeISO14443SFPUcUs
0001aefc   Initialize__17ListenModeHandlerSFv
0001af44   RF_WriteMailBox
0001af8c   clearGre__6FELICASFv
0001afd4   iFrameHandler__6IsoDepSFUsPUcRUs
0001b01c   lmSt_CardEmulator4A__17ListenModeHandlerSFv
0001b064   run__17ListenModeHandlerSFPUcUsT1RUs
0001b0ac   send__5RFSPISFUcPUcT1b
0001b0f4   con_bitr__6FELICASFPUcUsT1RUs
0001b13a   coreInit__14NCICoreHandlerSFPUcUsT1RUs
0001b180   modeSet__17ListenModeHandlerSFPUcUsT1RUs
0001b1c6   __fs_tou
0001b20c   setNotification__12NotificationSFPUcUs
0001b252   checkCid__18ListenModeISO14443SFPUcUs
0001b296   ds_dr_A__18ListenModeISO14443SFPUcUsT1RUs
0001b2da   gre_attrib__9Tag14443BSFPUcRUs
0001b31e   lmSt_RouteToDeviceHost__17ListenModeHandlerSFv
0001b362   presenceCheck__6IsoDepSFPUcRUs
0001b3a6   send_apdu__6FELICASFPUcUsT1RUs
0001b3ea   setGetPPi__14NFCRFInterfaceSFPUcUsT1RUs
0001b42e   stateTargetF__16ListenModeNFCDEPSFPUcRUs
0001b472   cidHandler__18ListenModeISO14443SFPUcUsT1RUs
0001b4b4   con_devices_limit__11TagActivitySFPUcUsT1RUs
0001b4f6   directApduIntf__16ListenModeNFCDEPSFPUcUs
0001b538   gre_ats__9Tag14443ASFPUcRUs
0001b57a   gre_sel_res__9Tag14443ASFPUcRUs
0001b5bc   lfT3tMax__14ConfigurationsSFPUcUsT1RUs
0001b5fe   rFrameSend__18ListenModeISO14443SFUs
0001b640   Call__8RFSTIdleSFPUcUsT1RUs
0001b680   clearGre__9Tag14443ASFv
0001b6c0   coreConnCreate__14NCICoreHandlerSFPUcUsT1RUs
0001b700   directForward__16ListenModeFelicaSFPUcUsUc
0001b740   __divli
0001b740   __remli
0001b780   setDiscoverSelectParam__13ReaderHandlerSFPUcUs
0001b7c0   setGetNfcDepSpeed__14NFCRFInterfaceSFPUcUsT1RUs
0001b800   total_duration__11TagActivitySFPUcUsT1RUs
0001b840   version__4RFIDSFPUcUsT1RUs
0001b880   wakeupCompletionNtf__23ListenModeNotificationsSFv
0001b8c0   Call__28LoopBackCommunicationHandlerSFPUcUsT1RUs
0001b8fe   Write__14Host_InterfaceSFPUcUs
0001b93c   __nw__FUl
0001b97a   dataHandler__18ListenModeISO14443SFPUcUsT1RUs
0001b9b8   getRoutingTable__14LMRoutingTableSFPUcRUc
0001b9f6   rfSetListenModeRouting__19RFManagementHandlerSFPUcUsT1RUs
0001ba34   waitus__FUs
0001ba72   Run__13ReaderHandlerSFPUcUsT1RUs
0001baae   callback__4RFIDSFv
0001baea   con_adv_feat__9Tag14443ASFPUcUsT1RUs
0001bb26   deactNtf__16ListenModeFelicaSFv
0001bb62   deactivationEvent__19RFManagementHandlerSFv
0001bb9e   lmSt_TargetF__17ListenModeHandlerSFv
0001bbda   setRetryATNCount__14NFCRFInterfaceSFPUcUsT1RUs
0001bc16   setRetryNACKCount__14NFCRFInterfaceSFPUcUsT1RUs
0001bc52   sgAfi__4RFIDSFPUcUsT1RUs
0001bc8e   sgLfT3tFlags__4RFIDSFPUcUsT1RUs
0001bcca   sgSelRes__4RFIDSFPUcUsT1RUs
0001bd06   stateReadyBDecl__18ListenModeISO14443SFPUcUsT1RUs
0001bd42   Init__2HWSFv
0001bdb6   TRF797x_resetMode__Fv
0001bdf0   lmSt_Error__17ListenModeHandlerSFv
0001be2a   sendCommand__20CommunicationHandlerSFPUcUs
0001be64   sendMessage__16ListenModeFelicaSFPUcUs
0001be9e   setGetCid__6IsoDepSFPUcUsT1RUs
0001bed8   confRcByte__11TagActivitySFPUcUsT1RUs
0001bf10   lmSt_TargetA__17ListenModeHandlerSFv
0001bf48   resetProtocol__18ListenModeISO14443SFv
0001bf80   sendPendingDepRsp__16ListenModeNFCDEPSFv
0001bfb8   setTimeouts__4RFIDSFPUcUs
0001bff0   sgNfceeAction__17ListenModeHandlerSFPUcUsT1RUs
0001c028   DataExchangeActivity__11TagActivitySFPUcUsT1RUs
0001c0ca   SerialInterface__FPUcUsT1T2
0001c100   __CPR71__dataDispatcher__17ListenModeHandlerSFRQ2_J16J5_infoPUcUs
0001c136   __fs_itof
0001c16c   send_apdu__8Tag15693SFPUcUsT1RUs
0001c1a2   send_apdu__8TagTopazSFPUcUsT1RUs
0001c1d8   Init__19ConfigurationSetterSFv
0001c20c   bail_out_a__11TagActivitySFPUcUsT1RUs
0001c240   bail_out_b__11TagActivitySFPUcUsT1RUs
0001c274   con_anticoll__11TagActivitySFPUcUsT1RUs
0001c2a8   piBitRate__11TagActivitySFPUcUsT1RUs
0001c2dc   sendFrame__16ListenModeNFCDEPSFPUcUs
0001c310   StartFC__5TimerFUl
0001c342   Start__5TimerFUl
0001c374   TRF797x_setField__F9tExtField
0001c3a6   checkRTOX__16ListenModeNFCDEPSFv
0001c3d8   gre_poll__9Tag14443ASFPUcRUs
0001c40a   init__5RFSPISFv
0001c43c   __fs_ultof
0001c46e   sgBitrate__8Tag15693SFPUcUsT1RUs
0001c4a0   sgLfAdvFeat__4RFIDSFPUcUsT1RUs
0001c4d2   sgLfConBitrF__4RFIDSFPUcUsT1RUs
0001c504   suspend__17ListenModeHandlerSFv
0001c536   Init__7HWTimerSFv
0001c566   TRF797x_directCommand__FUc
0001c596   calcSENSFTimeout__17CalculationHelperSFUcT1
0001c5c6   con_rats__9Tag14443ASFPUcUsT1RUs
0001c5f6   dataHandler__16ListenModeFelicaSFPUcUsT1RUs
0001c626   getGreAtrRes__14NFCRFInterfaceSFPUcRUs
0001c656   iselapsed__5TimerFv
0001c686   stateCardEmulator4A__18ListenModeISO14443SFPUcUsT1RUs
0001c6b6   tagAFI__9Tag14443BSFPUcUsT1RUs
0001c6e6   tagSensbReqParam__9Tag14443BSFPUcUsT1RUs
0001c716   waitms__FUs
0001c746   Call__15CustomInterfaceSFPUcUsT1RUs
0001c774   Init__12NotificationSFv
0001c7a2   TRF797x_setup__Fv
0001c7d0   __CPR69__search4route__17ListenModeHandlerSFRQ2_J14J5_infoPUcUs
0001c7fe   __sti___18_host_interface_cpp_6c5797f4
0001c82c   gre_bitrate__14NFCRFInterfaceSFPUcRUs
0001c85a   lmSt_ActiveA__17ListenModeHandlerSFv
0001c888   nfcid2changeBack__16ListenModeFelicaSFPUcUs
0001c8b6   setACKCount__6IsoDepSFPUcUsT1RUs
0001c8e4   setDSLCount__14NFCRFInterfaceSFPUcUsT1RUs
0001c912   setNAKCount__6IsoDepSFPUcUsT1RUs
0001c940   setRLSCount__14NFCRFInterfaceSFPUcUsT1RUs
0001c96e   Init__8HWConfigSFv
0001c99a   convertBaudrateIntegerToBaudrate__18ListenModeISO14443SFUcRUc
0001c9c6   lmSt_CardEmulator3__17ListenModeHandlerSFv
0001c9f2   lmSt_SleepAF__17ListenModeHandlerSFv
0001ca1e   __divi
0001ca1e   __remi
0001ca4a   checkDhTimer__17ListenModeHandlerSFv
0001ca74   lnAtrGenBytes__14ConfigurationsSFPUcUsT1RUs
0001ca9e   memcpy
0001cac8   setProtocolSupport__14LMRoutingTableSFUcT1b
0001caf2   ticks32__7HWTimerSFv
0001cb1c   calcTR2min__17CalculationHelperSFUc
0001cb44   checkWTX__18ListenModeISO14443SFv
0001cb6c   lmSt_NoRemoteField__17ListenModeHandlerSFv
0001cb94   nfceeDiscover__22NFCEEManagementHandlerSFPUcUsT1RUs
0001cbbc   rawWrite__5RFSPISFPUcUc
0001cbe4   rfFieldInfoNotification__23ListenModeNotificationsSFb
0001cc0c   TIMER_A_configureContinuousMode
0001cc32   USCI_A_UART_disableInterrupt
0001cc58   checkPendingDepRsp__17ListenModeHandlerSFv
0001cc7e   checkPendingIFrame__17ListenModeHandlerSFv
0001cca4   checkRTOX__17ListenModeHandlerSFv
0001ccca   checkTargetActivated__4RFIDSFPUcRUs
0001ccf0   checkWTX__17ListenModeHandlerSFv
0001cd16   errorHandling__6IsoDepSFUsPUcRUs
0001cd3c   gre_bitrate__9Tag14443BSFPUcRUs
0001cd62   lnAtrResConf__16ListenModeNFCDEPSFPUcUsT1RUs
0001cd88   lnWt__16ListenModeNFCDEPSFPUcUsT1RUs
0001cdae   sendNotification__12NotificationSFPUcUsUc
0001cdd4   setDestination__17DataPacketHandlerSFUc
0001cdfa   setNfcId2__14NFCRFInterfaceSFPUcRUs
0001ce20   taAssembling__18ListenModeISO14443SFv
0001ce46   SENSF__6FELICASFUcT1
0001ce6a   TRF797x_setTargetSelect__Fb
0001ce8e   checkDhWakeup__17ListenModeHandlerSFv
0001ceb2   initTCLAPDU__6IsoDepSFv
0001ced6   lmSt_AtrReadyA__17ListenModeHandlerSFv
0001cefa   lmSt_ReadyF__17ListenModeHandlerSFv
0001cf1e   tagInit__9Tag14443BSFv
0001cf42   Call__12StatemachineSFUs
0001cf64   Call__13RFSTDiscoverySFPUcUsT1RUs
0001cf86   Init__14LMRoutingTableSFv
0001cfa8   getLfT3tMax__4RFIDSFUsPUcRUs
0001cfca   __mpyl_f5hw
0001cfec   sensfRC__14ConfigurationsSFPUcUsT1RUs
0001d00e   setGetDeselectCount__6IsoDepSFPUcUsT1RUs
0001d030   USCI_A_UART_transmitData
0001d050   __ct__5TimerFv
0001d070   isValueOK__8SettingsSFUcT1
0001d090   lmSt_AtrReadyF__17ListenModeHandlerSFv
0001d0b0   lmSt_ReadyBDecl__17ListenModeHandlerSFv
0001d0d0   memset
0001d0f0   DeviceDeactivationActivity__11TagActivitySFPUcUsT1RUs
0001d10e   DeviceDeactivationActivity__9Tag14443ASFPUcUsT1RUs
0001d12c   DeviceDeactivationActivity__9Tag14443BSFPUcUsT1RUs
0001d14a   Init__13RFDiscoverMapSFv
0001d168   Param1__9Tag14443BSFPUcRUs
0001d186   USCI_A_UART_enableInterrupt
0001d1a4   USCI_A_UART_receiveData
0001d1c2   coll_pend__11TagActivitySFPUcRUs
0001d1e0   connAvailable__17DataPacketHandlerSFv
0001d1fe   get_last_nfcidx_tech__11TagActivitySFPUcRUs
0001d21c   gre_bitrate__9Tag14443ASFPUcRUs
0001d23a   listenCLTRun__17ListenModeHandlerSFPUcUsT1RUs
0001d258   lmSt_CardEmulator4B__17ListenModeHandlerSFv
0001d276   saveFrame__16ListenModeNFCDEPSFPUcUs
0001d294   saveFrame__18ListenModeISO14443SFPUcUs
0001d2b2   sendFrame__16ListenModeNFCDEPSFPUcUsT1RUs
0001d2d0   sendFrame__18ListenModeISO14443SFPUcUsT1RUs
0001d2ee   tagAPDU__6FELICASFPUcUsT1RUs
0001d30c   tagAPDU__6IsoDepSFPUcUsT1RUs
0001d32a   tagAPDU__8TagTopazSFPUcUsT1RUs
0001d348   ATTRIB__9Tag14443BSFPUc
0001d364   Init__18ListenModeISO14443SFv
0001d380   WDT_A_hold
0001d39c   resetProtocol__16ListenModeNFCDEPSFv
0001d3b8   stateCardEmulator4B__18ListenModeISO14443SFPUcUsT1RUs
0001d3d4   tagInit__9Tag14443ASFv
0001d3f0   tbAssembling__18ListenModeISO14443SFv
0001d40c   FieldReset__4RFIDSFUs
0001d426   bootloaderFlag__17ConfigProprietarySFPUcUsT1RUs
0001d440   enableDiscover__22NFCEEManagementHandlerSFPUcRUs
0001d45a   getDiscoverMap__13RFDiscoverMapSFUsT1
0001d474   init__11ApplicationSFv
0001d48e   nfcdepOpconfig__16ListenModeNFCDEPSFPUcUsT1RUs
0001d4a8   tcAssembling__18ListenModeISO14443SFv
0001d4c2   __sti___8_RFID_cpp_533a4125
0001d4da   getPowerState__18NCIPowermanagementSFv
0001d4f2   setExtField__4GPIOSFb
0001d50a   __sti___14_DebugPrint_cpp_372aa430
0001d520   __sti___16_Notification_cpp_22baeebe
0001d536   lmSt_CardEmulator2__17ListenModeHandlerSFv
0001d54c   lmSt_PreActivation__17ListenModeHandlerSFv
0001d562   main
0001d578   resetProtocol__13ReaderHandlerSFv
0001d58e   __divu
0001d58e   __remu
0001d5a4   __mpyi_f5hw
0001d5ba   DataExchangeActivity__9Tag14443BSFPUcUsT1RUs
0001d5ce   HFField__4RFIDSFc
0001d5e2   Init__8SettingsSFv
0001d5f6   TRF797x_writeSingle__FUcT1
0001d60a   decrementPni__16ListenModeNFCDEPSFRUc
0001d61e   init__6FELICASFv
0001d632   modeDetection__4RFIDSFPUcRUs
0001d646   transfer__5RFSPISFUc
0001d65a   __sti___17_ReaderHandler_cpp_ddd4e69e
0001d66c   ackNackFrameHandler__14NFCRFInterfaceSFPUcRUs
0001d67e   bufferInit__9Tag14443BSFv
0001d690   dataDispatcherFixed__17ListenModeHandlerSFPUcUs
0001d6a2   emptyRoutingTable__14LMRoutingTableSFv
0001d6c6   read__5RFSPISFUcPUc
0001d6d8   write__5RFSPISFUcPUc
0001d6ea   Setup14443A_Bitframe__4RFIDSFUc
0001d6fa   incrementPni__16ListenModeNFCDEPSFRUc
0001d70a   nfceeConnCreate__25NFCEECommunicationHandlerSFPUcUsT1RUs
0001d71a   readCont__5RFSPISFUcPUcT1
0001d72a   run__4RFIDSFv
0001d73a   setAnyMode__4GPIOSFb
0001d74a   setCEMode__4GPIOSFb
0001d75a   setP2PTargetMode__4GPIOSFb
0001d76a   setRWMode__4GPIOSFb
0001d77a   setSerialRX__4GPIOSFb
0001d78a   setSerialTX__4GPIOSFb
0001d79a   statusResponse__14MessageHandlerSFUcPUcRUs
0001d7aa   writeCont__5RFSPISFUcPUcT1
0001d7ba   lmSt_cltSession__17ListenModeHandlerSFv
0001d7c8   Call__16RFSTListenActiveSFPUcUsT1RUs
0001d7d4   Dummy__11TagActivitySFUsPUcT1T2RUs
0001d7e0   Stop__5TimerFv
0001d7ec   TRF797x_readCont__FPUcUcT2
0001d7f8   TRF797x_readSingle__FPUcUc
0001d804   TRF797x_writeCont__FPUcUcT2
0001d810   USCI_A_UART_clearInterruptFlag
0001d81c   cltGotoHalt__17ListenModeHandlerSFv
0001d828   run__2HWSFv
0001d834   setSFGI__6IsoDepSFUc
0001d840   Received__14Host_InterfaceSFv
0001d84a   TRF797x_resetFIFO__Fv
0001d854   Timing__4RFIDSFUcUs
0001d85e   USCI_A_UART_getInterruptStatus
0001d868   __sti___15_TagActivity_cpp_7c03655d
0001d872   __sti___20_ListenModeNFCDEP_cpp_c3c3dfc4
0001d87c   __sti___21_ListenModeHandler_cpp_277c574a
0001d886   __sti___22_ListenModeISO14443_cpp_9930b640
0001d890   __sti___26_NFCEEManagementHandler_cpp_104db363
0001d89a   _system_pre_init
0001d8a4   cltGotoInit__17ListenModeHandlerSFv
0001d8ae   deleteNotification__12NotificationSFUcb
0001d8b8   protocolRun__Fv
0001d8c2   I_LSL
0001d8cc   I_LSR
0001d8d6   run__11ApplicationSFv
0001d8e0   Call__14RFSTPollActiveSFPUcUsT1RUs
0001d8e8   Init__16ListenModeFelicaSFv
0001d8f0   resume__17ListenModeHandlerSFv
0001d8f8   waitBus__5RFSPISFv
0001d900   DataExchangeActivity__9Tag14443ASFPUcUsT1RUs
0001d906   RF_getBitframe
0001d90c   Setup14443A_Byteframe__4RFIDSFv
0001d912   TIMER_A_startCounter
0001d918   USCI_A_UART_enable
0001d91e   callbackInit__4RFIDSFPFv_b
0001d924   disableNfcee__22NFCEEManagementHandlerSFUc
0001d92a   enableNfcee__22NFCEEManagementHandlerSFUc
0001d930   eventDummySend__17ListenModeHandlerSFPUcUsb
0001d936   getChainingStatus__17DataPacketHandlerSFv
0001d93c   lmSt_ReadyBReqU__17ListenModeHandlerSFv
0001d942   reset__2HWSFv
0001d948   setChainingStatus__17DataPacketHandlerSFb
0001d94e   BitCollision__4RFIDSFv
0001d952   Call__14RFSTHostSelectSFPUcUsT1RUs
0001d956   Call__15RFSTListenSleepSFPUcUsT1RUs
0001d95a   Call__18RFSTAllDiscoveriesSFPUcUsT1RUs
0001d95e   Call__25NFCEECommunicationHandlerSFPUcUsT1RUsUc
0001d962   Call_fw__22NFCEEManagementHandlerSFUsPUcT1T2RUs
0001d966   C$$EXIT
0001d966   abort
0001d96a   functionDummy__4RFIDSFv
0001d96e   getLLCinstance__22NFCEEManagementHandlerSFUc
0001d972   nfcbDataExchangeConfiguration__19RFManagementHandlerSFPUcUsT1RUs
0001d976   nfceeConnClose__25NFCEECommunicationHandlerSFUc
0001d97a   piccTimeout__17ConfigProprietarySFPUcUsT1RUs
0001d97e   Idle__2HWSFv
0001d980   Init__22NFCEEManagementHandlerSFv
0001d982   __default_new_handler__Fv
0001d984   _nop
0001d986   eventDummy__17ListenModeHandlerSFv
ffffffff   .text
ffffffff   __binit__
ffffffff   __c_args__
ffffffff   __etext__
ffffffff   __text__
ffffffff   binit
ffffffff   etext

[1861 symbols]
