******************************************************************************
                  MSP430 Linker PC v4.3.4                      
******************************************************************************
>> Linked Tue Oct 28 23:21:47 2014

OUTPUT FILE NAME:   <RW_P2P_CE_1.out>
ENTRY POINT SYMBOL: "_c_int00"  address: 00004c12


MEMORY CONFIGURATION

         name            origin    length      used     unused   attr    fill
----------------------  --------  ---------  --------  --------  ----  --------
  SFR                   00000000   00000010  00000000  00000010  RWIX
  PERIPHERALS_8BIT      00000010   000000f0  00000000  000000f0  RWIX
  PERIPHERALS_16BIT     00000100   00000100  00000000  00000100  RWIX
  INFOD                 00001800   00000080  00000000  00000080  RWIX
  INFOC                 00001880   00000080  00000000  00000080  RWIX
  INFOB                 00001900   00000080  00000000  00000080  RWIX
  INFOA                 00001980   00000080  00000000  00000080  RWIX
  USBRAM                00001c00   00000800  00000000  00000800  RWIX
  RAM                   00002400   00002000  00001660  000009a0  RWIX
  FLASH                 00004400   0000bb80  0000bb80  00000000  RWIX
  INT00                 0000ff80   00000002  00000000  00000002  RWIX
  INT01                 0000ff82   00000002  00000000  00000002  RWIX
  INT02                 0000ff84   00000002  00000000  00000002  RWIX
  INT03                 0000ff86   00000002  00000000  00000002  RWIX
  INT04                 0000ff88   00000002  00000000  00000002  RWIX
  INT05                 0000ff8a   00000002  00000000  00000002  RWIX
  INT06                 0000ff8c   00000002  00000000  00000002  RWIX
  INT07                 0000ff8e   00000002  00000000  00000002  RWIX
  INT08                 0000ff90   00000002  00000000  00000002  RWIX
  INT09                 0000ff92   00000002  00000000  00000002  RWIX
  INT10                 0000ff94   00000002  00000000  00000002  RWIX
  INT11                 0000ff96   00000002  00000000  00000002  RWIX
  INT12                 0000ff98   00000002  00000000  00000002  RWIX
  INT13                 0000ff9a   00000002  00000000  00000002  RWIX
  INT14                 0000ff9c   00000002  00000000  00000002  RWIX
  INT15                 0000ff9e   00000002  00000000  00000002  RWIX
  INT16                 0000ffa0   00000002  00000000  00000002  RWIX
  INT17                 0000ffa2   00000002  00000000  00000002  RWIX
  INT18                 0000ffa4   00000002  00000000  00000002  RWIX
  INT19                 0000ffa6   00000002  00000000  00000002  RWIX
  INT20                 0000ffa8   00000002  00000000  00000002  RWIX
  INT21                 0000ffaa   00000002  00000000  00000002  RWIX
  INT22                 0000ffac   00000002  00000000  00000002  RWIX
  INT23                 0000ffae   00000002  00000000  00000002  RWIX
  INT24                 0000ffb0   00000002  00000000  00000002  RWIX
  INT25                 0000ffb2   00000002  00000000  00000002  RWIX
  INT26                 0000ffb4   00000002  00000000  00000002  RWIX
  INT27                 0000ffb6   00000002  00000000  00000002  RWIX
  INT28                 0000ffb8   00000002  00000000  00000002  RWIX
  INT29                 0000ffba   00000002  00000000  00000002  RWIX
  INT30                 0000ffbc   00000002  00000000  00000002  RWIX
  INT31                 0000ffbe   00000002  00000000  00000002  RWIX
  INT32                 0000ffc0   00000002  00000000  00000002  RWIX
  INT33                 0000ffc2   00000002  00000000  00000002  RWIX
  INT34                 0000ffc4   00000002  00000000  00000002  RWIX
  INT35                 0000ffc6   00000002  00000000  00000002  RWIX
  INT36                 0000ffc8   00000002  00000000  00000002  RWIX
  INT37                 0000ffca   00000002  00000000  00000002  RWIX
  INT38                 0000ffcc   00000002  00000000  00000002  RWIX
  INT39                 0000ffce   00000002  00000000  00000002  RWIX
  INT40                 0000ffd0   00000002  00000000  00000002  RWIX
  INT41                 0000ffd2   00000002  00000002  00000000  RWIX
  INT42                 0000ffd4   00000002  00000002  00000000  RWIX
  INT43                 0000ffd6   00000002  00000002  00000000  RWIX
  INT44                 0000ffd8   00000002  00000002  00000000  RWIX
  INT45                 0000ffda   00000002  00000002  00000000  RWIX
  INT46                 0000ffdc   00000002  00000002  00000000  RWIX
  INT47                 0000ffde   00000002  00000002  00000000  RWIX
  INT48                 0000ffe0   00000002  00000002  00000000  RWIX
  INT49                 0000ffe2   00000002  00000002  00000000  RWIX
  INT50                 0000ffe4   00000002  00000002  00000000  RWIX
  INT51                 0000ffe6   00000002  00000002  00000000  RWIX
  INT52                 0000ffe8   00000002  00000002  00000000  RWIX
  INT53                 0000ffea   00000002  00000002  00000000  RWIX
  INT54                 0000ffec   00000002  00000002  00000000  RWIX
  INT55                 0000ffee   00000002  00000002  00000000  RWIX
  INT56                 0000fff0   00000002  00000002  00000000  RWIX
  INT57                 0000fff2   00000002  00000002  00000000  RWIX
  INT58                 0000fff4   00000002  00000002  00000000  RWIX
  INT59                 0000fff6   00000002  00000002  00000000  RWIX
  INT60                 0000fff8   00000002  00000002  00000000  RWIX
  INT61                 0000fffa   00000002  00000002  00000000  RWIX
  INT62                 0000fffc   00000002  00000002  00000000  RWIX
  RESET                 0000fffe   00000002  00000002  00000000  RWIX
  FLASH2                00010000   00014400  0000feef  00004511  RWIX


SECTION ALLOCATION MAP

 output                                  attributes/
section   page    origin      length       input sections
--------  ----  ----------  ----------   ----------------
.bss       0    00002400    0000107c     UNINITIALIZED
                  00002400    000002a2     RFID.obj (.bss)
                  000026a2    00000236     host_interface.obj (.bss)
                  000028d8    0000021c     nfclinklib.lib : NCI.obj (.bss)
                  00002af4    00000162                    : ListenModeHandler.obj (.bss)
                  00002c56    0000010f                    : Notification.obj (.bss)
                  00002d65    00000001     hardware.obj (.bss)
                  00002d66    0000010e     nfclinklib.lib : tagbuffer.obj (.bss)
                  00002e74    000000d3                    : Tag14443B.obj (.bss)
                  00002f47    00000001                    : RFCommunicationHandler.obj (.bss)
                  00002f48    000000c6                    : TagActivity.obj (.bss)
                  0000300e    00000090                    : ListenModeNFCDEP.obj (.bss)
                  0000309e    0000007f                    : NFCRFInterface.obj (.bss)
                  0000311d    00000001                    : RFSTDiscovery.obj (.bss)
                  0000311e    0000007c                    : ListenModeISO14443.obj (.bss)
                  0000319a    0000005e                    : Felica.obj (.bss)
                  000031f8    00000058                    : LMRoutingTable.obj (.bss)
                  00003250    0000004c     usb.obj (.bss)
                  0000329c    0000003e     nfclinklib.lib : Tag14443A.obj (.bss)
                  000032da    0000003e                    : Tag15693.obj (.bss)
                  00003318    0000003a                    : ReaderHandler.obj (.bss)
                  00003352    00000037                    : settings.obj (.bss)
                  00003389    00000001     --HOLE--
                  0000338a    0000002e     UsbCdc.obj (.bss)
                  000033b8    00000028     nfclinklib.lib : IsoDep.obj (.bss)
                  000033e0    00000011                    : RFDiscoverMap.obj (.bss)
                  000033f1    00000001     --HOLE--
                  000033f2    00000010                    : RFSTErrorCounter.obj (.bss)
                  00003402    0000000f                    : DebugPrint.obj (.bss)
                  00003411    00000001     --HOLE--
                  00003412    0000000e     rts430xl.lib : memory.obj (.bss)
                  00003420    0000000b     nfclinklib.lib : DataPacketHandler.obj (.bss)
                  0000342b    00000001     --HOLE--
                  0000342c    0000000a     main.obj (.bss)
                  00003436    0000000a     nfclinklib.lib : CommunicationHandler.obj (.bss)
                  00003440    0000000a                    : NFCEEManagementHandler.obj (.bss)
                  0000344a    00000008     rts430xl.lib : _lock.obj (.bss)
                  00003452    00000008                  : boot.obj (.bss)
                  0000345a    00000008     ucs.obj (.bss)
                  00003462    00000008     usbdma.obj (.bss)
                  0000346a    00000006     MSP430_hardware.obj (.bss)
                  00003470    00000004     rts430xl.lib : vars.obj (.bss)
                  00003474    00000002     nfclinklib.lib : ConfigProprietary.obj (.bss)
                  00003476    00000002                    : RFManagementHandler.obj (.bss)
                  00003478    00000002                    : Statemachine.obj (.bss)
                  0000347a    00000002                    : TagTopaz.obj (.bss)

.data      0    00002400    00000000     UNINITIALIZED

.sysmem    0    0000347c    00000008     UNINITIALIZED
                  0000347c    00000008     rts430xl.lib : memory.obj (.sysmem)

.stack     0    00003e24    000005dc     UNINITIALIZED
                  00003e24    00000004     rts430xl.lib : boot.obj (.stack)
                  00003e28    000005d8     --HOLE--

.cinit     0    00004400    000006da     
                  00004400    000000fd     nfclinklib.lib : ListenModeHandler.obj (.cinit)
                  000044fd    00000001     --HOLE-- [fill = 0]
                  000044fe    000000f5                    : NFCRFInterface.obj (.cinit)
                  000045f3    00000001     --HOLE-- [fill = 0]
                  000045f4    000000d7                    : ReaderHandler.obj (.cinit)
                  000046cb    00000001     --HOLE-- [fill = 0]
                  000046cc    000000cf                    : ListenModeISO14443.obj (.cinit)
                  0000479b    00000001     --HOLE-- [fill = 0]
                  0000479c    00000097                    : ListenModeNFCDEP.obj (.cinit)
                  00004833    00000001     --HOLE-- [fill = 0]
                  00004834    00000082     RFID.obj (.cinit)
                  000048b6    00000057     nfclinklib.lib : IsoDep.obj (.cinit)
                  0000490d    00000001     --HOLE-- [fill = 0]
                  0000490e    00000040                    : NCI.obj (.cinit)
                  0000494e    0000003f                    : Notification.obj (.cinit)
                  0000498d    00000001     --HOLE-- [fill = 0]
                  0000498e    00000029                    : TagActivity.obj (.cinit)
                  000049b7    00000001     --HOLE-- [fill = 0]
                  000049b8    00000022     usb.obj (.cinit)
                  000049da    00000017     nfclinklib.lib : NFCEEManagementHandler.obj (.cinit)
                  000049f1    00000001     --HOLE-- [fill = 0]
                  000049f2    00000017                    : RFDiscoverMap.obj (.cinit)
                  00004a09    00000001     --HOLE-- [fill = 0]
                  00004a0a    00000014     ucs.obj (.cinit)
                  00004a1e    00000010     main.obj (.cinit)
                  00004a2e    00000010     nfclinklib.lib : CommunicationHandler.obj (.cinit)
                  00004a3e    00000010                    : tagbuffer.obj (.cinit)
                  00004a4e    0000000f                    : DataPacketHandler.obj (.cinit)
                  00004a5d    00000001     --HOLE-- [fill = 0]
                  00004a5e    0000000f                    : Statemachine.obj (.cinit)
                  00004a6d    00000001     --HOLE-- [fill = 0]
                  00004a6e    0000000f                    : settings.obj (.cinit)
                  00004a7d    00000001     --HOLE-- [fill = 0]
                  00004a7e    0000000a     rts430xl.lib : vars.obj (.cinit)
                  00004a88    00000008     nfclinklib.lib : ConfigProprietary.obj (.cinit)
                  00004a90    00000008                    : RFManagementHandler.obj (.cinit)
                  00004a98    00000008                    : TagTopaz.obj (.cinit)
                  00004aa0    00000008     rts430xl.lib : memory.obj (.cinit)
                  00004aa8    00000007     MSP430_hardware.obj (.cinit)
                  00004aaf    00000001     --HOLE-- [fill = 0]
                  00004ab0    00000007     host_interface.obj (.cinit)
                  00004ab7    00000001     --HOLE-- [fill = 0]
                  00004ab8    00000007     nfclinklib.lib : DebugPrint.obj (.cinit)
                  00004abf    00000001     --HOLE-- [fill = 0]
                  00004ac0    00000007                    : RFCommunicationHandler.obj (.cinit)
                  00004ac7    00000001     --HOLE-- [fill = 0]
                  00004ac8    00000007                    : RFSTDiscovery.obj (.cinit)
                  00004acf    00000001     --HOLE-- [fill = 0]
                  00004ad0    00000007                    : Tag15693.obj (.cinit)
                  00004ad7    00000001     --HOLE-- [fill = 0]
                  00004ad8    00000002     (.pad.cinit) [fill = 0]

.text:_isr 
*          0    00004ada    000001da     
                  00004ada    00000138     UsbIsr.obj (.text:_isr:iUsbInterruptHandler)
                  00004c12    0000002a     rts430xl.lib : boot.obj (.text:_isr:_c_int00_noexit)
                  00004c3c    00000028     RFID.obj (.text:_isr:TRF797x_IRQ_ISR__Fv)
                  00004c64    00000004     MSP430_hardware.obj (.text:_isr:ADC12_ISR__Fv)
                  00004c68    00000004     MSP430_hardware.obj (.text:_isr:COMP_B_ISR__Fv)
                  00004c6c    00000004     MSP430_hardware.obj (.text:_isr:DMA_ISR__Fv)
                  00004c70    00000004     MSP430_hardware.obj (.text:_isr:PORT1_ISR__Fv)
                  00004c74    00000004     MSP430_hardware.obj (.text:_isr:RTC_ISR__Fv)
                  00004c78    00000004     MSP430_hardware.obj (.text:_isr:SYSNMI_ISR__Fv)
                  00004c7c    00000004     MSP430_hardware.obj (.text:_isr:TIMER0_A0_ISR__Fv)
                  00004c80    00000004     MSP430_hardware.obj (.text:_isr:TIMER0_A1_ISR__Fv)
                  00004c84    00000004     MSP430_hardware.obj (.text:_isr:TIMER0_B0_ISR__Fv)
                  00004c88    00000004     MSP430_hardware.obj (.text:_isr:TIMER0_B1_ISR__Fv)
                  00004c8c    00000004     MSP430_hardware.obj (.text:_isr:TIMER1_A0_ISR__Fv)
                  00004c90    00000004     MSP430_hardware.obj (.text:_isr:TIMER1_A1_ISR__Fv)
                  00004c94    00000004     MSP430_hardware.obj (.text:_isr:TIMER2_A0_ISR__Fv)
                  00004c98    00000004     MSP430_hardware.obj (.text:_isr:TIMER2_A1_ISR__Fv)
                  00004c9c    00000004     MSP430_hardware.obj (.text:_isr:UNMI_ISR__Fv)
                  00004ca0    00000004     MSP430_hardware.obj (.text:_isr:USCI_A0_ISR__Fv)
                  00004ca4    00000004     host_interface.obj (.text:_isr:USCI_A1_ISR__Fv)
                  00004ca8    00000004     MSP430_hardware.obj (.text:_isr:USCI_B0_ISR__Fv)
                  00004cac    00000004     MSP430_hardware.obj (.text:_isr:USCI_B1_ISR__Fv)
                  00004cb0    00000004     MSP430_hardware.obj (.text:_isr:WTD_ISR__Fv)

.pinit     0    00004cb4    0000002c     
                  00004cb4    00000004     RFID.obj (.pinit)
                  00004cb8    00000004     host_interface.obj (.pinit)
                  00004cbc    00000004     nfclinklib.lib : DebugPrint.obj (.pinit)
                  00004cc0    00000004                    : ListenModeHandler.obj (.pinit)
                  00004cc4    00000004                    : ListenModeISO14443.obj (.pinit)
                  00004cc8    00000004                    : ListenModeNFCDEP.obj (.pinit)
                  00004ccc    00000004                    : NFCEEManagementHandler.obj (.pinit)
                  00004cd0    00000004                    : Notification.obj (.pinit)
                  00004cd4    00000004                    : ReaderHandler.obj (.pinit)
                  00004cd8    00000004                    : TagActivity.obj (.pinit)
                  00004cdc    00000004     --HOLE-- [fill = 0]

.text.1    0    00004ce0    0000b2a0     
                  00004ce0    00000710     RFID.obj (.text:TRF797x_irqHandler__FUi)
                  000053f0    00000706     nfclinklib.lib : ConfigurationSetter.obj (.text:Call__19ConfigurationSetterSFPUcUsT1RUs)
                  00005af6    00000642     UsbCdc.obj (.text:USBCDC_receiveData)
                  00006138    00000616     nfclinklib.lib : ConfigurationGetter.obj (.text:Call__19ConfigurationGetterSFPUcUsT1RUs)
                  0000674e    00000586                    : ConfigProprietary.obj (.text:transceiveRfDisable__17ConfigProprietarySFPUcUsT1RUs)
                  00006cd4    000004fe     RFID.obj (.text:anticollisionProcess__4RFIDSFPUcUc)
                  000071d2    000003ee     nfclinklib.lib : ReaderHandler.obj (.text:getDataTypeA__13ReaderHandlerSFPUcUsT1RUsT1T4RUcb)
                  000075c0    000003e8     UsbCdc.obj (.text:CdcToHostFromBuffer)
                  000079a8    000003c6     nfclinklib.lib : ReaderHandler.obj (.text:getDataTypeF__13ReaderHandlerSFPUcUsT1RUsT1T4RUcb)
                  00007d6e    000003c4     RFID.obj (.text:control__4RFIDSFPUcUsT1RUs)
                  00008132    00000396     nfclinklib.lib : ReaderHandler.obj (.text:pollingLoop__13ReaderHandlerSFPUcUsT1RUs)
                  000084c8    00000386                    : ConfigurationSetter.obj (.text:__CPR83__Call_Proprietary__19ConfigurationSetterSFRQ2_J18J6configPUcUsT2RUs)
                  0000884e    00000370                    : NFCRFInterface.obj (.text:sendMessage__14NFCRFInterfaceSFPUcUsT1RUs)
                  00008bbe    0000032c     UsbCdc.obj (.text:CdcToBufferFromHost)
                  00008eea    00000322     nfclinklib.lib : TagActivity.obj (.text:TechnologyDetectionActivity__11TagActivitySFPUcUsT1RUs)
                  0000920c    00000308                    : TagActivity.obj (.text:tagControl__11TagActivitySFPUcUsT1RUs)
                  00009514    00000304                    : ListenModeNotifications.obj (.text:TargetNotification__23ListenModeNotificationsSFUc)
                  00009818    000002f6     RFID.obj (.text:SetupFrame__4RFIDSFUc)
                  00009b0e    000002f0     nfclinklib.lib : NFCRFInterface.obj (.text:atrRequest__14NFCRFInterfaceSFPUcUsT1RUs)
                  00009dfe    000002d4                    : Felica.obj (.text:SENSF__6FELICASFUcN21)
                  0000a0d2    000002c0                    : ListenModeNFCDEP.obj (.text:atrResponse__16ListenModeNFCDEPSFPUcUsUc)
                  0000a392    000002be                    : LMRoutingTable.obj (.text:setRoutingTable__14LMRoutingTableSFPUcUc)
                  0000a650    000002a2                    : IsoDep.obj (.text:sendTCLAPDU__6IsoDepSFPUcUsT1RUs)
                  0000a8f2    0000028e                    : settings.obj (.text:convertData__8SettingsSFv)
                  0000ab80    00000276                    : Tag14443B.obj (.text:REQB__9Tag14443BSFbUcPUcRUs)
                  0000adf6    00000258     RFID.obj (.text:TRF797x_writeFIFO__FPUc12tTRF797x_CRCUcT3)
                  0000b04e    0000023c     nfclinklib.lib : Tag14443A.obj (.text:ACFrame__9Tag14443ASFUcPUcN21RUcT5)
                  0000b28a    00000220                    : Tag14443B.obj (.text:CollisionResolutionActivity__9Tag14443BSFv)
                  0000b4aa    0000021a                    : RFCommunicationHandler.obj (.text:Call__22RFCommunicationHandlerSFPUcUsT1RUs)
                  0000b6c4    00000214                    : TagActivity.obj (.text:DeviceActivationActivity__11TagActivitySFPUcUsT1RUs)
                  0000b8d8    00000210                    : ListenModeNFCDEP.obj (.text:iFrameSend__16ListenModeNFCDEPSFPUcRUs)
                  0000bae8    00000208                    : ConfigurationGetter.obj (.text:__CPR76__Call_PROP__19ConfigurationGetterSFRQ2_J11J6configPUcUsT2RUs)
                  0000bcf0    000001f2                    : RFManagementHandler.obj (.text:rfTechnologyAndMode__19RFManagementHandlerSFPUcUsT1RUs)
                  0000bee2    000001f0                    : Configurations.obj (.text:lbApplicationData__14ConfigurationsSFPUcUsT1RUs)
                  0000c0d2    000001e4                    : ListenModeNFCDEP.obj (.text:dataHandler__16ListenModeNFCDEPSFPUcUsT1RUs)
                  0000c2b6    000001e2                    : ListenModeHandler.obj (.text:listenPassiveRun__17ListenModeHandlerSFPUcUsT1RUs)
                  0000c498    000001e0     RFID.obj (.text:TRF797x_switchInitiatorBaudRate__F18t_sTRF797x_Bitrateb)
                  0000c678    000001d2     RFID.obj (.text:TRF797x_targetInitialize__Fv)
                  0000c84a    000001cc     nfclinklib.lib : Tag14443B.obj (.text:ATTRIB__9Tag14443BSFv)
                  0000ca16    000001ca                    : Statemachine.obj (.text:checkListenActive__12StatemachineSFUsPUcT1T2RUs)
                  0000cbe0    000001c4                    : RFManagementHandler.obj (.text:Call__19RFManagementHandlerSFUcPUcUsT2RUs)
                  0000cda4    000001c4                    : Configurations.obj (.text:liFwi__14ConfigurationsSFPUcUsT1RUs)
                  0000cf68    000001be                    : NCICoreHandler.obj (.text:Call__14NCICoreHandlerSFUcPUcUsT2RUs)
                  0000d126    000001b8                    : ListenModeHandler.obj (.text:Call__17ListenModeHandlerSFUsPUcT1T2RUs)
                  0000d2de    000001b4                    : ListenModeISO14443.obj (.text:answerAttrib__18ListenModeISO14443SFPUcUs)
                  0000d492    000001b4                    : NFCRFInterface.obj (.text:dslRequest__14NFCRFInterfaceSFPUcUsT1RUs)
                  0000d646    000001b0                    : NFCRFInterface.obj (.text:answerParser__14NFCRFInterfaceSFPUcUsT1RUs)
                  0000d7f6    000001ae     usb.obj (.text:USB_reset)
                  0000d9a4    000001ae     nfclinklib.lib : NFCRFInterface.obj (.text:pslRequest__14NFCRFInterfaceSFPUcUsT1RUs)
                  0000db52    000001ac     RFID.obj (.text:transceive__4RFIDSFUcPUcUsT2RUs)
                  0000dcfe    000001aa     nfclinklib.lib : Configurations.obj (.text:laNfcid1__14ConfigurationsSFPUcUsT1RUs)
                  0000dea8    000001a4                    : ConfigurationGetter.obj (.text:__CPR74__Call_LF__19ConfigurationGetterSFRQ2_J9J6configPUcUsT2RUs)
                  0000e04c    000001a4                    : Tag14443A.obj (.text:sgDTAextension__9Tag14443ASFUsPUcT1T2RUs)
                  0000e1f0    0000019e                    : ConfigurationSetter.obj (.text:__CPR74__Call_LF__19ConfigurationSetterSFRQ2_J9J6configPUcUsT2RUs)
                  0000e38e    0000019a                    : ReaderHandlerActivation.obj (.text:t4BtIsoDepActivation__23ReaderHandlerActivationSFPUcUsT1RUsT1T4RUc)
                  0000e528    00000194                    : ReaderHandler.obj (.text:getDataTypeActive__13ReaderHandlerSFPUcUsT1RUsT1T4RUcb)
                  0000e6bc    00000194                    : NFCRFInterface.obj (.text:sendAttention__14NFCRFInterfaceSFPUcRUs)
                  0000e850    00000190                    : Configurations.obj (.text:lbSfgi__14ConfigurationsSFPUcUsT1RUs)
                  0000e9e0    00000190                    : NFCRFInterface.obj (.text:rslRequest__14NFCRFInterfaceSFPUcUsT1RUs)
                  0000eb70    0000018e     UsbCdc.obj (.text:CopyUsbToBuff)
                  0000ecfe    00000186     nfclinklib.lib : Configurations.obj (.text:lbAdcFo__14ConfigurationsSFPUcUsT1RUs)
                  0000ee84    00000186                    : ReaderHandlerActivation.obj (.text:t4AtIsoDepActivation__23ReaderHandlerActivationSFPUcUsT1RUsT1T4RUc)
                  0000f00a    00000184                    : settings.obj (.text:readData__8SettingsSFUsRUc)
                  0000f18e    00000184                    : NCI.obj (.text:run__3NCISFv)
                  0000f312    0000017c                    : Felica.obj (.text:gre_poll__6FELICASFPUcRUs)
                  0000f48e    00000178                    : Tag14443A.obj (.text:CollisionResolutionActivity__9Tag14443ASFv)
                  0000f606    00000178                    : RFManagementHandler.obj (.text:performDeactivation__19RFManagementHandlerSFPUcUsT1RUsUc)
                  0000f77e    00000176                    : ListenModeNotifications.obj (.text:CardEmulator4Notification__23ListenModeNotificationsSFUc)
                  0000f8f4    00000176                    : ReaderHandler.obj (.text:getTagInformations__13ReaderHandlerSFPUcUsT1RUsT1T4RUcb)
                  0000fa6a    00000176                    : ReaderHandlerActivation.obj (.text:t4tNfcDepActivation__23ReaderHandlerActivationSFPUcUsT1RUsT1T4RUc)
                  0000fbe0    00000172                    : ListenModeISO14443.obj (.text:iFrameSend__18ListenModeISO14443SFPUcRUs)
                  0000fd52    0000016c                    : ListenModeNotifications.obj (.text:CardEmulator3Notification__23ListenModeNotificationsSFv)
                  0000febe    000000c0                    : ListenModeNFCDEP.obj (.text:Call__16ListenModeNFCDEPSFUsPUcT1T2RUs)
                  0000ff7e    00000002     hardware.obj (.text:Idle__2HWSFv)

RTC        0    0000ffd2    00000002     
                  0000ffd2    00000002     MSP430_hardware.obj (.int41)

PORT2      0    0000ffd4    00000002     
                  0000ffd4    00000002     RFID.obj (.int42)

TIMER2_A1 
*          0    0000ffd6    00000002     
                  0000ffd6    00000002     MSP430_hardware.obj (.int43)

TIMER2_A0 
*          0    0000ffd8    00000002     
                  0000ffd8    00000002     MSP430_hardware.obj (.int44)

USCI_B1    0    0000ffda    00000002     
                  0000ffda    00000002     MSP430_hardware.obj (.int45)

USCI_A1    0    0000ffdc    00000002     
                  0000ffdc    00000002     host_interface.obj (.int46)

PORT1      0    0000ffde    00000002     
                  0000ffde    00000002     MSP430_hardware.obj (.int47)

TIMER1_A1 
*          0    0000ffe0    00000002     
                  0000ffe0    00000002     MSP430_hardware.obj (.int48)

TIMER1_A0 
*          0    0000ffe2    00000002     
                  0000ffe2    00000002     MSP430_hardware.obj (.int49)

DMA        0    0000ffe4    00000002     
                  0000ffe4    00000002     MSP430_hardware.obj (.int50)

USB_UBM    0    0000ffe6    00000002     
                  0000ffe6    00000002     UsbIsr.obj (.int51)

TIMER0_A1 
*          0    0000ffe8    00000002     
                  0000ffe8    00000002     MSP430_hardware.obj (.int52)

TIMER0_A0 
*          0    0000ffea    00000002     
                  0000ffea    00000002     MSP430_hardware.obj (.int53)

ADC12      0    0000ffec    00000002     
                  0000ffec    00000002     MSP430_hardware.obj (.int54)

USCI_B0    0    0000ffee    00000002     
                  0000ffee    00000002     MSP430_hardware.obj (.int55)

USCI_A0    0    0000fff0    00000002     
                  0000fff0    00000002     MSP430_hardware.obj (.int56)

WDT        0    0000fff2    00000002     
                  0000fff2    00000002     MSP430_hardware.obj (.int57)

TIMER0_B1 
*          0    0000fff4    00000002     
                  0000fff4    00000002     MSP430_hardware.obj (.int58)

TIMER0_B0 
*          0    0000fff6    00000002     
                  0000fff6    00000002     MSP430_hardware.obj (.int59)

COMP_B     0    0000fff8    00000002     
                  0000fff8    00000002     MSP430_hardware.obj (.int60)

UNMI       0    0000fffa    00000002     
                  0000fffa    00000002     MSP430_hardware.obj (.int61)

SYSNMI     0    0000fffc    00000002     
                  0000fffc    00000002     MSP430_hardware.obj (.int62)

.reset     0    0000fffe    00000002     
                  0000fffe    00000002     rts430xl.lib : boot.obj (.reset)

.text.2    0    00010000    0000fbb4     
                  00010000    00000168     nfclinklib.lib : settings.obj (.text:writeDynamic__8SettingsSFPUcUcT1T2)
                  00010168    00000166     RFID.obj (.text:TRF797x_switchTargetBaudRate__F18t_sTRF797x_Bitrateb)
                  000102ce    00000162     nfclinklib.lib : Tag14443A.obj (.text:parseAts__9Tag14443ASFPUcUs)
                  00010430    0000015a                    : NFCRFInterface.obj (.text:errorHandling__14NFCRFInterfaceSFUsPUcT1T2RUsT1)
                  0001058a    0000015a                    : NFCRFInterface.obj (.text:sendAckPdu__14NFCRFInterfaceSFPUcRUsT1T2)
                  000106e4    00000154                    : Tag14443A.obj (.text:DeviceActivationActivity__9Tag14443ASFPUcUsT1RUs)
                  00010838    00000154                    : Tag14443A.obj (.text:PPS__9Tag14443ASFRUc)
                  0001098c    00000154                    : Tag14443B.obj (.text:tagControl__9Tag14443BSFPUcUsT1RUs)
                  00010ae0    00000154                    : settings.obj (.text:writeData__8SettingsSFUsUc)
                  00010c34    00000152                    : IsoDep.obj (.text:sFrameHandler__6IsoDepSFUsPUcRUs)
                  00010d86    00000144                    : TagActivity.obj (.text:get_nfcidx__11TagActivitySFPUcRUs)
                  00010eca    00000142                    : Tag15693.obj (.text:Select__8Tag15693SFPUcRUs)
                  0001100c    0000013e     RFID.obj (.text:aacConfiguration__4RFIDSFPUcUsT1RUs)
                  0001114a    0000013c     nfclinklib.lib : ConfigurationSetter.obj (.text:__CPR74__Call_LB__19ConfigurationSetterSFRQ2_J9J6configPUcUsT2RUs)
                  00011286    0000013c                    : NCI.obj (.text:event__3NCISFv)
                  000113c2    0000013c                    : ReaderHandler.obj (.text:getDataTypeK__13ReaderHandlerSFPUcUsT1RUsT1T4RUcb)
                  000114fe    0000013c                    : ListenModeISO14443.obj (.text:sendPpsRsp__18ListenModeISO14443SFPUcRUs)
                  0001163a    00000138                    : settings.obj (.text:first_init__8SettingsSFv)
                  00011772    00000136                    : Tag14443A.obj (.text:Anticollision14443A__9Tag14443ASFPUcRUcT2)
                  000118a8    00000136                    : KroneggerPacketHandler.obj (.text:Call__22KroneggerPacketHandlerSFPUcUsT1RUs)
                  000119de    00000136                    : Configurations.obj (.text:lbSensbInfo__14ConfigurationsSFPUcUsT1RUs)
                  00011b14    00000134                    : Statemachine.obj (.text:checkPollActive__12StatemachineSFUsPUcT1T2RUs)
                  00011c48    00000132                    : NFCRFInterface.obj (.text:sendNackPdu__14NFCRFInterfaceSFPUcRUsT1T2)
                  00011d7a    0000012e                    : Tag14443B.obj (.text:Init__9Tag14443BSFv)
                  00011ea8    0000012e                    : Tag14443A.obj (.text:tagControl__9Tag14443ASFPUcUsT1RUs)
                  00011fd6    0000012a                    : ReaderHandler.obj (.text:getDataTypeV__13ReaderHandlerSFPUcUsT1RUsT1T4RUcb)
                  00012100    00000128     UsbCdc.obj (.text:USBCDC_intfStatus)
                  00012228    00000128     nfclinklib.lib : ListenModeNFCDEP.obj (.text:pslRes__16ListenModeNFCDEPSFUcPUcRUs)
                  00012350    00000126                    : Notification.obj (.text:setNotification__12NotificationSFPUcUsUc)
                  00012476    00000122                    : ListenModeFelica.obj (.text:processPushCmd__16ListenModeFelicaSFPUcRUs)
                  00012598    00000122                    : Tag15693.obj (.text:tagPoll__8Tag15693SFv)
                  000126ba    00000120                    : RFManagementHandler.obj (.text:rfT3tPolling__19RFManagementHandlerSFPUcUsT1RUs)
                  000127da    0000011e                    : ControlPacketHandler.obj (.text:Call__20ControlPacketHandlerSFPUcUsT1RUs)
                  000128f8    0000011a                    : CalculationHelper.obj (.text:calculateMrt__17CalculationHelperSFUcT1)
                  00012a12    00000118                    : ConfigurationSetter.obj (.text:__CPR74__Call_LA__19ConfigurationSetterSFRQ2_J9J6configPUcUsT2RUs)
                  00012b2a    00000118                    : ListenModeHandler.obj (.text:__CPR75__dissolvingProtocol__17ListenModeHandlerSFRQ2_J20J5_infoPUcUs)
                  00012c42    00000116                    : ReaderHandler.obj (.text:getDiscoverTypeAISONFC__13ReaderHandlerSFPUcUsT1RUsT1T4Uc)
                  00012d58    00000114                    : ConfigurationGetter.obj (.text:__CPR74__Call_LB__19ConfigurationGetterSFRQ2_J9J6configPUcUsT2RUs)
                  00012e6c    00000114                    : ListenModeHandler.obj (.text:eventHandler__17ListenModeHandlerSFUsPUcT1)
                  00012f80    00000114                    : ReaderHandler.obj (.text:executeDiscoverSelect__13ReaderHandlerSFPUcUsT1RUs)
                  00013094    00000114                    : ListenModeNFCDEP.obj (.text:iFrameHandler__16ListenModeNFCDEPSFUcPUcRUs)
                  000131a8    0000010e     RFID.obj (.text:readMailbox__4RFIDSFPUcRUs)
                  000132b6    0000010c     nfclinklib.lib : TagActivity.obj (.text:Init__11TagActivitySFv)
                  000133c2    0000010c                    : Tag14443A.obj (.text:REQA__9Tag14443ASFUcPUcRUs)
                  000134ce    0000010c                    : ListenModeISO14443.obj (.text:rHandler__18ListenModeISO14443SFPUcRUs)
                  000135da    0000010c                    : ListenModeHandler.obj (.text:writeMode__17ListenModeHandlerSFPUcUsT1RUs)
                  000136e6    0000010a                    : Configurations.obj (.text:laPlatformConfig__14ConfigurationsSFPUcUsT1RUs)
                  000137f0    0000010a                    : ListenModeFelica.obj (.text:nfcid2replacement__16ListenModeFelicaSFPUcUs)
                  000138fa    0000010a                    : CommunicationHandler.obj (.text:receiveCommand__20CommunicationHandlerSFPUcRUs)
                  00013a04    0000010a                    : NFCRFInterface.obj (.text:sFrameHandler__14NFCRFInterfaceSFPUcUsT1RUs)
                  00013b0e    00000106                    : ListenModeHandler.obj (.text:__CPR70__dissolvingAID__17ListenModeHandlerSFRQ2_J15J5_infoPUcUs)
                  00013c14    00000106                    : ListenModeHandler.obj (.text:generateRandomID__17ListenModeHandlerSFv)
                  00013d1a    00000102     RFID.obj (.text:TRF797x_targetModeSetup__F21t_sTRF797x_TargetMode18t_sTRF797x_Bitrate)
                  00013e1c    00000100     nfclinklib.lib : ProprietaryHandler.obj (.text:Call__18ProprietaryHandlerSFUcPUcUsT2RUs)
                  00013f1c    00000100                    : Configurations.obj (.text:laBitFrameSdd__14ConfigurationsSFPUcUsT1RUs)
                  0001401c    000000fc                    : ConfigProprietary.obj (.text:cidConfig__17ConfigProprietarySFPUcUsT1RUs)
                  00014118    000000fa                    : NFCRFInterface.obj (.text:Call__14NFCRFInterfaceSFUsPUcT1T2RUs)
                  00014212    000000fa                    : DataPacketHandler.obj (.text:Call__17DataPacketHandlerSFPUcUsT1RUs)
                  0001430c    000000f6                    : IsoDep.obj (.text:Call__6IsoDepSFUsPUcT1T2RUs)
                  00014402    000000f6                    : Tag14443A.obj (.text:SelectCL__9Tag14443ASFUcPUcRUc)
                  000144f8    000000f6                    : ListenModeISO14443.obj (.text:iHandler__18ListenModeISO14443SFUcPUcRUs)
                  000145ee    000000f6     rts430xl.lib : memory.obj (.text:malloc)
                  000146e4    000000f6     nfclinklib.lib : ReaderHandlerActivation.obj (.text:t2tActivation__23ReaderHandlerActivationSFPUcUsT1RUsT1T4RUc)
                  000147da    000000f4                    : ListenModeHandler.obj (.text:__CPR77__dissolvingTechnology__17ListenModeHandlerSFRQ2_J22J5_infoPUcUs)
                  000148ce    000000f0     RFID.obj (.text:Call__4RFIDSFUsPUcT1T2RUs)
                  000149be    000000f0     nfclinklib.lib : ListenModeNFCDEP.obj (.text:dslRes__16ListenModeNFCDEPSFUcPUcRUs)
                  00014aae    000000f0                    : ListenModeNFCDEP.obj (.text:sFrameHandler__16ListenModeNFCDEPSFPUcRUs)
                  00014b9e    000000ee     timer_a.obj (.text:privateTimerAProcessClockSourceDivider)
                  00014c8c    000000ee     nfclinklib.lib : ListenModeNFCDEP.obj (.text:rlsRes__16ListenModeNFCDEPSFUcPUcRUs)
                  00014d7a    000000ec                    : ListenModeNotifications.obj (.text:ListenModeIdleNotification__23ListenModeNotificationsSFUcT1)
                  00014e66    000000ec     UsbCdc.obj (.text:USBCDC_bytesInUSBBuffer)
                  00014f52    000000ec     nfclinklib.lib : Tag14443B.obj (.text:tagPoll__9Tag14443BSFv)
                  0001503e    000000e8     MSP430_hardware.obj (.text:Init_FLL__FUiT1)
                  00015126    000000e8     usb.obj (.text:USB_InitSerialStringDescriptor)
                  0001520e    000000e8     nfclinklib.lib : ListenModeHandler.obj (.text:changeState__17ListenModeHandlerSFUc)
                  000152f6    000000e6                    : ListenModeISO14443.obj (.text:Call__18ListenModeISO14443SFUsPUcT1T2RUs)
                  000153dc    000000e0     RFID.obj (.text:TRF797x_idleMode__Fv)
                  000154bc    000000e0     usb.obj (.text:USB_enable)
                  0001559c    000000e0     nfclinklib.lib : ReaderHandler.obj (.text:getDiscoveredTagsNtf__13ReaderHandlerSFPUcUsT1RUsT1T4bUc)
                  0001567c    000000de                    : Tag14443A.obj (.text:Init__9Tag14443ASFv)
                  0001575a    000000de                    : ConfigurationGetter.obj (.text:__CPR74__Call_LA__19ConfigurationGetterSFRQ2_J9J6configPUcUsT2RUs)
                  00015838    000000dc                    : ListenModeHandler.obj (.text:listenActiveRun__17ListenModeHandlerSFPUcUsT1RUs)
                  00015914    000000dc                    : Tag14443A.obj (.text:tagPoll__9Tag14443ASFv)
                  000159f0    000000da                    : Configurations.obj (.text:liBitRate__14ConfigurationsSFPUcUsT1RUs)
                  00015aca    000000d4                    : Tag15693.obj (.text:DeviceActivationActivity__8Tag15693SFPUcUsT1RUs)
                  00015b9e    000000d4                    : Felica.obj (.text:tagControl__6FELICASFPUcUsT1RUs)
                  00015c72    000000d2     RFID.obj (.text:Init__4RFIDSFPUcUsT1RUs)
                  00015d44    000000d2     nfclinklib.lib : Statemachine.obj (.text:checkListenSleep__12StatemachineSFUsPUcT1T2RUs)
                  00015e16    000000d2                    : ListenModeNFCDEP.obj (.text:getNFCID3__16ListenModeNFCDEPSFv)
                  00015ee8    000000d0                    : ListenModeFelica.obj (.text:stateReadyF__16ListenModeFelicaSFPUcUsT1RUs)
                  00015fb8    000000ce     MSP430_hardware.obj (.text:SetVCoreUp__FUi)
                  00016086    000000ce     nfclinklib.lib : ListenModeNotifications.obj (.text:nfceeRoutingActionNtf__23ListenModeNotificationsSFUcT1PUcT1)
                  00016154    000000cc                    : Felica.obj (.text:CollisionResolutionActivity__6FELICASFPUcRUs)
                  00016220    000000cc                    : Tag14443B.obj (.text:CollisionResolutionActivity__9Tag14443BSFPUcRUs)
                  000162ec    000000cc                    : ListenModeNFCDEP.obj (.text:checkChainAnswer__16ListenModeNFCDEPSFPUcRUs)
                  000163b8    000000cc                    : ListenModeHandler.obj (.text:resetStateMachine__17ListenModeHandlerSFUc)
                  00016484    000000ca     UsbCdc.obj (.text:USBCDC_sendData)
                  0001654e    000000ca     gpio.obj (.text:privateGPIOGetBaseAddress)
                  00016618    000000ca     nfclinklib.lib : ConfigProprietary.obj (.text:sgPvBitrate__17ConfigProprietarySFPUcUsT1RUs)
                  000166e2    000000c8                    : Configurations.obj (.text:laSelInfo__14ConfigurationsSFPUcUsT1RUs)
                  000167aa    000000c8                    : ReaderHandlerActivation.obj (.text:t1tActivation__23ReaderHandlerActivationSFPUcUsT1RUsT1T4RUcUcT8)
                  00016872    000000c6                    : Tag15693.obj (.text:gre_attrib__8Tag15693SFPUcRUs)
                  00016938    000000c6                    : Configurations.obj (.text:lfT3tIdentifiers__14ConfigurationsSFUcPUcUsT2RUs)
                  000169fe    000000c6                    : Tag14443A.obj (.text:sendApdu__9Tag14443ASFPUcUsT1RUs)
                  00016ac4    000000c0                    : Tag14443B.obj (.text:Call__9Tag14443BSFUsPUcT1T2RUs)
                  00016b84    000000c0                    : ReaderHandler.obj (.text:getDiscoverTypeF__13ReaderHandlerSFPUcUsT1RUsT1T4Uc)
                  00016c44    000000c0                    : RFManagementHandler.obj (.text:rfParameterUpdate__19RFManagementHandlerSFPUcUsT1RUs)
                  00016d04    000000be                    : Statemachine.obj (.text:checkDiscovery__12StatemachineSFUsPUcT1T2RUs)
                  00016dc2    000000be                    : Notification.obj (.text:getNotification__12NotificationSFPUcRUsRUc)
                  00016e80    000000bc                    : Tag14443B.obj (.text:gre_sensb_res__9Tag14443BSFPUcRUs)
                  00016f3c    000000bc                    : RFManagementHandler.obj (.text:rfDiscover__19RFManagementHandlerSFPUcUsT1RUs)
                  00016ff8    000000bc                    : Tag14443B.obj (.text:sgDTAextension__9Tag14443BSFUsPUcT1T2RUs)
                  000170b4    000000bc                    : Felica.obj (.text:tagPoll__6FELICASFv)
                  00017170    000000ba                    : ListenModeISO14443.obj (.text:sendAts__18ListenModeISO14443SFv)
                  0001722a    000000b8                    : ListenModeISO14443.obj (.text:ds_dr_B__18ListenModeISO14443SFPUcUsT1RUs)
                  000172e2    000000b8                    : ListenModeHandler.obj (.text:init__17ListenModeHandlerSFv)
                  0001739a    000000b6     rts430xl.lib : fs_mpy.obj (.text)
                  00017450    000000b4     nfclinklib.lib : Tag14443A.obj (.text:CollisionResolutionActivity__9Tag14443ASFPUcRUs)
                  00017504    000000b4                    : ListenModeHandler.obj (.text:checkData__17ListenModeHandlerSFPUcUsT1RUs)
                  000175b8    000000b2                    : Tag14443A.obj (.text:SelectKnownTag__9Tag14443ASFPUcUcRUc)
                  0001766a    000000b2                    : TagActivity.obj (.text:con_poll__11TagActivitySFPUcUsT1RUs)
                  0001771c    000000b2                    : NCI.obj (.text:init__3NCISFv)
                  000177ce    000000b2     usbdma.obj (.text:memcpyDMA)
                  00017880    000000ae     nfclinklib.lib : Tag14443B.obj (.text:SlotMarker__9Tag14443BSFUcPUcRUs)
                  0001792e    000000ac                    : ConfigProprietary.obj (.text:eepromSetting__17ConfigProprietarySFPUcUsT1RUs)
                  000179da    000000ac                    : Configurations.obj (.text:lbNfcid0__14ConfigurationsSFPUcUsT1RUs)
                  00017a86    000000aa                    : Tag14443A.obj (.text:Call__9Tag14443ASFUsPUcT1T2RUs)
                  00017b30    000000a8                    : ListenModeNFCDEP.obj (.text:nfcProtocol__16ListenModeNFCDEPSFUcPUcRUs)
                  00017bd8    000000a8                    : Tag14443B.obj (.text:parseSensResB__9Tag14443BSFPUcUs)
                  00017c80    000000a6                    : ReaderHandler.obj (.text:getDataTypeB__13ReaderHandlerSFPUcUsT1RUsT1T4RUcb)
                  00017d26    000000a6                    : Configurations.obj (.text:lfProtocolType__14ConfigurationsSFPUcUsT1RUs)
                  00017dcc    000000a6                    : ListenModeNFCDEP.obj (.text:sFrameSend__16ListenModeNFCDEPSFUsT1)
                  00017e72    000000a2                    : Tag14443B.obj (.text:DeviceActivationActivity__9Tag14443BSFPUcUsT1RUs)
                  00017f14    000000a2                    : Tag14443B.obj (.text:HLTB__9Tag14443BSFPUc)
                  00017fb6    000000a2                    : CalculationHelper.obj (.text:calcFWT__17CalculationHelperSFUc)
                  00018058    000000a0                    : CalculationHelper.obj (.text:calcSFGT__17CalculationHelperSFUc)
                  000180f8    000000a0                    : Statemachine.obj (.text:checkHostSelect__12StatemachineSFUsPUcT1T2RUs)
                  00018198    0000009e                    : ListenModeNFCDEP.obj (.text:stateAtrReadyA__16ListenModeNFCDEPSFPUcRUs)
                  00018236    0000009c     RFID.obj (.text:TRF797x_incrementInitiatorBaudRate__F18t_sTRF797x_Bitrate)
                  000182d2    0000009a     gpio.obj (.text:GPIO_setAsPeripheralModuleFunctionOutputPin)
                  0001836c    0000009a     nfclinklib.lib : ConfigProprietary.obj (.text:hostIfBaudrate__17ConfigProprietarySFPUcUsT1RUs)
                  00018406    0000009a                    : ListenModeISO14443.obj (.text:sFrameSend__18ListenModeISO14443SFUsUc)
                  000184a0    00000098     usb.obj (.text:USB_init)
                  00018538    00000098     nfclinklib.lib : RFCommunicationHandler.obj (.text:remoteNfcEndpointConnCreate__22RFCommunicationHandlerSFPUcUsT1RUs)
                  000185d0    00000096     host_interface.obj (.text:Read__14Host_InterfaceSFPUcUs)
                  00018666    00000096     nfclinklib.lib : IsoDep.obj (.text:answerParser__6IsoDepSFUsPUcRUs)
                  000186fc    00000096                    : Felica.obj (.text:parseSensResF__6FELICASFUcPUcUs)
                  00018792    00000094     hardware.obj (.text:Call__2HWSFUsUcT1)
                  00018826    00000094     RFID.obj (.text:Call__4RFIDSFUsUcT1)
                  000188ba    00000094     nfclinklib.lib : ListenModeHandler.obj (.text:checkActionTrigger__17ListenModeHandlerSFv)
                  0001894e    00000094                    : ListenModeISO14443.obj (.text:sHandler__18ListenModeISO14443SFUcPUcRUs)
                  000189e2    00000092                    : Statemachine.obj (.text:Call__12StatemachineSFUsPUcT1T2RUs)
                  00018a74    00000092                    : ListenModeHandler.obj (.text:lmSt_Idle__17ListenModeHandlerSFv)
                  00018b06    00000092                    : ListenModeHandler.obj (.text:readMode__17ListenModeHandlerSFPUcUsT1RUs)
                  00018b98    00000090                    : Felica.obj (.text:CollisionResolutionActivity__6FELICASFv)
                  00018c28    00000090                    : Configurations.obj (.text:lfT3tPmm__14ConfigurationsSFPUcUsT1RUs)
                  00018cb8    00000090                    : IsoDep.obj (.text:setFSCI__6IsoDepSFUc)
                  00018d48    00000090     RFID.obj (.text:sgAtqb__4RFIDSFPUcUsT1RUs)
                  00018dd8    0000008e     MSP430_hardware.obj (.text:SetVCoreDown__FUi)
                  00018e66    0000008e     nfclinklib.lib : Statemachine.obj (.text:checkIdle__12StatemachineSFUsPUcT1T2RUs)
                  00018ef4    0000008e                    : IsoDep.obj (.text:rFrameSend__6IsoDepSFUsPUcRUs)
                  00018f82    0000008e     usb.obj (.text:usbGetEndpointStatus)
                  00019010    0000008a     dma.obj (.text:DMA_init)
                  0001909a    0000008a     nfclinklib.lib : Configurations.obj (.text:nfcdepOp__14ConfigurationsSFPUcUsT1RUs)
                  00019124    00000088     hardware.obj (.text:Call__2HWSFUsPUcT1T2RUs)
                  000191ac    00000088     RFID.obj (.text:TRF797x_initAutoSdd__Fv)
                  00019234    00000088     nfclinklib.lib : ListenModeNFCDEP.obj (.text:rFrameSend__16ListenModeNFCDEPSFUsPUcRUs)
                  000192bc    00000086                    : Statemachine.obj (.text:checkAllDiscoveries__12StatemachineSFUsPUcT1T2RUs)
                  00019342    00000086                    : ListenModeISO14443.obj (.text:stateActiveA__18ListenModeISO14443SFPUcUsT1RUs)
                  000193c8    00000086     usb.obj (.text:usbDecodeAndProcessUsbRequest)
                  0001944e    00000086     UsbCdc.obj (.text:usbGetLineCoding)
                  000194d4    00000086     SPI.obj (.text:writePacket__5RFSPISFPUcUcN22bT2)
                  0001955a    00000084     nfclinklib.lib : ListenModeISO14443.obj (.text:slpReqB__18ListenModeISO14443SFPUcRUs)
                  000195de    00000082     RFID.obj (.text:TRF797x_incrementTargetBaudRate__F18t_sTRF797x_Bitrate)
                  00019660    00000082     nfclinklib.lib : IsoDep.obj (.text:deviceDeactivation__6IsoDepSFv)
                  000196e2    00000080     RFID.obj (.text:FrameType__4RFIDSFUcT1)
                  00019762    00000080     nfclinklib.lib : RFManagementHandler.obj (.text:rfDeactivate__19RFManagementHandlerSFPUcUsT1RUs)
                  000197e2    0000007e                    : Tag15693.obj (.text:Init__8Tag15693SFv)
                  00019860    0000007e                    : Configurations.obj (.text:paAdvFeat__14ConfigurationsSFPUcUsT1RUs)
                  000198de    0000007e                    : RFManagementHandler.obj (.text:receiveBitRate__19RFManagementHandlerSFPUcUsT1RUs)
                  0001995c    0000007e                    : RFManagementHandler.obj (.text:transmitBitRate__19RFManagementHandlerSFPUcUsT1RUs)
                  000199da    0000007c                    : Configurations.obj (.text:lfConBitrF__14ConfigurationsSFPUcUsT1RUs)
                  00019a56    0000007a     usb.obj (.text:USB_determineFreq)
                  00019ad0    0000007a     nfclinklib.lib : ListenModeISO14443.obj (.text:convertFsdiToFsd__18ListenModeISO14443SFUcRUs)
                  00019b4a    0000007a                    : ListenModeNFCDEP.obj (.text:stateAtrReadyF__16ListenModeNFCDEPSFPUcRUs)
                  00019bc4    00000078                    : ListenModeNotifications.obj (.text:CardEmulatorCLTNotification__23ListenModeNotificationsSFv)
                  00019c3c    00000078                    : Tag14443A.obj (.text:RATS__9Tag14443ASFUcPUcRUs)
                  00019cb4    00000078                    : DebugPrint.obj (.text:Read__10DebugPrintSFPUcUs)
                  00019d2c    00000078                    : Configurations.obj (.text:lfAdvFeat__14ConfigurationsSFPUcUsT1RUs)
                  00019da4    00000078                    : ListenModeNFCDEP.obj (.text:rFrameHandler__16ListenModeNFCDEPSFPUcRUs)
                  00019e1c    00000078                    : RFManagementHandler.obj (.text:rfDiscoverMap__19RFManagementHandlerSFPUcUsT1RUs)
                  00019e94    00000078                    : ListenModeHandler.obj (.text:sendDataToDH__17ListenModeHandlerSFPUcUsb)
                  00019f0c    00000076                    : Tag15693.obj (.text:Call__8Tag15693SFUsPUcT1T2RUs)
                  00019f82    00000076     UsbIsr.obj (.text:PWRVBUSoffHandler)
                  00019ff8    00000076     RFID.obj (.text:TRF797x_checkExternalField__Fv)
                  0001a06e    00000076     usbConstructs.obj (.text:cdcSendDataWaitTilDone)
                  0001a0e4    00000076     nfclinklib.lib : TagActivity.obj (.text:con_gb__11TagActivitySFPUcUsT1RUs)
                  0001a15a    00000076                    : ListenModeHandler.obj (.text:finish__17ListenModeHandlerSFv)
                  0001a1d0    00000076                    : Configurations.obj (.text:rfNfceeAction__14ConfigurationsSFPUcUsT1RUs)
                  0001a246    00000076                    : ListenModeISO14443.obj (.text:setAppData__18ListenModeISO14443SFPUcUsT1RUs)
                  0001a2bc    00000076                    : ListenModeISO14443.obj (.text:setHigherLayerResponse__18ListenModeISO14443SFPUcUsT1RUs)
                  0001a332    00000076                    : ListenModeNFCDEP.obj (.text:stateTargetA__16ListenModeNFCDEPSFPUcRUs)
                  0001a3a8    00000076                    : TagTopaz.obj (.text:tagUID__8TagTopazSFPUcUsT1RUs)
                  0001a41e    00000074                    : ListenModeNFCDEP.obj (.text:AtrResGi__16ListenModeNFCDEPSFPUcUsT1RUs)
                  0001a492    00000074                    : Tag14443A.obj (.text:Halt__9Tag14443ASFv)
                  0001a506    00000074                    : TagActivity.obj (.text:TagChoose__11TagActivitySFPUcUsT1RUs)
                  0001a57a    00000074                    : NCICoreHandler.obj (.text:coreGetParam__14NCICoreHandlerSFPUcUsT1RUs)
                  0001a5ee    00000074     RFID.obj (.text:sgNfcid1__4RFIDSFPUcUsT1RUs)
                  0001a662    00000070     nfclinklib.lib : Notification.obj (.text:Read__28Buffer__tm__14_UcXCUsL_3_255FPvZ1Z_Z1Z)
                  0001a6d2    00000070     ucs.obj (.text:UCS_XT2StartWithTimeout)
                  0001a742    00000070     nfclinklib.lib : ListenModeNFCDEP.obj (.text:getNfcid2__16ListenModeNFCDEPSFv)
                  0001a7b2    00000070                    : Configurations.obj (.text:piBitRate__14ConfigurationsSFPUcUsT1RUs)
                  0001a822    00000070                    : Configurations.obj (.text:rfFieldInfo__14ConfigurationsSFPUcUsT1RUs)
                  0001a892    00000070                    : NFCRFInterface.obj (.text:tagControl__14NFCRFInterfaceSFPUcUsT1RUs)
                  0001a902    0000006e                    : ListenModeNotifications.obj (.text:ListenModeSleepNotification__23ListenModeNotificationsSFUcT1)
                  0001a970    0000006e                    : RFManagementHandler.obj (.text:rfGetListenModeRouting__19RFManagementHandlerSFPUcUsT1RUs)
                  0001a9de    0000006e     usb.obj (.text:usbSendNextPacketOnIEP0)
                  0001aa4c    0000006c     nfclinklib.lib : IsoDep.obj (.text:Init__6IsoDepSFv)
                  0001aab8    0000006c     RFID.obj (.text:baudrate_air__4RFIDSFUc)
                  0001ab24    0000006a     nfclinklib.lib : TagActivity.obj (.text:found__11TagActivitySFPUcRUs)
                  0001ab8e    0000006a                    : Notification.obj (.text:releaseNtfLock__12NotificationSFv)
                  0001abf8    0000006a                    : ConfigProprietary.obj (.text:setDSLCount__17ConfigProprietarySFPUcUsT1RUs)
                  0001ac62    0000006a                    : ConfigProprietary.obj (.text:setDeselectCount__17ConfigProprietarySFPUcUsT1RUs)
                  0001accc    0000006a                    : ConfigProprietary.obj (.text:setRACKCount__17ConfigProprietarySFPUcUsT1RUs)
                  0001ad36    0000006a                    : ConfigProprietary.obj (.text:setRLSCount__17ConfigProprietarySFPUcUsT1RUs)
                  0001ada0    0000006a                    : ConfigProprietary.obj (.text:setRNAKCount__17ConfigProprietarySFPUcUsT1RUs)
                  0001ae0a    0000006a                    : ConfigProprietary.obj (.text:setRetryATNCount__17ConfigProprietarySFPUcUsT1RUs)
                  0001ae74    0000006a                    : ConfigProprietary.obj (.text:setRetryNACKCount__17ConfigProprietarySFPUcUsT1RUs)
                  0001aede    00000068                    : TagActivity.obj (.text:Call__11TagActivitySFUsPUcT1T2RUs)
                  0001af46    00000068     UsbCdc.obj (.text:Handler_SetLineCoding)
                  0001afae    00000068     rts430xl.lib : autoinit.obj (.text:_auto_init)
                  0001b016    00000068     nfclinklib.lib : Configurations.obj (.text:pfBitRate__14ConfigurationsSFPUcUsT1RUs)
                  0001b07e    00000068     RFID.obj (.text:sgLfT3tIdentifier__4RFIDSFPUcUsT1RUs)
                  0001b0e6    00000068     nfclinklib.lib : Tag15693.obj (.text:tagControl__8Tag15693SFPUcUsT1RUs)
                  0001b14e    00000066                    : ListenModeHandler.obj (.text:sendApdu__17ListenModeHandlerSFPUcUsT1RUs)
                  0001b1b4    00000066                    : ConfigProprietary.obj (.text:setRatsParam__17ConfigProprietarySFPUcUsT1RUs)
                  0001b21a    00000064                    : Felica.obj (.text:Call__6FELICASFUsPUcT1T2RUs)
                  0001b27e    00000064     UsbIsr.obj (.text:PWRVBUSonHandler)
                  0001b2e2    00000064     nfclinklib.lib : ListenModeNFCDEP.obj (.text:checkDid__16ListenModeNFCDEPSFPUcRUsUs)
                  0001b346    00000064                    : Configurations.obj (.text:pbHInfo__14ConfigurationsSFPUcUsT1RUs)
                  0001b3aa    00000064                    : Configurations.obj (.text:pnAtrReqGenBytes__14ConfigurationsSFPUcUsT1RUs)
                  0001b40e    00000064     RFID.obj (.text:sgLnNfcDep__4RFIDSFPUcUsT1RUs)
                  0001b472    00000062     nfclinklib.lib : TagActivity.obj (.text:CollisionResolutionActivity__11TagActivitySFPUcUsT1RUs)
                  0001b4d4    00000062     RFID.obj (.text:TRF797x_displayMode__Fv)
                  0001b536    00000062     nfclinklib.lib : NCICoreHandler.obj (.text:coreReset__14NCICoreHandlerSFPUcUsT1RUs)
                  0001b598    00000062                    : Configurations.obj (.text:pbBailOut__14ConfigurationsSFPUcUsT1RUs)
                  0001b5fa    00000062                    : Configurations.obj (.text:pnNfcDepSpeed__14ConfigurationsSFPUcUsT1RUs)
                  0001b65c    00000062                    : Tag14443B.obj (.text:setGetAttribGb__9Tag14443BSFPUcUsT1RUs)
                  0001b6be    00000060     RFID.obj (.text:TRF797x_checkField__F11tRssiStatus)
                  0001b71e    00000060     nfclinklib.lib : ListenModeISO14443.obj (.text:isoProtocol__18ListenModeISO14443SFUcPUcUsT2RUs)
                  0001b77e    00000060                    : Configurations.obj (.text:lfT3tFlags__14ConfigurationsSFPUcUsT1RUs)
                  0001b7de    00000060     rts430xl.lib : memory.obj (.text:minit)
                  0001b83e    00000060     nfclinklib.lib : ListenModeFelica.obj (.text:wakeupFromDH__16ListenModeFelicaSFv)
                  0001b89e    0000005c                    : ListenModeFelica.obj (.text:Call__16ListenModeFelicaSFUsPUcT1T2RUs)
                  0001b8fa    0000005c                    : RFManagementHandler.obj (.text:oidRfSetListenModeRouting__19RFManagementHandlerSFPUcUsT1RUs)
                  0001b956    0000005c                    : Configurations.obj (.text:paBailOut__14ConfigurationsSFPUcUsT1RUs)
                  0001b9b2    0000005c                    : Configurations.obj (.text:pnAtrReqConfig__14ConfigurationsSFPUcUsT1RUs)
                  0001ba0e    0000005c                    : ListenModeHandler.obj (.text:sgRfFieldInfo__17ListenModeHandlerSFPUcUsT1RUs)
                  0001ba6a    0000005a                    : IsoDep.obj (.text:chainingHandler__6IsoDepSFUsPUcRUs)
                  0001bac4    0000005a                    : Configurations.obj (.text:totalDuration__14ConfigurationsSFPUcUsT1RUs)
                  0001bb1e    00000058                    : NCICoreHandler.obj (.text:coreSetParam__14NCICoreHandlerSFPUcUsT1RUs)
                  0001bb76    00000058                    : LoopBackCommunicationHandler.obj (.text:loopBackConnCreate__28LoopBackCommunicationHandlerSFPUcUsT1RUs)
                  0001bbce    00000058                    : Configurations.obj (.text:pbAttribParam1__14ConfigurationsSFPUcUsT1RUs)
                  0001bc26    00000058     rts430xl.lib : div32u.obj (.text)
                  0001bc7e    00000058     usb.obj (.text:usbGetStringDescriptor)
                  0001bcd6    00000056     nfclinklib.lib : MessageHandler.obj (.text:Call__14MessageHandlerSFPUcUsT1RUs)
                  0001bd2c    00000056     hardware.obj (.text:Call__2HWSFUsUc)
                  0001bd82    00000056     RFID.obj (.text:Call__4RFIDSFUsUc)
                  0001bdd8    00000056     nfclinklib.lib : IsoDep.obj (.text:Call__6IsoDepSFUsUc)
                  0001be2e    00000056                    : TagActivity.obj (.text:clearNFCIDXs__11TagActivitySFv)
                  0001be84    00000056                    : ListenModeISO14443.obj (.text:fwi_sfgiHandler__18ListenModeISO14443SFPUcUsT1RUs)
                  0001beda    00000056                    : Configurations.obj (.text:lbHInfoResp__14ConfigurationsSFPUcUsT1RUs)
                  0001bf30    00000056                    : Configurations.obj (.text:lnAtrResConfig__14ConfigurationsSFPUcUsT1RUs)
                  0001bf86    00000056                    : Configurations.obj (.text:lnWt__14ConfigurationsSFPUcUsT1RUs)
                  0001bfdc    00000056                    : NFCEEManagementHandler.obj (.text:nfceeModeSet__22NFCEEManagementHandlerSFPUcUsT1RUs)
                  0001c032    00000056                    : Configurations.obj (.text:pbAfi__14ConfigurationsSFPUcUsT1RUs)
                  0001c088    00000056                    : Configurations.obj (.text:pbSensbReqParam__14ConfigurationsSFPUcUsT1RUs)
                  0001c0de    00000056                    : IsoDep.obj (.text:rFrameHandler__6IsoDepSFUsPUcRUs)
                  0001c134    00000056                    : ListenModeISO14443.obj (.text:sendPendingIFrame__18ListenModeISO14443SFv)
                  0001c18a    00000056                    : IsoDep.obj (.text:send_apdu__6IsoDepSFPUcUsT1RUs)
                  0001c1e0    00000056                    : ListenModeISO14443.obj (.text:slpReqA__18ListenModeISO14443SFPUcRUsUs)
                  0001c236    00000054     usbConstructs.obj (.text:cdcReceiveDataInBuffer)
                  0001c28a    00000054     nfclinklib.lib : Configurations.obj (.text:conDevicesLimit__14ConfigurationsSFPUcUsT1RUs)
                  0001c2de    00000052                    : Tag14443B.obj (.text:clearGre__9Tag14443BSFv)
                  0001c330    00000052                    : ListenModeFelica.obj (.text:stateCardEmulator3__16ListenModeFelicaSFPUcUsT1RUs)
                  0001c382    00000052     usb.obj (.text:usbReceiveNextPacketOnOEP0)
                  0001c3d4    00000050     tlv.obj (.text:TLV_getInfo)
                  0001c424    00000050     main.obj (.text:blink__Fv)
                  0001c474    00000050     nfclinklib.lib : ConfigProprietary.obj (.text:sgRetransmissionTime__17ConfigProprietarySFPUcUsT1RUs)
                  0001c4c4    0000004e     usbdma.obj (.text:USB_initMemcpy)
                  0001c512    0000004e     nfclinklib.lib : TagActivity.obj (.text:nfcdep__11TagActivitySFPUcUsT1RUs)
                  0001c560    0000004e                    : RFDiscoverMap.obj (.text:setDiscoverMap__13RFDiscoverMapSFUcT1bT3)
                  0001c5ae    0000004e     RFID.obj (.text:setPupi__4RFIDSFPUcUsT1RUs)
                  0001c5fc    0000004e     RFID.obj (.text:sgPadding__4RFIDSFPUcUsT1RUs)
                  0001c64a    0000004c     hardware.obj (.text:Call__2HWSFUs)
                  0001c696    0000004c     MSP430_hardware.obj (.text:Init__4GPIOSFv)
                  0001c6e2    0000004c     RFID.obj (.text:TRF797x_initiatorModeSetup__F24t_sTRF797x_InitiatorMode18t_sTRF797x_Bitrate)
                  0001c72e    0000004c     nfclinklib.lib : NCICoreHandler.obj (.text:coreConnClose__14NCICoreHandlerSFPUcUsT1RUs)
                  0001c77a    0000004c                    : Tag14443B.obj (.text:getUID__9Tag14443BSFPUcRUs)
                  0001c7c6    0000004c                    : Tag14443B.obj (.text:gre_poll__9Tag14443BSFPUcRUs)
                  0001c812    0000004c                    : ListenModeHandler.obj (.text:lmSt_Sleep__17ListenModeHandlerSFv)
                  0001c85e    0000004c     RFID.obj (.text:sgLfProtocolType__4RFIDSFPUcUsT1RUs)
                  0001c8aa    0000004c     RFID.obj (.text:sgSensRes__4RFIDSFPUcUsT1RUs)
                  0001c8f6    0000004c     nfclinklib.lib : IsoDep.obj (.text:tclapduWrapper__6IsoDepSFPUcRUs)
                  0001c942    0000004a                    : NFCEEManagementHandler.obj (.text:Call__22NFCEEManagementHandlerSFUcPUcUsT2RUs)
                  0001c98c    0000004a                    : ListenModeISO14443.obj (.text:convertBaudrateIntegerToBitRateCapability__18ListenModeISO14443SFUcT1RUc)
                  0001c9d6    0000004a     hardware.obj (.text:hwVersion__2HWSFUsPUcRUs)
                  0001ca20    0000004a     nfclinklib.lib : Configurations.obj (.text:laHistBy__14ConfigurationsSFPUcUsT1RUs)
                  0001ca6a    0000004a     rts430xl.lib : fs_cmp.obj (.text)
                  0001cab4    0000004a     nfclinklib.lib : ListenModeISO14443.obj (.text:sendFrame__18ListenModeISO14443SFPUcUs)
                  0001cafe    00000048                    : ListenModeHandler.obj (.text:Initialize__17ListenModeHandlerSFv)
                  0001cb46    00000048     RFID.obj (.text:RF_WriteMailBox)
                  0001cb8e    00000048     UsbIsr.obj (.text:SetupPacketInterruptHandler)
                  0001cbd6    00000048     nfclinklib.lib : Felica.obj (.text:clearGre__6FELICASFv)
                  0001cc1e    00000048                    : IsoDep.obj (.text:iFrameHandler__6IsoDepSFUsPUcRUs)
                  0001cc66    00000048                    : ListenModeHandler.obj (.text:lmSt_CardEmulator4A__17ListenModeHandlerSFv)
                  0001ccae    00000048                    : ListenModeHandler.obj (.text:run__17ListenModeHandlerSFPUcUsT1RUs)
                  0001ccf6    00000048     SPI.obj (.text:send__5RFSPISFUcPUcT1b)
                  0001cd3e    00000048     usb.obj (.text:usbSetEndpointFeature)
                  0001cd86    00000046     UsbCdc.obj (.text:CdcResetData)
                  0001cdcc    00000046     nfclinklib.lib : Felica.obj (.text:con_bitr__6FELICASFPUcUsT1RUs)
                  0001ce12    00000046                    : NCICoreHandler.obj (.text:coreInit__14NCICoreHandlerSFPUcUsT1RUs)
                  0001ce58    00000046                    : ListenModeHandler.obj (.text:modeSet__17ListenModeHandlerSFPUcUsT1RUs)
                  0001ce9e    00000046     rts430xl.lib : fs_tou.obj (.text)
                  0001cee4    00000046     nfclinklib.lib : Notification.obj (.text:setNotification__12NotificationSFPUcUs)
                  0001cf2a    00000044                    : TagTopaz.obj (.text:Call__8TagTopazSFUsPUcT1T2RUs)
                  0001cf6e    00000044                    : ListenModeISO14443.obj (.text:checkCid__18ListenModeISO14443SFPUcUs)
                  0001cfb2    00000044                    : ListenModeISO14443.obj (.text:ds_dr_A__18ListenModeISO14443SFPUcUsT1RUs)
                  0001cff6    00000044                    : Tag14443B.obj (.text:gre_attrib__9Tag14443BSFPUcRUs)
                  0001d03a    00000044                    : ListenModeHandler.obj (.text:lmSt_RouteToDeviceHost__17ListenModeHandlerSFv)
                  0001d07e    00000044                    : IsoDep.obj (.text:presenceCheck__6IsoDepSFPUcRUs)
                  0001d0c2    00000044                    : Felica.obj (.text:send_apdu__6FELICASFPUcUsT1RUs)
                  0001d106    00000044                    : NFCRFInterface.obj (.text:setGetPPi__14NFCRFInterfaceSFPUcUsT1RUs)
                  0001d14a    00000044                    : ListenModeNFCDEP.obj (.text:stateTargetF__16ListenModeNFCDEPSFPUcRUs)
                  0001d18e    00000042     dma.obj (.text:DMA_setDstAddress)
                  0001d1d0    00000042     nfclinklib.lib : ListenModeISO14443.obj (.text:cidHandler__18ListenModeISO14443SFPUcUsT1RUs)
                  0001d212    00000042                    : TagActivity.obj (.text:con_devices_limit__11TagActivitySFPUcUsT1RUs)
                  0001d254    00000042                    : ListenModeNFCDEP.obj (.text:directApduIntf__16ListenModeNFCDEPSFPUcUs)
                  0001d296    00000042                    : Tag14443A.obj (.text:gre_ats__9Tag14443ASFPUcRUs)
                  0001d2d8    00000042                    : Tag14443A.obj (.text:gre_sel_res__9Tag14443ASFPUcRUs)
                  0001d31a    00000042                    : Configurations.obj (.text:lfT3tMax__14ConfigurationsSFPUcUsT1RUs)
                  0001d35c    00000042                    : ListenModeISO14443.obj (.text:rFrameSend__18ListenModeISO14443SFUs)
                  0001d39e    00000040                    : RFSTIdle.obj (.text:Call__8RFSTIdleSFPUcUsT1RUs)
                  0001d3de    00000040     dma.obj (.text:DMA_setSrcAddress)
                  0001d41e    00000040     nfclinklib.lib : Tag14443A.obj (.text:clearGre__9Tag14443ASFv)
                  0001d45e    00000040                    : NCICoreHandler.obj (.text:coreConnCreate__14NCICoreHandlerSFPUcUsT1RUs)
                  0001d49e    00000040                    : ListenModeFelica.obj (.text:directForward__16ListenModeFelicaSFPUcUsUc)
                  0001d4de    00000040     rts430xl.lib : div32s.obj (.text)
                  0001d51e    00000040     nfclinklib.lib : ReaderHandler.obj (.text:setDiscoverSelectParam__13ReaderHandlerSFPUcUs)
                  0001d55e    00000040                    : NFCRFInterface.obj (.text:setGetNfcDepSpeed__14NFCRFInterfaceSFPUcUsT1RUs)
                  0001d59e    00000040                    : TagActivity.obj (.text:total_duration__11TagActivitySFPUcUsT1RUs)
                  0001d5de    00000040     usb.obj (.text:usbClearEndpointFeature)
                  0001d61e    00000040     RFID.obj (.text:version__4RFIDSFPUcUsT1RUs)
                  0001d65e    00000040     nfclinklib.lib : ListenModeNotifications.obj (.text:wakeupCompletionNtf__23ListenModeNotificationsSFv)
                  0001d69e    0000003e                    : LoopBackCommunicationHandler.obj (.text:Call__28LoopBackCommunicationHandlerSFPUcUsT1RUs)
                  0001d6dc    0000003e     rts430xl.lib : new_.obj (.text:__nw__FUl)
                  0001d71a    0000003e     nfclinklib.lib : ListenModeISO14443.obj (.text:dataHandler__18ListenModeISO14443SFPUcUsT1RUs)
                  0001d758    0000003e                    : LMRoutingTable.obj (.text:getRoutingTable__14LMRoutingTableSFPUcRUc)
                  0001d796    0000003e     rts430xl.lib : lsl32.obj (.text:l_lsl_const)
                  0001d7d4    0000003e                  : lsr32.obj (.text:l_lsr_const)
                  0001d812    0000003e     nfclinklib.lib : RFManagementHandler.obj (.text:rfSetListenModeRouting__19RFManagementHandlerSFPUcUsT1RUs)
                  0001d850    0000003e                    : Timer2.obj (.text:waitus__FUs)
                  0001d88e    0000003c                    : ReaderHandler.obj (.text:Run__13ReaderHandlerSFPUcUsT1RUs)
                  0001d8ca    0000003c     RFID.obj (.text:callback__4RFIDSFv)
                  0001d906    0000003c     nfclinklib.lib : Tag14443A.obj (.text:con_adv_feat__9Tag14443ASFPUcUsT1RUs)
                  0001d942    0000003c                    : ListenModeFelica.obj (.text:deactNtf__16ListenModeFelicaSFv)
                  0001d97e    0000003c                    : RFManagementHandler.obj (.text:deactivationEvent__19RFManagementHandlerSFv)
                  0001d9ba    0000003c                    : ListenModeHandler.obj (.text:lmSt_TargetF__17ListenModeHandlerSFv)
                  0001d9f6    0000003c                    : NFCRFInterface.obj (.text:setRetryATNCount__14NFCRFInterfaceSFPUcUsT1RUs)
                  0001da32    0000003c                    : NFCRFInterface.obj (.text:setRetryNACKCount__14NFCRFInterfaceSFPUcUsT1RUs)
                  0001da6e    0000003c     RFID.obj (.text:sgAfi__4RFIDSFPUcUsT1RUs)
                  0001daaa    0000003c     RFID.obj (.text:sgLfT3tFlags__4RFIDSFPUcUsT1RUs)
                  0001dae6    0000003c     RFID.obj (.text:sgSelRes__4RFIDSFPUcUsT1RUs)
                  0001db22    0000003c     nfclinklib.lib : ListenModeISO14443.obj (.text:stateReadyBDecl__18ListenModeISO14443SFPUcUsT1RUs)
                  0001db5e    0000003a     hardware.obj (.text:Init__2HWSFv)
                  0001db98    0000003a     MSP430_hardware.obj (.text:SetVCore__FUi)
                  0001dbd2    0000003a     RFID.obj (.text:TRF797x_resetMode__Fv)
                  0001dc0c    0000003a     nfclinklib.lib : ListenModeHandler.obj (.text:lmSt_Error__17ListenModeHandlerSFv)
                  0001dc46    0000003a                    : CommunicationHandler.obj (.text:sendCommand__20CommunicationHandlerSFPUcUs)
                  0001dc80    0000003a                    : ListenModeFelica.obj (.text:sendMessage__16ListenModeFelicaSFPUcUs)
                  0001dcba    0000003a                    : IsoDep.obj (.text:setGetCid__6IsoDepSFPUcUsT1RUs)
                  0001dcf4    00000038     UsbIsr.obj (.text:OEP0InterruptHandler)
                  0001dd2c    00000038     host_interface.obj (.text:USBCDC_handleDataReceived)
                  0001dd64    00000038     nfclinklib.lib : TagActivity.obj (.text:confRcByte__11TagActivitySFPUcUsT1RUs)
                  0001dd9c    00000038                    : ListenModeHandler.obj (.text:lmSt_TargetA__17ListenModeHandlerSFv)
                  0001ddd4    00000038                    : ListenModeISO14443.obj (.text:resetProtocol__18ListenModeISO14443SFv)
                  0001de0c    00000038                    : ListenModeNFCDEP.obj (.text:sendPendingDepRsp__16ListenModeNFCDEPSFv)
                  0001de44    00000038     RFID.obj (.text:setTimeouts__4RFIDSFPUcUs)
                  0001de7c    00000038     nfclinklib.lib : ListenModeHandler.obj (.text:sgNfceeAction__17ListenModeHandlerSFPUcUsT1RUs)
                  0001deb4    00000036                    : TagActivity.obj (.text:DataExchangeActivity__11TagActivitySFPUcUsT1RUs)
                  0001deea    00000036     MSP430_hardware.obj (.text:Init_FLL_Settle__FUiT1)
                  0001df20    00000036     MSP430_hardware.obj (.text:LFXT_Start__FUi)
                  0001df56    00000036     hardware.obj (.text:SerialInterface__FPUcUsT1T2)
                  0001df8c    00000036     usb.obj (.text:USB_suspend)
                  0001dfc2    00000036     nfclinklib.lib : ListenModeHandler.obj (.text:__CPR71__dataDispatcher__17ListenModeHandlerSFRQ2_J16J5_infoPUcUs)
                  0001dff8    00000036     usbdma.obj (.text:memcpyV)
                  0001e02e    00000036     rts430xl.lib : fs_itof.obj (.text)
                  0001e064    00000036     nfclinklib.lib : Tag15693.obj (.text:send_apdu__8Tag15693SFPUcUsT1RUs)
                  0001e09a    00000036                    : TagTopaz.obj (.text:send_apdu__8TagTopazSFPUcUsT1RUs)
                  0001e0d0    00000034                    : ConfigurationSetter.obj (.text:Init__19ConfigurationSetterSFv)
                  0001e104    00000034                    : TagActivity.obj (.text:bail_out_a__11TagActivitySFPUcUsT1RUs)
                  0001e138    00000034                    : TagActivity.obj (.text:bail_out_b__11TagActivitySFPUcUsT1RUs)
                  0001e16c    00000034                    : TagActivity.obj (.text:con_anticoll__11TagActivitySFPUcUsT1RUs)
                  0001e1a0    00000034                    : TagActivity.obj (.text:piBitRate__11TagActivitySFPUcUsT1RUs)
                  0001e1d4    00000034                    : ListenModeNFCDEP.obj (.text:sendFrame__16ListenModeNFCDEPSFPUcUs)
                  0001e208    00000032                    : Timer2.obj (.text:StartFC__5TimerFUl)
                  0001e23a    00000032                    : Timer2.obj (.text:Start__5TimerFUl)
                  0001e26c    00000032     RFID.obj (.text:TRF797x_setField__F9tExtField)
                  0001e29e    00000032     nfclinklib.lib : ListenModeNFCDEP.obj (.text:checkRTOX__16ListenModeNFCDEPSFv)
                  0001e2d0    00000032                    : Tag14443A.obj (.text:gre_poll__9Tag14443ASFPUcRUs)
                  0001e302    00000032     SPI.obj (.text:init__5RFSPISFv)
                  0001e334    00000032     rts430xl.lib : fs_ultof.obj (.text)
                  0001e366    00000032     nfclinklib.lib : Tag15693.obj (.text:sgBitrate__8Tag15693SFPUcUsT1RUs)
                  0001e398    00000032     RFID.obj (.text:sgLfAdvFeat__4RFIDSFPUcUsT1RUs)
                  0001e3ca    00000032     RFID.obj (.text:sgLfConBitrF__4RFIDSFPUcUsT1RUs)
                  0001e3fc    00000032     nfclinklib.lib : ListenModeHandler.obj (.text:suspend__17ListenModeHandlerSFv)
                  0001e42e    00000030     MSP430_hardware.obj (.text:Init__7HWTimerSFv)
                  0001e45e    00000030     RFID.obj (.text:TRF797x_directCommand__FUc)
                  0001e48e    00000030     usb.obj (.text:USB_connectionInfo)
                  0001e4be    00000030     nfclinklib.lib : CalculationHelper.obj (.text:calcSENSFTimeout__17CalculationHelperSFUcT1)
                  0001e4ee    00000030                    : Tag14443A.obj (.text:con_rats__9Tag14443ASFPUcUsT1RUs)
                  0001e51e    00000030                    : ListenModeFelica.obj (.text:dataHandler__16ListenModeFelicaSFPUcUsT1RUs)
                  0001e54e    00000030                    : NFCRFInterface.obj (.text:getGreAtrRes__14NFCRFInterfaceSFPUcRUs)
                  0001e57e    00000030                    : Timer2.obj (.text:iselapsed__5TimerFv)
                  0001e5ae    00000030                    : ListenModeISO14443.obj (.text:stateCardEmulator4A__18ListenModeISO14443SFPUcUsT1RUs)
                  0001e5de    00000030                    : Tag14443B.obj (.text:tagAFI__9Tag14443BSFPUcUsT1RUs)
                  0001e60e    00000030                    : Tag14443B.obj (.text:tagSensbReqParam__9Tag14443BSFPUcUsT1RUs)
                  0001e63e    00000030                    : Timer2.obj (.text:waitms__FUs)
                  0001e66e    0000002e                    : CustomInterface.obj (.text:Call__15CustomInterfaceSFPUcUsT1RUs)
                  0001e69c    0000002e                    : Notification.obj (.text:Init__12NotificationSFv)
                  0001e6ca    0000002e     RFID.obj (.text:TRF797x_setup__Fv)
                  0001e6f8    0000002e     nfclinklib.lib : ListenModeHandler.obj (.text:__CPR69__search4route__17ListenModeHandlerSFRQ2_J14J5_infoPUcUs)
[...]
0001b0e6   tagControl__8Tag15693SFPUcUsT1RUs
0001b14e   sendApdu__17ListenModeHandlerSFPUcUsT1RUs
0001b1b4   setRatsParam__17ConfigProprietarySFPUcUsT1RUs
0001b21a   Call__6FELICASFUsPUcT1T2RUs
0001b27e   PWRVBUSonHandler
0001b2e2   checkDid__16ListenModeNFCDEPSFPUcRUsUs
0001b346   pbHInfo__14ConfigurationsSFPUcUsT1RUs
0001b3aa   pnAtrReqGenBytes__14ConfigurationsSFPUcUsT1RUs
0001b40e   sgLnNfcDep__4RFIDSFPUcUsT1RUs
0001b472   CollisionResolutionActivity__11TagActivitySFPUcUsT1RUs
0001b4d4   TRF797x_displayMode__Fv
0001b536   coreReset__14NCICoreHandlerSFPUcUsT1RUs
0001b598   pbBailOut__14ConfigurationsSFPUcUsT1RUs
0001b5fa   pnNfcDepSpeed__14ConfigurationsSFPUcUsT1RUs
0001b65c   setGetAttribGb__9Tag14443BSFPUcUsT1RUs
0001b6be   TRF797x_checkField__F11tRssiStatus
0001b71e   isoProtocol__18ListenModeISO14443SFUcPUcUsT2RUs
0001b77e   lfT3tFlags__14ConfigurationsSFPUcUsT1RUs
0001b7de   minit
0001b83e   wakeupFromDH__16ListenModeFelicaSFv
0001b89e   Call__16ListenModeFelicaSFUsPUcT1T2RUs
0001b8fa   oidRfSetListenModeRouting__19RFManagementHandlerSFPUcUsT1RUs
0001b956   paBailOut__14ConfigurationsSFPUcUsT1RUs
0001b9b2   pnAtrReqConfig__14ConfigurationsSFPUcUsT1RUs
0001ba0e   sgRfFieldInfo__17ListenModeHandlerSFPUcUsT1RUs
0001ba6a   chainingHandler__6IsoDepSFUsPUcRUs
0001bac4   totalDuration__14ConfigurationsSFPUcUsT1RUs
0001bb1e   coreSetParam__14NCICoreHandlerSFPUcUsT1RUs
0001bb76   loopBackConnCreate__28LoopBackCommunicationHandlerSFPUcUsT1RUs
0001bbce   pbAttribParam1__14ConfigurationsSFPUcUsT1RUs
0001bc26   __divul
0001bc26   __remul
0001bc7e   usbGetStringDescriptor
0001bcd6   Call__14MessageHandlerSFPUcUsT1RUs
0001bd2c   Call__2HWSFUsUc
0001bd82   Call__4RFIDSFUsUc
0001bdd8   Call__6IsoDepSFUsUc
0001be2e   clearNFCIDXs__11TagActivitySFv
0001be84   fwi_sfgiHandler__18ListenModeISO14443SFPUcUsT1RUs
0001beda   lbHInfoResp__14ConfigurationsSFPUcUsT1RUs
0001bf30   lnAtrResConfig__14ConfigurationsSFPUcUsT1RUs
0001bf86   lnWt__14ConfigurationsSFPUcUsT1RUs
0001bfdc   nfceeModeSet__22NFCEEManagementHandlerSFPUcUsT1RUs
0001c032   pbAfi__14ConfigurationsSFPUcUsT1RUs
0001c088   pbSensbReqParam__14ConfigurationsSFPUcUsT1RUs
0001c0de   rFrameHandler__6IsoDepSFUsPUcRUs
0001c134   sendPendingIFrame__18ListenModeISO14443SFv
0001c18a   send_apdu__6IsoDepSFPUcUsT1RUs
0001c1e0   slpReqA__18ListenModeISO14443SFPUcRUsUs
0001c236   cdcReceiveDataInBuffer
0001c28a   conDevicesLimit__14ConfigurationsSFPUcUsT1RUs
0001c2de   clearGre__9Tag14443BSFv
0001c330   stateCardEmulator3__16ListenModeFelicaSFPUcUsT1RUs
0001c382   usbReceiveNextPacketOnOEP0
0001c3d4   TLV_getInfo
0001c424   blink__Fv
0001c474   sgRetransmissionTime__17ConfigProprietarySFPUcUsT1RUs
0001c4c4   USB_initMemcpy
0001c512   nfcdep__11TagActivitySFPUcUsT1RUs
0001c560   setDiscoverMap__13RFDiscoverMapSFUcT1bT3
0001c5ae   setPupi__4RFIDSFPUcUsT1RUs
0001c5fc   sgPadding__4RFIDSFPUcUsT1RUs
0001c64a   Call__2HWSFUs
0001c696   Init__4GPIOSFv
0001c6e2   TRF797x_initiatorModeSetup__F24t_sTRF797x_InitiatorMode18t_sTRF797x_Bitrate
0001c72e   coreConnClose__14NCICoreHandlerSFPUcUsT1RUs
0001c77a   getUID__9Tag14443BSFPUcRUs
0001c7c6   gre_poll__9Tag14443BSFPUcRUs
0001c812   lmSt_Sleep__17ListenModeHandlerSFv
0001c85e   sgLfProtocolType__4RFIDSFPUcUsT1RUs
0001c8aa   sgSensRes__4RFIDSFPUcUsT1RUs
0001c8f6   tclapduWrapper__6IsoDepSFPUcRUs
0001c942   Call__22NFCEEManagementHandlerSFUcPUcUsT2RUs
0001c98c   convertBaudrateIntegerToBitRateCapability__18ListenModeISO14443SFUcT1RUc
0001c9d6   hwVersion__2HWSFUsPUcRUs
0001ca20   laHistBy__14ConfigurationsSFPUcUsT1RUs
0001ca6a   __fs_cmp
0001cab4   sendFrame__18ListenModeISO14443SFPUcUs
0001cafe   Initialize__17ListenModeHandlerSFv
0001cb46   RF_WriteMailBox
0001cb8e   SetupPacketInterruptHandler
0001cbd6   clearGre__6FELICASFv
0001cc1e   iFrameHandler__6IsoDepSFUsPUcRUs
0001cc66   lmSt_CardEmulator4A__17ListenModeHandlerSFv
0001ccae   run__17ListenModeHandlerSFPUcUsT1RUs
0001ccf6   send__5RFSPISFUcPUcT1b
0001cd3e   usbSetEndpointFeature
0001cd86   CdcResetData
0001cdcc   con_bitr__6FELICASFPUcUsT1RUs
0001ce12   coreInit__14NCICoreHandlerSFPUcUsT1RUs
0001ce58   modeSet__17ListenModeHandlerSFPUcUsT1RUs
0001ce9e   __fs_tou
0001cee4   setNotification__12NotificationSFPUcUs
0001cf2a   Call__8TagTopazSFUsPUcT1T2RUs
0001cf6e   checkCid__18ListenModeISO14443SFPUcUs
0001cfb2   ds_dr_A__18ListenModeISO14443SFPUcUsT1RUs
0001cff6   gre_attrib__9Tag14443BSFPUcRUs
0001d03a   lmSt_RouteToDeviceHost__17ListenModeHandlerSFv
0001d07e   presenceCheck__6IsoDepSFPUcRUs
0001d0c2   send_apdu__6FELICASFPUcUsT1RUs
0001d106   setGetPPi__14NFCRFInterfaceSFPUcUsT1RUs
0001d14a   stateTargetF__16ListenModeNFCDEPSFPUcRUs
0001d18e   DMA_setDstAddress
0001d1d0   cidHandler__18ListenModeISO14443SFPUcUsT1RUs
0001d212   con_devices_limit__11TagActivitySFPUcUsT1RUs
0001d254   directApduIntf__16ListenModeNFCDEPSFPUcUs
0001d296   gre_ats__9Tag14443ASFPUcRUs
0001d2d8   gre_sel_res__9Tag14443ASFPUcRUs
0001d31a   lfT3tMax__14ConfigurationsSFPUcUsT1RUs
0001d35c   rFrameSend__18ListenModeISO14443SFUs
0001d39e   Call__8RFSTIdleSFPUcUsT1RUs
0001d3de   DMA_setSrcAddress
0001d41e   clearGre__9Tag14443ASFv
0001d45e   coreConnCreate__14NCICoreHandlerSFPUcUsT1RUs
0001d49e   directForward__16ListenModeFelicaSFPUcUsUc
0001d4de   __divli
0001d4de   __remli
0001d51e   setDiscoverSelectParam__13ReaderHandlerSFPUcUs
0001d55e   setGetNfcDepSpeed__14NFCRFInterfaceSFPUcUsT1RUs
0001d59e   total_duration__11TagActivitySFPUcUsT1RUs
0001d5de   usbClearEndpointFeature
0001d61e   version__4RFIDSFPUcUsT1RUs
0001d65e   wakeupCompletionNtf__23ListenModeNotificationsSFv
0001d69e   Call__28LoopBackCommunicationHandlerSFPUcUsT1RUs
0001d6dc   __nw__FUl
0001d71a   dataHandler__18ListenModeISO14443SFPUcUsT1RUs
0001d758   getRoutingTable__14LMRoutingTableSFPUcRUc
0001d796   L_LSL_15
0001d79a   L_LSL_14
0001d79e   L_LSL_13
0001d7a2   L_LSL_12
0001d7a6   L_LSL_11
0001d7aa   L_LSL_10
0001d7ae   L_LSL_9
0001d7b2   L_LSL_8
0001d7b6   L_LSL_7
0001d7ba   L_LSL_6
0001d7be   L_LSL_5
0001d7c2   L_LSL_4
0001d7c6   L_LSL_3
0001d7ca   L_LSL_2
0001d7ce   L_LSL_1
0001d7d4   L_LSR_15
0001d7d8   L_LSR_14
0001d7dc   L_LSR_13
0001d7e0   L_LSR_12
0001d7e4   L_LSR_11
0001d7e8   L_LSR_10
0001d7ec   L_LSR_9
0001d7f0   L_LSR_8
0001d7f4   L_LSR_7
0001d7f8   L_LSR_6
0001d7fc   L_LSR_5
0001d800   L_LSR_4
0001d804   L_LSR_3
0001d808   L_LSR_2
0001d80c   L_LSR_1
0001d812   rfSetListenModeRouting__19RFManagementHandlerSFPUcUsT1RUs
0001d850   waitus__FUs
0001d88e   Run__13ReaderHandlerSFPUcUsT1RUs
0001d8ca   callback__4RFIDSFv
0001d906   con_adv_feat__9Tag14443ASFPUcUsT1RUs
0001d942   deactNtf__16ListenModeFelicaSFv
0001d97e   deactivationEvent__19RFManagementHandlerSFv
0001d9ba   lmSt_TargetF__17ListenModeHandlerSFv
0001d9f6   setRetryATNCount__14NFCRFInterfaceSFPUcUsT1RUs
0001da32   setRetryNACKCount__14NFCRFInterfaceSFPUcUsT1RUs
0001da6e   sgAfi__4RFIDSFPUcUsT1RUs
0001daaa   sgLfT3tFlags__4RFIDSFPUcUsT1RUs
0001dae6   sgSelRes__4RFIDSFPUcUsT1RUs
0001db22   stateReadyBDecl__18ListenModeISO14443SFPUcUsT1RUs
0001db5e   Init__2HWSFv
0001dbd2   TRF797x_resetMode__Fv
0001dc0c   lmSt_Error__17ListenModeHandlerSFv
0001dc46   sendCommand__20CommunicationHandlerSFPUcUs
0001dc80   sendMessage__16ListenModeFelicaSFPUcUs
0001dcba   setGetCid__6IsoDepSFPUcUsT1RUs
0001dcf4   OEP0InterruptHandler
0001dd2c   USBCDC_handleDataReceived
0001dd64   confRcByte__11TagActivitySFPUcUsT1RUs
0001dd9c   lmSt_TargetA__17ListenModeHandlerSFv
0001ddd4   resetProtocol__18ListenModeISO14443SFv
0001de0c   sendPendingDepRsp__16ListenModeNFCDEPSFv
0001de44   setTimeouts__4RFIDSFPUcUs
0001de7c   sgNfceeAction__17ListenModeHandlerSFPUcUsT1RUs
0001deb4   DataExchangeActivity__11TagActivitySFPUcUsT1RUs
0001df56   SerialInterface__FPUcUsT1T2
0001df8c   USB_suspend
0001dfc2   __CPR71__dataDispatcher__17ListenModeHandlerSFRQ2_J16J5_infoPUcUs
0001dff8   memcpyV
0001e02e   __fs_itof
0001e064   send_apdu__8Tag15693SFPUcUsT1RUs
0001e09a   send_apdu__8TagTopazSFPUcUsT1RUs
0001e0d0   Init__19ConfigurationSetterSFv
0001e104   bail_out_a__11TagActivitySFPUcUsT1RUs
0001e138   bail_out_b__11TagActivitySFPUcUsT1RUs
0001e16c   con_anticoll__11TagActivitySFPUcUsT1RUs
0001e1a0   piBitRate__11TagActivitySFPUcUsT1RUs
0001e1d4   sendFrame__16ListenModeNFCDEPSFPUcUs
0001e208   StartFC__5TimerFUl
0001e23a   Start__5TimerFUl
0001e26c   TRF797x_setField__F9tExtField
0001e29e   checkRTOX__16ListenModeNFCDEPSFv
0001e2d0   gre_poll__9Tag14443ASFPUcRUs
0001e302   init__5RFSPISFv
0001e334   __fs_ultof
0001e366   sgBitrate__8Tag15693SFPUcUsT1RUs
0001e398   sgLfAdvFeat__4RFIDSFPUcUsT1RUs
0001e3ca   sgLfConBitrF__4RFIDSFPUcUsT1RUs
0001e3fc   suspend__17ListenModeHandlerSFv
0001e42e   Init__7HWTimerSFv
0001e45e   TRF797x_directCommand__FUc
0001e48e   USB_connectionInfo
0001e4be   calcSENSFTimeout__17CalculationHelperSFUcT1
0001e4ee   con_rats__9Tag14443ASFPUcUsT1RUs
0001e51e   dataHandler__16ListenModeFelicaSFPUcUsT1RUs
0001e54e   getGreAtrRes__14NFCRFInterfaceSFPUcRUs
0001e57e   iselapsed__5TimerFv
0001e5ae   stateCardEmulator4A__18ListenModeISO14443SFPUcUsT1RUs
0001e5de   tagAFI__9Tag14443BSFPUcUsT1RUs
0001e60e   tagSensbReqParam__9Tag14443BSFPUcUsT1RUs
0001e63e   waitms__FUs
0001e66e   Call__15CustomInterfaceSFPUcUsT1RUs
0001e69c   Init__12NotificationSFv
0001e6ca   TRF797x_setup__Fv
0001e6f8   __CPR69__search4route__17ListenModeHandlerSFRQ2_J14J5_infoPUcUs
0001e726   __sti___18_host_interface_cpp_89f38bad
0001e754   gre_bitrate__14NFCRFInterfaceSFPUcRUs
0001e782   lmSt_ActiveA__17ListenModeHandlerSFv
0001e7b0   nfcid2changeBack__16ListenModeFelicaSFPUcUs
0001e7de   setACKCount__6IsoDepSFPUcUsT1RUs
0001e80c   setDSLCount__14NFCRFInterfaceSFPUcUsT1RUs
0001e83a   setNAKCount__6IsoDepSFPUcUsT1RUs
0001e868   setRLSCount__14NFCRFInterfaceSFPUcUsT1RUs
0001e896   Init__8HWConfigSFv
0001e8c2   Write__14Host_InterfaceSFPUcUs
0001e8ee   convertBaudrateIntegerToBaudrate__18ListenModeISO14443SFUcRUc
0001e91a   lmSt_CardEmulator3__17ListenModeHandlerSFv
0001e946   lmSt_SleepAF__17ListenModeHandlerSFv
0001e972   __divi
0001e972   __remi
0001e99e   usbGetDeviceStatus
0001e9ca   CdcIsReceiveInProgress
0001e9f4   checkDhTimer__17ListenModeHandlerSFv
0001ea1e   lnAtrGenBytes__14ConfigurationsSFPUcUsT1RUs
0001ea48   memcpy
0001ea72   setProtocolSupport__14LMRoutingTableSFUcT1b
0001ea9c   ticks32__7HWTimerSFv
0001eac6   calcTR2min__17CalculationHelperSFUc
0001eaee   checkWTX__18ListenModeISO14443SFv
0001eb16   lmSt_NoRemoteField__17ListenModeHandlerSFv
0001eb3e   nfceeDiscover__22NFCEEManagementHandlerSFPUcUsT1RUs
0001eb66   rawWrite__5RFSPISFPUcUc
0001eb8e   rfFieldInfoNotification__23ListenModeNotificationsSFb
0001ebb6   TIMER_A_configureContinuousMode
0001ebdc   checkPendingDepRsp__17ListenModeHandlerSFv
0001ec02   checkPendingIFrame__17ListenModeHandlerSFv
0001ec28   checkRTOX__17ListenModeHandlerSFv
0001ec4e   checkTargetActivated__4RFIDSFPUcRUs
0001ec74   checkWTX__17ListenModeHandlerSFv
0001ec9a   errorHandling__6IsoDepSFUsPUcRUs
0001ecc0   gre_bitrate__9Tag14443BSFPUcRUs
0001ece6   lnAtrResConf__16ListenModeNFCDEPSFPUcUsT1RUs
0001ed0c   lnWt__16ListenModeNFCDEPSFPUcUsT1RUs
0001ed32   sendNotification__12NotificationSFPUcUsUc
0001ed58   setDestination__17DataPacketHandlerSFUc
0001ed7e   setNfcId2__14NFCRFInterfaceSFPUcRUs
0001eda4   taAssembling__18ListenModeISO14443SFv
0001edca   usbSetConfiguration
0001edf0   SENSF__6FELICASFUcT1
0001ee14   TRF797x_setTargetSelect__Fb
0001ee38   checkDhWakeup__17ListenModeHandlerSFv
0001ee5c   initTCLAPDU__6IsoDepSFv
0001ee80   lmSt_AtrReadyA__17ListenModeHandlerSFv
0001eea4   lmSt_ReadyF__17ListenModeHandlerSFv
0001eec8   tagInit__9Tag14443BSFv
0001eeec   usbDisableInEndpointInterrupt
0001ef10   usbDisableOutEndpointInterrupt
0001ef34   Call__12StatemachineSFUs
0001ef56   Call__13RFSTDiscoverySFPUcUsT1RUs
0001ef78   Init__14Host_InterfaceSFv
0001ef9a   Init__14LMRoutingTableSFv
0001efbc   getLfT3tMax__4RFIDSFUsPUcRUs
0001efde   __mpyl_f5hw
0001f000   sensfRC__14ConfigurationsSFPUcUsT1RUs
0001f022   setGetDeselectCount__6IsoDepSFPUcUsT1RUs
0001f044   usbSendDataPacketOnEP0
0001f066   __ct__5TimerFv
0001f086   isValueOK__8SettingsSFUcT1
0001f0a6   lmSt_AtrReadyF__17ListenModeHandlerSFv
0001f0c6   lmSt_ReadyBDecl__17ListenModeHandlerSFv
0001f0e6   memset
0001f106   usbSetAddress
0001f126   DeviceDeactivationActivity__11TagActivitySFPUcUsT1RUs
0001f144   DeviceDeactivationActivity__9Tag14443ASFPUcUsT1RUs
0001f162   DeviceDeactivationActivity__9Tag14443BSFPUcUsT1RUs
0001f180   Init__13RFDiscoverMapSFv
0001f19e   Param1__9Tag14443BSFPUcRUs
0001f1bc   coll_pend__11TagActivitySFPUcRUs
0001f1da   connAvailable__17DataPacketHandlerSFv
0001f1f8   get_last_nfcidx_tech__11TagActivitySFPUcRUs
0001f216   gre_bitrate__9Tag14443ASFPUcRUs
0001f234   listenCLTRun__17ListenModeHandlerSFPUcUsT1RUs
0001f252   lmSt_CardEmulator4B__17ListenModeHandlerSFv
0001f270   saveFrame__16ListenModeNFCDEPSFPUcUs
0001f28e   saveFrame__18ListenModeISO14443SFPUcUs
0001f2ac   sendFrame__16ListenModeNFCDEPSFPUcUsT1RUs
0001f2ca   sendFrame__18ListenModeISO14443SFPUcUsT1RUs
0001f2e8   tagAPDU__6FELICASFPUcUsT1RUs
0001f306   tagAPDU__6IsoDepSFPUcUsT1RUs
0001f324   tagAPDU__8TagTopazSFPUcUsT1RUs
0001f342   usbGetInterface
0001f360   usbGetInterfaceStatus
0001f37e   ATTRIB__9Tag14443BSFPUc
0001f39a   IEP0InterruptHandler
0001f3b6   Init__18ListenModeISO14443SFv
0001f3d2   WDT_A_hold
0001f3ee   resetProtocol__16ListenModeNFCDEPSFv
0001f40a   stateCardEmulator4B__18ListenModeISO14443SFPUcUsT1RUs
0001f426   tagInit__9Tag14443ASFv
0001f442   tbAssembling__18ListenModeISO14443SFv
0001f45e   FieldReset__4RFIDSFUs
0001f478   USB_connect
0001f492   bootloaderFlag__17ConfigProprietarySFPUcUsT1RUs
0001f4ac   enableDiscover__22NFCEEManagementHandlerSFPUcRUs
0001f4c6   getDiscoverMap__13RFDiscoverMapSFUsT1
0001f4e0   init__11ApplicationSFv
0001f4fa   nfcdepOpconfig__16ListenModeNFCDEPSFPUcUsT1RUs
0001f514   tcAssembling__18ListenModeISO14443SFv
0001f52e   USB_resume
0001f546   __sti___8_RFID_cpp_533a4125
0001f55e   getPowerState__18NCIPowermanagementSFv
0001f576   setExtField__4GPIOSFb
0001f58e   usbClearDeviceFeature
0001f5a6   usbSetDeviceFeature
0001f5be   __sti___14_DebugPrint_cpp_372aa430
0001f5d4   __sti___16_Notification_cpp_22baeebe
0001f5ea   lmSt_CardEmulator2__17ListenModeHandlerSFv
0001f600   lmSt_PreActivation__17ListenModeHandlerSFv
0001f616   main
0001f62c   resetProtocol__13ReaderHandlerSFv
0001f642   __divu
0001f642   __remu
0001f658   __mpyi_f5hw
0001f66e   usbGetConfigurationDescriptor
0001f684   usbGetDeviceDescriptor
0001f69a   DMA_disableTransfers
0001f6ae   DMA_enableTransfers
0001f6c2   DataExchangeActivity__9Tag14443BSFPUcUsT1RUs
0001f6d6   HFField__4RFIDSFc
0001f6ea   Init__8SettingsSFv
0001f6fe   TRF797x_writeSingle__FUcT1
0001f712   USB_handleVbusOnEvent
0001f726   decrementPni__16ListenModeNFCDEPSFRUc
0001f73a   init__6FELICASFv
0001f74e   modeDetection__4RFIDSFPUcRUs
0001f762   transfer__5RFSPISFUc
0001f776   usbGetConfiguration
0001f78a   usbReceiveDataPacketOnEP0
0001f79e   usbSetControlLineState
0001f7b2   DMA_getInterruptStatus
0001f7c4   DMA_startTransfer
0001f7d6   __sti___17_ReaderHandler_cpp_ddd4e69e
0001f7e8   ackNackFrameHandler__14NFCRFInterfaceSFPUcRUs
0001f7fa   bufferInit__9Tag14443BSFv
0001f80c   dataDispatcherFixed__17ListenModeHandlerSFPUcUs
0001f81e   emptyRoutingTable__14LMRoutingTableSFv
0001f842   read__5RFSPISFUcPUc
0001f854   usbSetInterface
0001f866   write__5RFSPISFUcPUc
0001f878   DMA_setTransferSize
0001f888   Setup14443A_Bitframe__4RFIDSFUc
0001f898   incrementPni__16ListenModeNFCDEPSFRUc
0001f8a8   nfceeConnCreate__25NFCEECommunicationHandlerSFPUcUsT1RUs
0001f8b8   readCont__5RFSPISFUcPUcT1
0001f8c8   run__4RFIDSFv
0001f8d8   setAnyMode__4GPIOSFb
0001f8e8   setCEMode__4GPIOSFb
0001f8f8   setP2PTargetMode__4GPIOSFb
0001f908   setRWMode__4GPIOSFb
0001f918   setSerialRX__4GPIOSFb
0001f928   setSerialTX__4GPIOSFb
0001f938   statusResponse__14MessageHandlerSFUcPUcRUs
0001f948   writeCont__5RFSPISFUcPUcT1
0001f958   UCS_XT2Off
0001f966   USB_handleVbusOffEvent
0001f974   lmSt_cltSession__17ListenModeHandlerSFv
0001f982   usbInvalidRequest
0001f990   usbSendZeroLengthPacketOnIEP0
0001f99e   Call__16RFSTListenActiveSFPUcUsT1RUs
0001f9aa   Dummy__11TagActivitySFUsPUcT1T2RUs
0001f9b6   Stop__5TimerFv
0001f9c2   TRF797x_readCont__FPUcUcT2
0001f9ce   TRF797x_readSingle__FPUcUc
0001f9da   TRF797x_writeCont__FPUcUcT2
0001f9e6   cltGotoHalt__17ListenModeHandlerSFv
0001f9f2   run__2HWSFv
0001f9fe   setSFGI__6IsoDepSFUc
0001fa0a   usbSetLineCoding
0001fa16   DMA_disableTransferDuringReadModifyWrite
0001fa20   DMA_enableTransferDuringReadModifyWrite
0001fa2a   Received__14Host_InterfaceSFv
0001fa34   TRF797x_resetFIFO__Fv
0001fa3e   Timing__4RFIDSFUcUs
0001fa48   __sti___15_TagActivity_cpp_7c03655d
0001fa52   __sti___20_ListenModeNFCDEP_cpp_c3c3dfc4
0001fa5c   __sti___21_ListenModeHandler_cpp_277c574a
0001fa66   __sti___22_ListenModeISO14443_cpp_9930b640
0001fa70   __sti___26_NFCEEManagementHandler_cpp_104db363
0001fa7a   _system_pre_init
0001fa84   cltGotoInit__17ListenModeHandlerSFv
0001fa8e   deleteNotification__12NotificationSFUcb
0001fa98   protocolRun__Fv
0001faa2   I_LSL
0001faac   I_LSR
0001fab6   run__11ApplicationSFv
0001fac0   usbStallEndpoint0
0001faca   Call__14RFSTPollActiveSFPUcUsT1RUs
0001fad2   Init__16ListenModeFelicaSFv
0001fada   USB_setEnabledEvents
0001fae2   resume__17ListenModeHandlerSFv
0001faea   waitBus__5RFSPISFv
0001faf2   DataExchangeActivity__9Tag14443ASFPUcUsT1RUs
0001faf8   RF_getBitframe
0001fafe   Setup14443A_Byteframe__4RFIDSFv
0001fb04   TIMER_A_startCounter
0001fb0a   USB_getVersion
0001fb10   callbackInit__4RFIDSFPFv_b
0001fb16   disableNfcee__22NFCEEManagementHandlerSFUc
0001fb1c   enableNfcee__22NFCEEManagementHandlerSFUc
0001fb22   eventDummySend__17ListenModeHandlerSFPUcUsb
0001fb28   getChainingStatus__17DataPacketHandlerSFv
0001fb2e   lmSt_ReadyBReqU__17ListenModeHandlerSFv
0001fb34   reset__2HWSFv
0001fb3a   setChainingStatus__17DataPacketHandlerSFb
0001fb40   usbClearOEP0ByteCount
0001fb46   usbRestoreInEndpointInterrupt
0001fb4c   usbRestoreOutEndpointInterrupt
0001fb52   usbStallOEP0
0001fb58   BitCollision__4RFIDSFv
0001fb5c   Call__14RFSTHostSelectSFPUcUsT1RUs
0001fb60   Call__15RFSTListenSleepSFPUcUsT1RUs
0001fb64   Call__18RFSTAllDiscoveriesSFPUcUsT1RUs
0001fb68   Call__25NFCEECommunicationHandlerSFPUcUsT1RUsUc
0001fb6c   Call_fw__22NFCEEManagementHandlerSFUsPUcT1T2RUs
0001fb70   USBCDC_handleReceiveCompleted
0001fb74   USBCDC_handleSendCompleted
0001fb78   USBCDC_handleSetControlLineState
0001fb7c   USBCDC_handleSetLineCoding
0001fb80   USB_handleClockEvent
0001fb84   USB_handleEnumCompleteEvent
0001fb88   USB_handleResetEvent
0001fb8c   USB_handleResumeEvent
0001fb90   USB_handleSuspendEvent
0001fb94   C$$EXIT
0001fb94   abort
0001fb98   functionDummy__4RFIDSFv
0001fb9c   getLLCinstance__22NFCEEManagementHandlerSFUc
0001fba0   nfcbDataExchangeConfiguration__19RFManagementHandlerSFPUcUsT1RUs
0001fba4   nfceeConnClose__25NFCEECommunicationHandlerSFUc
0001fba8   piccTimeout__17ConfigProprietarySFPUcUsT1RUs
0001fbac   Init__22NFCEEManagementHandlerSFv
0001fbae   __default_new_handler__Fv
0001fbb0   _nop
0001fbb2   eventDummy__17ListenModeHandlerSFv
0001fbb4   tUsbRequestList
0001fcbe   abromStringDescriptor
0001fda7   abromConfigurationDescriptorGroup
0001fe5a   abromDeviceDescriptor
0001fe6c   stUsbHandle
ffffffff   .text
ffffffff   __binit__
ffffffff   __c_args__
ffffffff   __etext__
ffffffff   __text__
ffffffff   binit
ffffffff   etext

[2023 symbols]
